Component: ARM Compiler 5.06 update 6 (build 750) Tool: armlink [4d35ed]

==============================================================================

Section Cross References

    startup.o(RESET) refers to startup.o(STACK) for StackMem
    startup.o(RESET) refers to uart.o(i.UART0_Handler) for UART0_Handler
    startup.o(RESET) refers to timer.o(i.Timer0A_Handler) for Timer0A_Handler
    startup.o(RESET) refers to timer.o(i.Timer1A_Handler) for Timer1A_Handler
    startup.o(RESET) refers to adc.o(i.Timer2A_Handler) for Timer2A_Handler
    startup.o(RESET) refers to timer.o(i.Timer3A_Handler) for Timer3A_Handler
    startup.o(RESET) refers to os.o(i.Timer5A_Handler) for Timer5A_Handler
    startup.o(RESET) refers to entry.o(.ARM.Collect$$$$00000000) for __main
    st7735.o(i.Output_Clear) refers to st7735.o(i.ST7735_FillScreen) for ST7735_FillScreen
    st7735.o(i.Output_Color) refers to st7735.o(i.ST7735_SetTextColor) for ST7735_SetTextColor
    st7735.o(i.Output_Init) refers to st7735.o(i.ST7735_InitR) for ST7735_InitR
    st7735.o(i.Output_Init) refers to st7735.o(i.ST7735_FillScreen) for ST7735_FillScreen
    st7735.o(i.Output_Off) refers to st7735.o(i.Output_Clear) for Output_Clear
    st7735.o(i.Output_On) refers to st7735.o(i.Output_Init) for Output_Init
    st7735.o(i.ST7735_DrawBitmap) refers to st7735.o(i.setAddrWindow) for setAddrWindow
    st7735.o(i.ST7735_DrawBitmap) refers to st7735.o(i.writedata) for writedata
    st7735.o(i.ST7735_DrawBitmap) refers to st7735.o(.data) for _width
    st7735.o(i.ST7735_DrawChar) refers to st7735.o(i.setAddrWindow) for setAddrWindow
    st7735.o(i.ST7735_DrawChar) refers to st7735.o(i.pushColor) for pushColor
    st7735.o(i.ST7735_DrawChar) refers to st7735.o(.data) for _width
    st7735.o(i.ST7735_DrawChar) refers to st7735.o(.constdata) for Font
    st7735.o(i.ST7735_DrawCharS) refers to st7735.o(i.ST7735_DrawPixel) for ST7735_DrawPixel
    st7735.o(i.ST7735_DrawCharS) refers to st7735.o(i.ST7735_FillRect) for ST7735_FillRect
    st7735.o(i.ST7735_DrawCharS) refers to st7735.o(.data) for _width
    st7735.o(i.ST7735_DrawCharS) refers to st7735.o(.constdata) for Font
    st7735.o(i.ST7735_DrawFastHLine) refers to st7735.o(i.setAddrWindow) for setAddrWindow
    st7735.o(i.ST7735_DrawFastHLine) refers to st7735.o(i.writedata) for writedata
    st7735.o(i.ST7735_DrawFastHLine) refers to st7735.o(.data) for _width
    st7735.o(i.ST7735_DrawFastVLine) refers to st7735.o(i.setAddrWindow) for setAddrWindow
    st7735.o(i.ST7735_DrawFastVLine) refers to st7735.o(i.writedata) for writedata
    st7735.o(i.ST7735_DrawFastVLine) refers to st7735.o(.data) for _width
    st7735.o(i.ST7735_DrawPixel) refers to st7735.o(i.setAddrWindow) for setAddrWindow
    st7735.o(i.ST7735_DrawPixel) refers to st7735.o(i.pushColor) for pushColor
    st7735.o(i.ST7735_DrawPixel) refers to st7735.o(.data) for _width
    st7735.o(i.ST7735_DrawString) refers to st7735.o(i.ST7735_DrawCharS) for ST7735_DrawCharS
    st7735.o(i.ST7735_FillRect) refers to st7735.o(i.setAddrWindow) for setAddrWindow
    st7735.o(i.ST7735_FillRect) refers to st7735.o(i.writedata) for writedata
    st7735.o(i.ST7735_FillRect) refers to st7735.o(.data) for _width
    st7735.o(i.ST7735_FillScreen) refers to st7735.o(i.ST7735_FillRect) for ST7735_FillRect
    st7735.o(i.ST7735_FillScreen) refers to st7735.o(.data) for _height
    st7735.o(i.ST7735_InitB) refers to st7735.o(i.commonInit) for commonInit
    st7735.o(i.ST7735_InitB) refers to st7735.o(i.ST7735_SetCursor) for ST7735_SetCursor
    st7735.o(i.ST7735_InitB) refers to st7735.o(i.ST7735_FillScreen) for ST7735_FillScreen
    st7735.o(i.ST7735_InitB) refers to st7735.o(.constdata) for Bcmd
    st7735.o(i.ST7735_InitB) refers to st7735.o(.data) for StTextColor
    st7735.o(i.ST7735_InitR) refers to st7735.o(i.commonInit) for commonInit
    st7735.o(i.ST7735_InitR) refers to st7735.o(i.commandList) for commandList
    st7735.o(i.ST7735_InitR) refers to st7735.o(i.writecommand) for writecommand
    st7735.o(i.ST7735_InitR) refers to st7735.o(i.writedata) for writedata
    st7735.o(i.ST7735_InitR) refers to st7735.o(i.ST7735_SetCursor) for ST7735_SetCursor
    st7735.o(i.ST7735_InitR) refers to st7735.o(i.ST7735_FillScreen) for ST7735_FillScreen
    st7735.o(i.ST7735_InitR) refers to st7735.o(.constdata) for Rcmd1
    st7735.o(i.ST7735_InitR) refers to st7735.o(.data) for ColStart
    st7735.o(i.ST7735_InvertDisplay) refers to st7735.o(i.writecommand) for writecommand
    st7735.o(i.ST7735_Message) refers to st7735.o(i.ST7735_SetCursor) for ST7735_SetCursor
    st7735.o(i.ST7735_Message) refers to st7735.o(i.ST7735_OutString) for ST7735_OutString
    st7735.o(i.ST7735_Message) refers to st7735.o(i.ST7735_OutChar) for ST7735_OutChar
    st7735.o(i.ST7735_Message) refers to st7735.o(i.ST7735_OutUDec) for ST7735_OutUDec
    st7735.o(i.ST7735_OutChar) refers to st7735.o(i.ST7735_DrawString) for ST7735_DrawString
    st7735.o(i.ST7735_OutChar) refers to st7735.o(i.ST7735_DrawCharS) for ST7735_DrawCharS
    st7735.o(i.ST7735_OutChar) refers to st7735.o(.data) for StY
    st7735.o(i.ST7735_OutString) refers to st7735.o(i.ST7735_OutChar) for ST7735_OutChar
    st7735.o(i.ST7735_OutUDec) refers to st7735.o(i.fillmessage) for fillmessage
    st7735.o(i.ST7735_OutUDec) refers to st7735.o(i.ST7735_DrawString) for ST7735_DrawString
    st7735.o(i.ST7735_OutUDec) refers to st7735.o(i.ST7735_DrawCharS) for ST7735_DrawCharS
    st7735.o(i.ST7735_OutUDec) refers to st7735.o(.data) for Messageindex
    st7735.o(i.ST7735_OutUDec) refers to st7735.o(.bss) for Message
    st7735.o(i.ST7735_OutUDec4) refers to st7735.o(i.fillmessage4) for fillmessage4
    st7735.o(i.ST7735_OutUDec4) refers to st7735.o(i.ST7735_DrawString) for ST7735_DrawString
    st7735.o(i.ST7735_OutUDec4) refers to st7735.o(i.ST7735_DrawCharS) for ST7735_DrawCharS
    st7735.o(i.ST7735_OutUDec4) refers to st7735.o(.data) for Messageindex
    st7735.o(i.ST7735_OutUDec4) refers to st7735.o(.bss) for Message
    st7735.o(i.ST7735_OutUDec5) refers to st7735.o(i.fillmessage5) for fillmessage5
    st7735.o(i.ST7735_OutUDec5) refers to st7735.o(i.ST7735_DrawString) for ST7735_DrawString
    st7735.o(i.ST7735_OutUDec5) refers to st7735.o(i.ST7735_DrawCharS) for ST7735_DrawCharS
    st7735.o(i.ST7735_OutUDec5) refers to st7735.o(.data) for Messageindex
    st7735.o(i.ST7735_OutUDec5) refers to st7735.o(.bss) for Message
    st7735.o(i.ST7735_PlotBar) refers to st7735.o(i.ST7735_DrawFastVLine) for ST7735_DrawFastVLine
    st7735.o(i.ST7735_PlotBar) refers to st7735.o(.data) for Ymin
    st7735.o(i.ST7735_PlotClear) refers to st7735.o(i.ST7735_Color565) for ST7735_Color565
    st7735.o(i.ST7735_PlotClear) refers to st7735.o(i.ST7735_FillRect) for ST7735_FillRect
    st7735.o(i.ST7735_PlotClear) refers to st7735.o(.data) for Ymax
    st7735.o(i.ST7735_PlotLine) refers to st7735.o(i.ST7735_DrawPixel) for ST7735_DrawPixel
    st7735.o(i.ST7735_PlotLine) refers to st7735.o(.data) for Ymin
    st7735.o(i.ST7735_PlotNext) refers to st7735.o(.data) for X
    st7735.o(i.ST7735_PlotNextErase) refers to st7735.o(i.ST7735_Color565) for ST7735_Color565
    st7735.o(i.ST7735_PlotNextErase) refers to st7735.o(i.ST7735_DrawFastVLine) for ST7735_DrawFastVLine
    st7735.o(i.ST7735_PlotNextErase) refers to st7735.o(.data) for X
    st7735.o(i.ST7735_PlotPoint) refers to st7735.o(i.ST7735_DrawPixel) for ST7735_DrawPixel
    st7735.o(i.ST7735_PlotPoint) refers to st7735.o(.data) for Ymin
    st7735.o(i.ST7735_PlotPoints) refers to st7735.o(i.ST7735_DrawPixel) for ST7735_DrawPixel
    st7735.o(i.ST7735_PlotPoints) refers to st7735.o(.data) for Ymin
    st7735.o(i.ST7735_PlotdBfs) refers to st7735.o(i.ST7735_DrawFastVLine) for ST7735_DrawFastVLine
    st7735.o(i.ST7735_PlotdBfs) refers to st7735.o(.constdata) for dBfs
    st7735.o(i.ST7735_PlotdBfs) refers to st7735.o(.data) for X
    st7735.o(i.ST7735_SetCursor) refers to st7735.o(.data) for StX
    st7735.o(i.ST7735_SetRotation) refers to st7735.o(i.writecommand) for writecommand
    st7735.o(i.ST7735_SetRotation) refers to st7735.o(i.writedata) for writedata
    st7735.o(i.ST7735_SetRotation) refers to st7735.o(.data) for Rotation
    st7735.o(i.ST7735_SetTextColor) refers to st7735.o(.data) for StTextColor
    st7735.o(i.commandList) refers to st7735.o(i.writecommand) for writecommand
    st7735.o(i.commandList) refers to st7735.o(i.writedata) for writedata
    st7735.o(i.commandList) refers to st7735.o(i.Delay1ms) for Delay1ms
    st7735.o(i.commonInit) refers to st7735.o(i.Delay1ms) for Delay1ms
    st7735.o(i.commonInit) refers to st7735.o(i.commandList) for commandList
    st7735.o(i.commonInit) refers to st7735.o(.data) for RowStart
    st7735.o(i.fillmessage) refers to st7735.o(.bss) for Message
    st7735.o(i.fillmessage) refers to st7735.o(.data) for Messageindex
    st7735.o(i.fillmessage4) refers to st7735.o(i.fillmessage) for fillmessage
    st7735.o(i.fillmessage4) refers to st7735.o(.data) for Messageindex
    st7735.o(i.fillmessage4) refers to st7735.o(.bss) for Message
    st7735.o(i.fillmessage5) refers to st7735.o(i.fillmessage) for fillmessage
    st7735.o(i.fillmessage5) refers to st7735.o(.data) for Messageindex
    st7735.o(i.fillmessage5) refers to st7735.o(.bss) for Message
    st7735.o(i.fputc) refers to st7735.o(i.ST7735_OutChar) for ST7735_OutChar
    st7735.o(i.pushColor) refers to st7735.o(i.writedata) for writedata
    st7735.o(i.setAddrWindow) refers to st7735.o(i.writecommand) for writecommand
    st7735.o(i.setAddrWindow) refers to st7735.o(i.writedata) for writedata
    st7735.o(i.setAddrWindow) refers to st7735.o(.data) for ColStart
    sensorboardtestmain.o(i.main) refers to pll.o(i.PLL_Init) for PLL_Init
    sensorboardtestmain.o(i.main) refers to board.o(i.Board_Init) for Board_Init
    sensorboardtestmain.o(i.main) refers to st7735.o(i.ST7735_InitR) for ST7735_InitR
    sensorboardtestmain.o(i.main) refers to uart.o(i.UART_Init) for UART_Init
    sensorboardtestmain.o(i.main) refers to uart.o(i.OutCRLF) for OutCRLF
    sensorboardtestmain.o(i.main) refers to os.o(i.OS_AddPeriodicThread) for OS_AddPeriodicThread
    sensorboardtestmain.o(i.main) refers to uart.o(i.UART_OutString) for UART_OutString
    sensorboardtestmain.o(i.main) refers to uart.o(i.UART_InString) for UART_InString
    sensorboardtestmain.o(i.main) refers to cmdline.o(i.CmdLineProcess) for CmdLineProcess
    sensorboardtestmain.o(i.main) refers to sensorboardtestmain.o(i.dummy) for dummy
    sensorboardtestmain.o(i.main0001) refers to pll.o(i.PLL_Init) for PLL_Init
    sensorboardtestmain.o(i.main0001) refers to board.o(i.Board_Init) for Board_Init
    sensorboardtestmain.o(i.main0001) refers to st7735.o(i.ST7735_InitR) for ST7735_InitR
    sensorboardtestmain.o(i.main0001) refers to st7735.o(i.ST7735_Message) for ST7735_Message
    sensorboardtestmain.o(i.main01) refers to pll.o(i.PLL_Init) for PLL_Init
    sensorboardtestmain.o(i.main01) refers to board.o(i.Board_Init) for Board_Init
    sensorboardtestmain.o(i.main01) refers to st7735.o(i.ST7735_InitR) for ST7735_InitR
    sensorboardtestmain.o(i.main01) refers to st7735.o(i.ST7735_FillScreen) for ST7735_FillScreen
    sensorboardtestmain.o(i.main01) refers to st7735.o(i.ST7735_Message) for ST7735_Message
    sensorboardtestmain.o(i.main01) refers to adc.o(i.ADC_Collect) for ADC_Collect
    sensorboardtestmain.o(i.main01) refers to adc.o(i.ADC_Status) for ADC_Status
    sensorboardtestmain.o(i.main03) refers to pll.o(i.PLL_Init) for PLL_Init
    sensorboardtestmain.o(i.main03) refers to board.o(i.Board_Init) for Board_Init
    sensorboardtestmain.o(i.main03) refers to uart.o(i.UART_Init) for UART_Init
    sensorboardtestmain.o(i.main03) refers to uart.o(i.OutCRLF) for OutCRLF
    sensorboardtestmain.o(i.main03) refers to uart.o(i.UART_OutString) for UART_OutString
    sensorboardtestmain.o(i.main03) refers to uart.o(i.UART_OutChar) for UART_OutChar
    sensorboardtestmain.o(i.main03) refers to uart.o(i.UART_InString) for UART_InString
    sensorboardtestmain.o(i.main03) refers to uart.o(i.UART_InUDec) for UART_InUDec
    sensorboardtestmain.o(i.main03) refers to uart.o(i.UART_OutUDec) for UART_OutUDec
    sensorboardtestmain.o(i.main03) refers to uart.o(i.UART_InUHex) for UART_InUHex
    sensorboardtestmain.o(i.main03) refers to uart.o(i.UART_OutUHex) for UART_OutUHex
    sensorboardtestmain.o(i.main1) refers to pll.o(i.PLL_Init) for PLL_Init
    sensorboardtestmain.o(i.main1) refers to board.o(i.Board_Init) for Board_Init
    sensorboardtestmain.o(i.main1) refers to timer.o(i.Timer0_Init) for Timer0_Init
    sensorboardtestmain.o(i.main1) refers to timer.o(i.Timer1_Init) for Timer1_Init
    sensorboardtestmain.o(i.main1) refers to timer.o(i.Timer3_Init) for Timer3_Init
    sensorboardtestmain.o(i.main1) refers to st7735.o(i.ST7735_InitR) for ST7735_InitR
    sensorboardtestmain.o(i.main1) refers to st7735.o(i.ST7735_DrawString) for ST7735_DrawString
    sensorboardtestmain.o(i.main1) refers to sensorboardtestmain.o(i.DelayWait10ms) for DelayWait10ms
    sensorboardtestmain.o(i.main1) refers to board.o(i.Board_Input) for Board_Input
    sensorboardtestmain.o(i.main1) refers to adcswtrigger.o(i.ADC_Init3210) for ADC_Init3210
    sensorboardtestmain.o(i.main1) refers to startup.o(.text) for EnableInterrupts
    sensorboardtestmain.o(i.main1) refers to timer.o(i.Timer0_StartPing) for Timer0_StartPing
    sensorboardtestmain.o(i.main1) refers to timer.o(i.Timer1_StartPing) for Timer1_StartPing
    sensorboardtestmain.o(i.main1) refers to timer.o(i.Timer3_StartPing) for Timer3_StartPing
    sensorboardtestmain.o(i.main1) refers to timer.o(i.Timer0_StartHCSR04) for Timer0_StartHCSR04
    sensorboardtestmain.o(i.main1) refers to timer.o(i.Timer1_StartHCSR04) for Timer1_StartHCSR04
    sensorboardtestmain.o(i.main1) refers to timer.o(i.Timer3_StartHCSR04) for Timer3_StartHCSR04
    sensorboardtestmain.o(i.main1) refers to adcswtrigger.o(i.ADC_In3210) for ADC_In3210
    sensorboardtestmain.o(i.main1) refers to st7735.o(i.ST7735_SetCursor) for ST7735_SetCursor
    sensorboardtestmain.o(i.main1) refers to adcswtrigger.o(i.ADC2millimeter) for ADC2millimeter
    sensorboardtestmain.o(i.main1) refers to st7735.o(i.ST7735_OutUDec4) for ST7735_OutUDec4
    sensorboardtestmain.o(i.main1) refers to st7735.o(i.ST7735_OutString) for ST7735_OutString
    sensorboardtestmain.o(i.main1) refers to timer.o(i.Timer0_Read) for Timer0_Read
    sensorboardtestmain.o(i.main1) refers to timer.o(i.Cycles2millimeter) for Cycles2millimeter
    sensorboardtestmain.o(i.main1) refers to st7735.o(i.ST7735_OutUDec5) for ST7735_OutUDec5
    sensorboardtestmain.o(i.main1) refers to timer.o(i.Timer1_Read) for Timer1_Read
    sensorboardtestmain.o(i.main1) refers to timer.o(i.Timer3_Read) for Timer3_Read
    sensorboardtestmain.o(i.main1) refers to sensorboardtestmain.o(.data) for PingType
    sensorboardtestmain.o(i.main1) refers to sensorboardtestmain.o(.bss) for IRdata
    timer.o(i.Timer0A_Handler) refers to timer.o(.data) for Timer0First
    timer.o(i.Timer0_Init) refers to timer.o(.data) for Timer0Pulse
    timer.o(i.Timer0_Read) refers to timer.o(.data) for Timer0Done
    timer.o(i.Timer0_StartHCSR04) refers to timer.o(i.DelayWait10us) for DelayWait10us
    timer.o(i.Timer0_StartHCSR04) refers to timer.o(.data) for Timer0Done
    timer.o(i.Timer0_StartPing) refers to timer.o(i.DelayWait5us) for DelayWait5us
    timer.o(i.Timer0_StartPing) refers to timer.o(.data) for Timer0Done
    timer.o(i.Timer1A_Handler) refers to timer.o(.data) for Timer1First
    timer.o(i.Timer1_Init) refers to timer.o(.data) for Timer1Pulse
    timer.o(i.Timer1_Read) refers to timer.o(.data) for Timer1Done
    timer.o(i.Timer1_StartHCSR04) refers to timer.o(i.DelayWait10us) for DelayWait10us
    timer.o(i.Timer1_StartHCSR04) refers to timer.o(.data) for Timer1Done
    timer.o(i.Timer1_StartPing) refers to timer.o(i.DelayWait5us) for DelayWait5us
    timer.o(i.Timer1_StartPing) refers to timer.o(.data) for Timer1Done
    timer.o(i.Timer3A_Handler) refers to timer.o(.data) for Timer3First
    timer.o(i.Timer3_Init) refers to timer.o(.data) for Timer3Pulse
    timer.o(i.Timer3_Read) refers to timer.o(.data) for Timer3Done
    timer.o(i.Timer3_StartHCSR04) refers to timer.o(i.DelayWait10us) for DelayWait10us
    timer.o(i.Timer3_StartHCSR04) refers to timer.o(.data) for Timer3Done
    timer.o(i.Timer3_StartPing) refers to timer.o(i.DelayWait5us) for DelayWait5us
    timer.o(i.Timer3_StartPing) refers to timer.o(.data) for Timer3Done
    adc.o(i.ADC_Collect) refers to adc.o(i.ADC_Open) for ADC_Open
    adc.o(i.ADC_Collect) refers to startup.o(.text) for DisableInterrupts
    adc.o(i.ADC_Collect) refers to timer.o(i.Timer2_Init) for Timer2_Init
    adc.o(i.ADC_Collect) refers to adc.o(.data) for status
    adc.o(i.ADC_In) refers to adc.o(.data) for channel
    adc.o(i.ADC_Open) refers to adcswtrigger.o(i.ADC0_InitSWTriggerSeq3) for ADC0_InitSWTriggerSeq3
    adc.o(i.ADC_Open) refers to adc.o(.data) for channel
    adc.o(i.ADC_Status) refers to adc.o(.data) for status
    adc.o(i.Timer2A_Handler) refers to adc.o(i.ADC_In) for ADC_In
    adc.o(i.Timer2A_Handler) refers to adc.o(.data) for sampleCounter
    os.o(i.OS_AddPeriodicThread) refers to os.o(.data) for PeriodicTask
    os.o(i.OS_ClearPeriodicTime) refers to os.o(.data) for OS_counter
    os.o(i.OS_ReadPeriodicTime) refers to os.o(.data) for OS_counter
    os.o(i.Timer5A_Handler) refers to os.o(.data) for OS_counter
    cmdline.o(i.CmdLineProcess) refers to uart.o(i.UART_OutString) for UART_OutString
    cmdline.o(i.CmdLineProcess) refers to strcmp.o(.text) for strcmp
    cmdline.o(i.CmdLineProcess) refers to cmdline.o(.bss) for g_ppcArgv
    cmdline.o(i.CmdLineProcess) refers to cmdline.o(.data) for g_psCmdTable
    cmdline.o(i.adcCall) refers to uart.o(i.UART_OutString) for UART_OutString
    cmdline.o(i.adcCall) refers to strcmp.o(.text) for strcmp
    cmdline.o(i.adcCall) refers to uart.o(i.OutCRLF) for OutCRLF
    cmdline.o(i.adcCall) refers to adc.o(i.ADC_In) for ADC_In
    cmdline.o(i.adcCall) refers to uart.o(i.UART_OutUDec) for UART_OutUDec
    cmdline.o(i.adcCall) refers to adc.o(i.ADC_Status) for ADC_Status
    cmdline.o(i.adcCall) refers to cmdline.o(i.parseNumber) for parseNumber
    cmdline.o(i.adcCall) refers to adc.o(i.ADC_Open) for ADC_Open
    cmdline.o(i.adcCall) refers to dflti.o(.text) for __aeabi_i2d
    cmdline.o(i.adcCall) refers to pow.o(i.pow) for pow
    cmdline.o(i.adcCall) refers to dmul.o(.text) for __aeabi_dmul
    cmdline.o(i.adcCall) refers to dfixui.o(.text) for __aeabi_d2uiz
    cmdline.o(i.adcCall) refers to adc.o(i.ADC_Collect) for ADC_Collect
    cmdline.o(i.lcdCall) refers to uart.o(i.OutCRLF) for OutCRLF
    cmdline.o(i.lcdCall) refers to uart.o(i.UART_OutString) for UART_OutString
    cmdline.o(i.lcdCall) refers to cmdline.o(i.parseNumber) for parseNumber
    cmdline.o(i.lcdCall) refers to strlen.o(.text) for strlen
    cmdline.o(i.lcdCall) refers to st7735.o(i.ST7735_Message) for ST7735_Message
    cmdline.o(i.osCall) refers to uart.o(i.OutCRLF) for OutCRLF
    cmdline.o(i.osCall) refers to uart.o(i.UART_OutString) for UART_OutString
    cmdline.o(i.osCall) refers to strcmp.o(.text) for strcmp
    cmdline.o(i.osCall) refers to os.o(i.OS_ClearPeriodicTime) for OS_ClearPeriodicTime
    cmdline.o(i.osCall) refers to strncmp.o(.text) for strncmp
    cmdline.o(i.osCall) refers to os.o(i.OS_ReadPeriodicTime) for OS_ReadPeriodicTime
    cmdline.o(i.osCall) refers to uart.o(i.UART_OutUDec) for UART_OutUDec
    cmdline.o(i.parseNumber) refers to strlen.o(.text) for strlen
    cmdline.o(i.parseNumber) refers to uart.o(i.OutCRLF) for OutCRLF
    cmdline.o(i.parseNumber) refers to uart.o(i.UART_OutString) for UART_OutString
    cmdline.o(.data) refers to cmdline.o(.conststring) for .conststring
    cmdline.o(.data) refers to cmdline.o(i.lcdCall) for lcdCall
    cmdline.o(.data) refers to cmdline.o(i.adcCall) for adcCall
    cmdline.o(.data) refers to cmdline.o(i.osCall) for osCall
    uart.o(i.OutCRLF) refers to uart.o(i.UART_OutChar) for UART_OutChar
    uart.o(i.RxFifo_Get) refers to uart.o(.data) for RxPutI
    uart.o(i.RxFifo_Get) refers to uart.o(.bss) for RxFifo
    uart.o(i.RxFifo_Init) refers to startup.o(.text) for StartCritical
    uart.o(i.RxFifo_Init) refers to uart.o(.data) for RxGetI
    uart.o(i.RxFifo_Put) refers to uart.o(.data) for RxPutI
    uart.o(i.RxFifo_Put) refers to uart.o(.bss) for RxFifo
    uart.o(i.RxFifo_Size) refers to uart.o(.data) for RxPutI
    uart.o(i.TxFifo_Get) refers to uart.o(.data) for TxPutI
    uart.o(i.TxFifo_Get) refers to uart.o(.bss) for TxFifo
    uart.o(i.TxFifo_Init) refers to startup.o(.text) for StartCritical
    uart.o(i.TxFifo_Init) refers to uart.o(.data) for TxGetI
    uart.o(i.TxFifo_Put) refers to uart.o(.data) for TxPutI
    uart.o(i.TxFifo_Put) refers to uart.o(.bss) for TxFifo
    uart.o(i.TxFifo_Size) refers to uart.o(.data) for TxPutI
    uart.o(i.UART0_Handler) refers to uart.o(i.copySoftwareToHardware) for copySoftwareToHardware
    uart.o(i.UART0_Handler) refers to uart.o(i.TxFifo_Size) for TxFifo_Size
    uart.o(i.UART0_Handler) refers to uart.o(i.copyHardwareToSoftware) for copyHardwareToSoftware
    uart.o(i.UART_InChar) refers to uart.o(i.RxFifo_Get) for RxFifo_Get
    uart.o(i.UART_InString) refers to uart.o(i.UART_InChar) for UART_InChar
    uart.o(i.UART_InString) refers to uart.o(i.UART_OutChar) for UART_OutChar
    uart.o(i.UART_InUDec) refers to uart.o(i.UART_InChar) for UART_InChar
    uart.o(i.UART_InUDec) refers to uart.o(i.UART_OutChar) for UART_OutChar
    uart.o(i.UART_InUHex) refers to uart.o(i.UART_InChar) for UART_InChar
    uart.o(i.UART_InUHex) refers to uart.o(i.UART_OutChar) for UART_OutChar
    uart.o(i.UART_Init) refers to uart.o(i.RxFifo_Init) for RxFifo_Init
    uart.o(i.UART_Init) refers to uart.o(i.TxFifo_Init) for TxFifo_Init
    uart.o(i.UART_Init) refers to startup.o(.text) for EnableInterrupts
    uart.o(i.UART_OutChar) refers to uart.o(i.TxFifo_Put) for TxFifo_Put
    uart.o(i.UART_OutChar) refers to uart.o(i.copySoftwareToHardware) for copySoftwareToHardware
    uart.o(i.UART_OutString) refers to uart.o(i.UART_OutChar) for UART_OutChar
    uart.o(i.UART_OutUDec) refers to uart.o(i.UART_OutChar) for UART_OutChar
    uart.o(i.UART_OutUHex) refers to uart.o(i.UART_OutChar) for UART_OutChar
    uart.o(i.copyHardwareToSoftware) refers to uart.o(i.RxFifo_Put) for RxFifo_Put
    uart.o(i.copyHardwareToSoftware) refers to uart.o(i.RxFifo_Size) for RxFifo_Size
    uart.o(i.copySoftwareToHardware) refers to uart.o(i.TxFifo_Get) for TxFifo_Get
    uart.o(i.copySoftwareToHardware) refers to uart.o(i.TxFifo_Size) for TxFifo_Size
    pow.o(i.__softfp_pow) refers (Special) to iusefp.o(.text) for __I$use$fp
    pow.o(i.__softfp_pow) refers to pow.o(i.pow) for pow
    pow.o(i.pow) refers (Special) to iusefp.o(.text) for __I$use$fp
    pow.o(i.pow) refers to dunder.o(i.__mathlib_dbl_infnan2) for __mathlib_dbl_infnan2
    pow.o(i.pow) refers to errno.o(i.__set_errno) for __set_errno
    pow.o(i.pow) refers to dunder.o(i.__mathlib_dbl_divzero) for __mathlib_dbl_divzero
    pow.o(i.pow) refers to ddiv.o(.text) for __aeabi_ddiv
    pow.o(i.pow) refers to sqrt.o(i.sqrt) for sqrt
    pow.o(i.pow) refers to dmul.o(.text) for __aeabi_dmul
    pow.o(i.pow) refers to dflti.o(.text) for __aeabi_i2d
    pow.o(i.pow) refers to dunder.o(i.__mathlib_dbl_invalid) for __mathlib_dbl_invalid
    pow.o(i.pow) refers to dunder.o(i.__mathlib_dbl_overflow) for __mathlib_dbl_overflow
    pow.o(i.pow) refers to dunder.o(i.__mathlib_dbl_underflow) for __mathlib_dbl_underflow
    pow.o(i.pow) refers to dadd.o(.text) for __aeabi_dsub
    pow.o(i.pow) refers to dscalb.o(.text) for __ARM_scalbn
    pow.o(i.pow) refers to qnan.o(.constdata) for __mathlib_zero
    pow.o(i.pow) refers to poly.o(i.__kernel_poly) for __kernel_poly
    pow.o(i.pow) refers to cdrcmple.o(.text) for __aeabi_cdrcmple
    pow.o(i.pow) refers to pow.o(.constdata) for .constdata
    pow.o(i.pow) refers to fpclassify.o(i.__ARM_fpclassify) for __ARM_fpclassify
    pow.o(.constdata) refers (Special) to iusefp.o(.text) for __I$use$fp
    pow_x.o(i.____softfp_pow$lsc) refers (Special) to iusefp.o(.text) for __I$use$fp
    pow_x.o(i.____softfp_pow$lsc) refers to pow_x.o(i.__pow$lsc) for __pow$lsc
    pow_x.o(i.__pow$lsc) refers (Special) to iusefp.o(.text) for __I$use$fp
    pow_x.o(i.__pow$lsc) refers to dunder.o(i.__mathlib_dbl_infnan2) for __mathlib_dbl_infnan2
    pow_x.o(i.__pow$lsc) refers to errno.o(i.__set_errno) for __set_errno
    pow_x.o(i.__pow$lsc) refers to ddiv.o(.text) for __aeabi_ddiv
    pow_x.o(i.__pow$lsc) refers to sqrt.o(i.sqrt) for sqrt
    pow_x.o(i.__pow$lsc) refers to dmul.o(.text) for __aeabi_dmul
    pow_x.o(i.__pow$lsc) refers to dflti.o(.text) for __aeabi_i2d
    pow_x.o(i.__pow$lsc) refers to dadd.o(.text) for __aeabi_dsub
    pow_x.o(i.__pow$lsc) refers to dscalb.o(.text) for __ARM_scalbn
    pow_x.o(i.__pow$lsc) refers to qnan.o(.constdata) for __mathlib_zero
    pow_x.o(i.__pow$lsc) refers to poly.o(i.__kernel_poly) for __kernel_poly
    pow_x.o(i.__pow$lsc) refers to cdrcmple.o(.text) for __aeabi_cdrcmple
    pow_x.o(i.__pow$lsc) refers to pow_x.o(.constdata) for .constdata
    pow_x.o(.constdata) refers (Special) to iusefp.o(.text) for __I$use$fp
    entry.o(.ARM.Collect$$$$00000000) refers (Special) to entry10a.o(.ARM.Collect$$$$0000000D) for __rt_final_cpp
    entry.o(.ARM.Collect$$$$00000000) refers (Special) to entry11a.o(.ARM.Collect$$$$0000000F) for __rt_final_exit
    entry.o(.ARM.Collect$$$$00000000) refers (Special) to entry7b.o(.ARM.Collect$$$$00000008) for _main_clock
    entry.o(.ARM.Collect$$$$00000000) refers (Special) to entry8b.o(.ARM.Collect$$$$0000000A) for _main_cpp_init
    entry.o(.ARM.Collect$$$$00000000) refers (Special) to entry9a.o(.ARM.Collect$$$$0000000B) for _main_init
    entry.o(.ARM.Collect$$$$00000000) refers (Special) to entry5.o(.ARM.Collect$$$$00000004) for _main_scatterload
    entry.o(.ARM.Collect$$$$00000000) refers (Special) to entry2.o(.ARM.Collect$$$$00000001) for _main_stk
    dmul.o(.text) refers (Special) to iusefp.o(.text) for __I$use$fp
    dmul.o(.text) refers to depilogue.o(.text) for _double_epilogue
    dflti.o(.text) refers (Special) to iusefp.o(.text) for __I$use$fp
    dflti.o(.text) refers to depilogue.o(.text) for _double_epilogue
    dfixui.o(.text) refers (Special) to iusefp.o(.text) for __I$use$fp
    dfixui.o(.text) refers to llushr.o(.text) for __aeabi_llsr
    dunder.o(i.__mathlib_dbl_divzero) refers to ddiv.o(.text) for __aeabi_ddiv
    dunder.o(i.__mathlib_dbl_infnan) refers to dscalb.o(.text) for __ARM_scalbn
    dunder.o(i.__mathlib_dbl_infnan2) refers to dadd.o(.text) for __aeabi_dadd
    dunder.o(i.__mathlib_dbl_invalid) refers to ddiv.o(.text) for __aeabi_ddiv
    dunder.o(i.__mathlib_dbl_overflow) refers to dscalb.o(.text) for __ARM_scalbn
    dunder.o(i.__mathlib_dbl_posinfnan) refers to dmul.o(.text) for __aeabi_dmul
    dunder.o(i.__mathlib_dbl_underflow) refers to dscalb.o(.text) for __ARM_scalbn
    fpclassify.o(i.__ARM_fpclassify) refers (Special) to iusefp.o(.text) for __I$use$fp
    poly.o(i.__kernel_poly) refers (Special) to iusefp.o(.text) for __I$use$fp
    poly.o(i.__kernel_poly) refers to dmul.o(.text) for __aeabi_dmul
    poly.o(i.__kernel_poly) refers to dadd.o(.text) for __aeabi_dadd
    qnan.o(.constdata) refers (Special) to iusefp.o(.text) for __I$use$fp
    sqrt.o(i.__softfp_sqrt) refers (Special) to iusefp.o(.text) for __I$use$fp
    sqrt.o(i.__softfp_sqrt) refers to dsqrt.o(.text) for _dsqrt
    sqrt.o(i.__softfp_sqrt) refers to errno.o(i.__set_errno) for __set_errno
    sqrt.o(i.sqrt) refers (Special) to iusefp.o(.text) for __I$use$fp
    sqrt.o(i.sqrt) refers to dsqrt.o(.text) for _dsqrt
    sqrt.o(i.sqrt) refers to errno.o(i.__set_errno) for __set_errno
    sqrt_x.o(i.____softfp_sqrt$lsc) refers (Special) to iusefp.o(.text) for __I$use$fp
    sqrt_x.o(i.____softfp_sqrt$lsc) refers to cdcmple.o(.text) for __aeabi_cdcmple
    sqrt_x.o(i.____softfp_sqrt$lsc) refers to errno.o(i.__set_errno) for __set_errno
    sqrt_x.o(i.____softfp_sqrt$lsc) refers to dsqrt.o(.text) for _dsqrt
    sqrt_x.o(i.__sqrt$lsc) refers (Special) to iusefp.o(.text) for __I$use$fp
    sqrt_x.o(i.__sqrt$lsc) refers to cdcmple.o(.text) for __aeabi_cdcmple
    sqrt_x.o(i.__sqrt$lsc) refers to errno.o(i.__set_errno) for __set_errno
    sqrt_x.o(i.__sqrt$lsc) refers to dsqrt.o(.text) for _dsqrt
    entry2.o(.ARM.Collect$$$$00000001) refers to entry2.o(.ARM.Collect$$$$00002712) for __lit__00000000
    entry2.o(.ARM.Collect$$$$00002712) refers to startup.o(STACK) for __initial_sp
    entry2.o(__vectab_stack_and_reset_area) refers to startup.o(STACK) for __initial_sp
    entry2.o(__vectab_stack_and_reset_area) refers to entry.o(.ARM.Collect$$$$00000000) for __main
    entry5.o(.ARM.Collect$$$$00000004) refers to init.o(.text) for __scatterload
    entry9a.o(.ARM.Collect$$$$0000000B) refers to sensorboardtestmain.o(i.main) for main
    entry9b.o(.ARM.Collect$$$$0000000C) refers to sensorboardtestmain.o(i.main) for main
    errno.o(i.__aeabi_errno_addr) refers to errno.o(.data) for .data
    errno.o(i.__read_errno) refers to errno.o(.data) for .data
    errno.o(i.__set_errno) refers to errno.o(.data) for .data
    depilogue.o(.text) refers to llshl.o(.text) for __aeabi_llsl
    depilogue.o(.text) refers to llushr.o(.text) for __aeabi_llsr
    dadd.o(.text) refers to llshl.o(.text) for __aeabi_llsl
    dadd.o(.text) refers to llsshr.o(.text) for __aeabi_lasr
    dadd.o(.text) refers to depilogue.o(.text) for _double_epilogue
    ddiv.o(.text) refers to depilogue.o(.text) for _double_round
    init.o(.text) refers to entry5.o(.ARM.Collect$$$$00000004) for __main_after_scatterload
    dsqrt.o(.text) refers to llushr.o(.text) for __aeabi_llsr
    dsqrt.o(.text) refers to depilogue.o(.text) for _double_round


==============================================================================

Removing Unused input sections from the image.

    Removing startup.o(HEAP), (0 bytes).
    Removing st7735.o(i.Output_Clear), (10 bytes).
    Removing st7735.o(i.Output_Color), (12 bytes).
    Removing st7735.o(i.Output_Init), (16 bytes).
    Removing st7735.o(i.Output_Off), (8 bytes).
    Removing st7735.o(i.Output_On), (8 bytes).
    Removing st7735.o(i.ST7735_Color565), (24 bytes).
    Removing st7735.o(i.ST7735_DrawBitmap), (288 bytes).
    Removing st7735.o(i.ST7735_DrawChar), (272 bytes).
    Removing st7735.o(i.ST7735_DrawFastHLine), (124 bytes).
    Removing st7735.o(i.ST7735_DrawFastVLine), (124 bytes).
    Removing st7735.o(i.ST7735_InitB), (40 bytes).
    Removing st7735.o(i.ST7735_InvertDisplay), (22 bytes).
    Removing st7735.o(i.ST7735_OutUDec4), (140 bytes).
    Removing st7735.o(i.ST7735_OutUDec5), (140 bytes).
    Removing st7735.o(i.ST7735_PlotBar), (88 bytes).
    Removing st7735.o(i.ST7735_PlotClear), (92 bytes).
    Removing st7735.o(i.ST7735_PlotLine), (264 bytes).
    Removing st7735.o(i.ST7735_PlotNext), (32 bytes).
    Removing st7735.o(i.ST7735_PlotNextErase), (64 bytes).
    Removing st7735.o(i.ST7735_PlotPoint), (152 bytes).
    Removing st7735.o(i.ST7735_PlotPoints), (172 bytes).
    Removing st7735.o(i.ST7735_PlotdBfs), (60 bytes).
    Removing st7735.o(i.ST7735_SetRotation), (212 bytes).
    Removing st7735.o(i.ST7735_SetTextColor), (12 bytes).
    Removing st7735.o(i.ST7735_SwapColor), (18 bytes).
    Removing st7735.o(i.ferror), (8 bytes).
    Removing st7735.o(i.fgetc), (6 bytes).
    Removing st7735.o(i.fillmessage4), (100 bytes).
    Removing st7735.o(i.fillmessage5), (128 bytes).
    Removing st7735.o(i.fputc), (16 bytes).
    Removing sensorboardtestmain.o(i.DelayWait10ms), (32 bytes).
    Removing sensorboardtestmain.o(i.main0001), (56 bytes).
    Removing sensorboardtestmain.o(i.main01), (92 bytes).
    Removing sensorboardtestmain.o(i.main03), (284 bytes).
    Removing sensorboardtestmain.o(i.main1), (792 bytes).
    Removing sensorboardtestmain.o(.bss), (16 bytes).
    Removing sensorboardtestmain.o(.data), (20 bytes).
    Removing board.o(i.Board_Input), (12 bytes).
    Removing board.o(i.Board_Output), (12 bytes).
    Removing adcswtrigger.o(i.ADC0_InSeq3), (44 bytes).
    Removing adcswtrigger.o(i.ADC0_InitSWTriggerSeq3_Ch9), (232 bytes).
    Removing adcswtrigger.o(i.ADC2millimeter), (32 bytes).
    Removing adcswtrigger.o(i.ADC_In3210), (80 bytes).
    Removing adcswtrigger.o(i.ADC_In89), (56 bytes).
    Removing adcswtrigger.o(i.ADC_Init3210), (228 bytes).
    Removing adcswtrigger.o(i.ADC_Init89), (220 bytes).
    Removing timer.o(i.Cycles2milliInch), (20 bytes).
    Removing timer.o(i.Cycles2millimeter), (20 bytes).
    Removing timer.o(i.DelayWait10us), (22 bytes).
    Removing timer.o(i.DelayWait5us), (22 bytes).
    Removing timer.o(i.Timer0_Init), (276 bytes).
    Removing timer.o(i.Timer0_Read), (24 bytes).
    Removing timer.o(i.Timer0_StartHCSR04), (56 bytes).
    Removing timer.o(i.Timer0_StartPing), (144 bytes).
    Removing timer.o(i.Timer1_Init), (276 bytes).
    Removing timer.o(i.Timer1_Read), (24 bytes).
    Removing timer.o(i.Timer1_StartHCSR04), (52 bytes).
    Removing timer.o(i.Timer1_StartPing), (136 bytes).
    Removing timer.o(i.Timer3_Init), (272 bytes).
    Removing timer.o(i.Timer3_Read), (24 bytes).
    Removing timer.o(i.Timer3_StartHCSR04), (48 bytes).
    Removing timer.o(i.Timer3_StartPing), (136 bytes).
    Removing uart.o(i.UART_InUDec), (76 bytes).
    Removing uart.o(i.UART_InUHex), (108 bytes).
    Removing uart.o(i.UART_OutUHex), (52 bytes).
    Removing cdcmple.o(.text), (48 bytes).

67 unused section(s) (total 6696 bytes) removed from the image.

==============================================================================

Image Symbol Table

    Local Symbols

    Symbol Name                              Value     Ov Type        Size  Object(Section)

    RESET                                    0x00000000   Section      644  startup.o(RESET)
    ../clib/microlib/errno.c                 0x00000000   Number         0  errno.o ABSOLUTE
    ../clib/microlib/init/entry.s            0x00000000   Number         0  entry9a.o ABSOLUTE
    ../clib/microlib/init/entry.s            0x00000000   Number         0  entry10b.o ABSOLUTE
    ../clib/microlib/init/entry.s            0x00000000   Number         0  entry8b.o ABSOLUTE
    ../clib/microlib/init/entry.s            0x00000000   Number         0  entry2.o ABSOLUTE
    ../clib/microlib/init/entry.s            0x00000000   Number         0  entry7b.o ABSOLUTE
    ../clib/microlib/init/entry.s            0x00000000   Number         0  entry.o ABSOLUTE
    ../clib/microlib/init/entry.s            0x00000000   Number         0  entry8a.o ABSOLUTE
    ../clib/microlib/init/entry.s            0x00000000   Number         0  entry11a.o ABSOLUTE
    ../clib/microlib/init/entry.s            0x00000000   Number         0  entry11b.o ABSOLUTE
    ../clib/microlib/init/entry.s            0x00000000   Number         0  entry7a.o ABSOLUTE
    ../clib/microlib/init/entry.s            0x00000000   Number         0  entry5.o ABSOLUTE
    ../clib/microlib/init/entry.s            0x00000000   Number         0  entry10a.o ABSOLUTE
    ../clib/microlib/init/entry.s            0x00000000   Number         0  entry9b.o ABSOLUTE
    ../clib/microlib/longlong.c              0x00000000   Number         0  llsshr.o ABSOLUTE
    ../clib/microlib/longlong.c              0x00000000   Number         0  llushr.o ABSOLUTE
    ../clib/microlib/longlong.c              0x00000000   Number         0  llshl.o ABSOLUTE
    ../clib/microlib/string/strcmp.c         0x00000000   Number         0  strcmp.o ABSOLUTE
    ../clib/microlib/string/strlen.c         0x00000000   Number         0  strlen.o ABSOLUTE
    ../clib/microlib/string/strncmp.c        0x00000000   Number         0  strncmp.o ABSOLUTE
    ../clib/microlib/stubs.s                 0x00000000   Number         0  iusefp.o ABSOLUTE
    ../fplib/microlib/fpadd.c                0x00000000   Number         0  dadd.o ABSOLUTE
    ../fplib/microlib/fpdiv.c                0x00000000   Number         0  ddiv.o ABSOLUTE
    ../fplib/microlib/fpepilogue.c           0x00000000   Number         0  depilogue.o ABSOLUTE
    ../fplib/microlib/fpfix.c                0x00000000   Number         0  dfixui.o ABSOLUTE
    ../fplib/microlib/fpflt.c                0x00000000   Number         0  dflti.o ABSOLUTE
    ../fplib/microlib/fpmul.c                0x00000000   Number         0  dmul.o ABSOLUTE
    ../fplib/microlib/fpscalb.c              0x00000000   Number         0  dscalb.o ABSOLUTE
    ../fplib/microlib/fpsqrt.c               0x00000000   Number         0  dsqrt.o ABSOLUTE
    ../mathlib/dunder.c                      0x00000000   Number         0  dunder.o ABSOLUTE
    ../mathlib/fpclassify.c                  0x00000000   Number         0  fpclassify.o ABSOLUTE
    ../mathlib/poly.c                        0x00000000   Number         0  poly.o ABSOLUTE
    ../mathlib/pow.c                         0x00000000   Number         0  pow.o ABSOLUTE
    ../mathlib/pow.c                         0x00000000   Number         0  pow_x.o ABSOLUTE
    ../mathlib/qnan.c                        0x00000000   Number         0  qnan.o ABSOLUTE
    ../mathlib/sqrt.c                        0x00000000   Number         0  sqrt_x.o ABSOLUTE
    ../mathlib/sqrt.c                        0x00000000   Number         0  sqrt.o ABSOLUTE
    ADC.c                                    0x00000000   Number         0  adc.o ABSOLUTE
    ADCSWTrigger.c                           0x00000000   Number         0  adcswtrigger.o ABSOLUTE
    OS.c                                     0x00000000   Number         0  os.o ABSOLUTE
    PLL.c                                    0x00000000   Number         0  pll.o ABSOLUTE
    ST7735.c                                 0x00000000   Number         0  st7735.o ABSOLUTE
    SensorBoardTestMain.c                    0x00000000   Number         0  sensorboardtestmain.o ABSOLUTE
    Timer.c                                  0x00000000   Number         0  timer.o ABSOLUTE
    UART.c                                   0x00000000   Number         0  uart.o ABSOLUTE
    board.c                                  0x00000000   Number         0  board.o ABSOLUTE
    cdcmple.s                                0x00000000   Number         0  cdcmple.o ABSOLUTE
    cdrcmple.s                               0x00000000   Number         0  cdrcmple.o ABSOLUTE
    cmdline.c                                0x00000000   Number         0  cmdline.o ABSOLUTE
    dc.s                                     0x00000000   Number         0  dc.o ABSOLUTE
    handlers.s                               0x00000000   Number         0  handlers.o ABSOLUTE
    init.s                                   0x00000000   Number         0  init.o ABSOLUTE
    startup.s                                0x00000000   Number         0  startup.o ABSOLUTE
    .ARM.Collect$$$$00000000                 0x00000284   Section        0  entry.o(.ARM.Collect$$$$00000000)
    .ARM.Collect$$$$00000001                 0x00000284   Section        4  entry2.o(.ARM.Collect$$$$00000001)
    .ARM.Collect$$$$00000004                 0x00000288   Section        4  entry5.o(.ARM.Collect$$$$00000004)
    .ARM.Collect$$$$00000008                 0x0000028c   Section        0  entry7b.o(.ARM.Collect$$$$00000008)
    .ARM.Collect$$$$0000000A                 0x0000028c   Section        0  entry8b.o(.ARM.Collect$$$$0000000A)
    .ARM.Collect$$$$0000000B                 0x0000028c   Section        8  entry9a.o(.ARM.Collect$$$$0000000B)
    .ARM.Collect$$$$0000000D                 0x00000294   Section        0  entry10a.o(.ARM.Collect$$$$0000000D)
    .ARM.Collect$$$$0000000F                 0x00000294   Section        0  entry11a.o(.ARM.Collect$$$$0000000F)
    .ARM.Collect$$$$00002712                 0x00000294   Section        4  entry2.o(.ARM.Collect$$$$00002712)
    __lit__00000000                          0x00000294   Data           4  entry2.o(.ARM.Collect$$$$00002712)
    .text                                    0x00000298   Section       28  startup.o(.text)
    .text                                    0x000002b4   Section        0  strlen.o(.text)
    .text                                    0x000002c2   Section        0  strcmp.o(.text)
    .text                                    0x000002de   Section        0  strncmp.o(.text)
    .text                                    0x000002fc   Section        0  dmul.o(.text)
    .text                                    0x000003e0   Section        0  dflti.o(.text)
    .text                                    0x00000402   Section        0  dfixui.o(.text)
    .text                                    0x00000434   Section        0  llushr.o(.text)
    .text                                    0x00000454   Section        0  depilogue.o(.text)
    .text                                    0x00000454   Section        0  iusefp.o(.text)
    .text                                    0x0000050e   Section        0  dadd.o(.text)
    .text                                    0x0000065c   Section        0  ddiv.o(.text)
    .text                                    0x0000073a   Section        0  dscalb.o(.text)
    .text                                    0x00000768   Section       48  cdrcmple.o(.text)
    .text                                    0x00000798   Section       36  init.o(.text)
    .text                                    0x000007bc   Section        0  llshl.o(.text)
    .text                                    0x000007da   Section        0  llsshr.o(.text)
    .text                                    0x000007fe   Section        0  dsqrt.o(.text)
    i.ADC0_InitSWTriggerSeq3                 0x000008a0   Section        0  adcswtrigger.o(i.ADC0_InitSWTriggerSeq3)
    i.ADC_Collect                            0x00000ca4   Section        0  adc.o(i.ADC_Collect)
    i.ADC_In                                 0x00000cf0   Section        0  adc.o(i.ADC_In)
    i.ADC_Open                               0x00000d30   Section        0  adc.o(i.ADC_Open)
    i.ADC_Status                             0x00000d48   Section        0  adc.o(i.ADC_Status)
    i.Board_Init                             0x00000d54   Section        0  board.o(i.Board_Init)
    i.CmdLineProcess                         0x00000db8   Section        0  cmdline.o(i.CmdLineProcess)
    i.Delay1ms                               0x00000e4c   Section        0  st7735.o(i.Delay1ms)
    i.OS_AddPeriodicThread                   0x00000e6c   Section        0  os.o(i.OS_AddPeriodicThread)
    i.OS_ClearPeriodicTime                   0x00000efc   Section        0  os.o(i.OS_ClearPeriodicTime)
    i.OS_ReadPeriodicTime                    0x00000f08   Section        0  os.o(i.OS_ReadPeriodicTime)
    i.OutCRLF                                0x00000f14   Section        0  uart.o(i.OutCRLF)
    i.PLL_Init                               0x00000f24   Section        0  pll.o(i.PLL_Init)
    i.RxFifo_Get                             0x00000fa0   Section        0  uart.o(i.RxFifo_Get)
    i.RxFifo_Init                            0x00000fdc   Section        0  uart.o(i.RxFifo_Init)
    i.RxFifo_Put                             0x00001000   Section        0  uart.o(i.RxFifo_Put)
    i.RxFifo_Size                            0x0000103c   Section        0  uart.o(i.RxFifo_Size)
    i.ST7735_DrawCharS                       0x00001054   Section        0  st7735.o(i.ST7735_DrawCharS)
    i.ST7735_DrawPixel                       0x0000114c   Section        0  st7735.o(i.ST7735_DrawPixel)
    i.ST7735_DrawString                      0x00001194   Section        0  st7735.o(i.ST7735_DrawString)
    i.ST7735_FillRect                        0x000011ec   Section        0  st7735.o(i.ST7735_FillRect)
    i.ST7735_FillScreen                      0x00001298   Section        0  st7735.o(i.ST7735_FillScreen)
    i.ST7735_InitR                           0x000012bc   Section        0  st7735.o(i.ST7735_InitR)
    i.ST7735_Message                         0x00001338   Section        0  st7735.o(i.ST7735_Message)
    i.ST7735_OutChar                         0x0000138c   Section        0  st7735.o(i.ST7735_OutChar)
    i.ST7735_OutString                       0x00001460   Section        0  st7735.o(i.ST7735_OutString)
    i.ST7735_OutUDec                         0x00001478   Section        0  st7735.o(i.ST7735_OutUDec)
    i.ST7735_SetCursor                       0x00001504   Section        0  st7735.o(i.ST7735_SetCursor)
    i.Timer0A_Handler                        0x00001524   Section        0  timer.o(i.Timer0A_Handler)
    i.Timer1A_Handler                        0x0000156c   Section        0  timer.o(i.Timer1A_Handler)
    i.Timer2A_Handler                        0x000015b4   Section        0  adc.o(i.Timer2A_Handler)
    i.Timer2_Init                            0x00001608   Section        0  timer.o(i.Timer2_Init)
    i.Timer3A_Handler                        0x00001660   Section        0  timer.o(i.Timer3A_Handler)
    i.Timer5A_Handler                        0x000016a8   Section        0  os.o(i.Timer5A_Handler)
    i.TxFifo_Get                             0x000016e0   Section        0  uart.o(i.TxFifo_Get)
    i.TxFifo_Init                            0x0000171c   Section        0  uart.o(i.TxFifo_Init)
    i.TxFifo_Put                             0x00001740   Section        0  uart.o(i.TxFifo_Put)
    i.TxFifo_Size                            0x0000177c   Section        0  uart.o(i.TxFifo_Size)
    i.UART0_Handler                          0x00001794   Section        0  uart.o(i.UART0_Handler)
    i.UART_InChar                            0x000017ec   Section        0  uart.o(i.UART_InChar)
    i.UART_InString                          0x00001800   Section        0  uart.o(i.UART_InString)
    i.UART_Init                              0x00001848   Section        0  uart.o(i.UART_Init)
    i.UART_OutChar                           0x00001914   Section        0  uart.o(i.UART_OutChar)
    i.UART_OutString                         0x00001948   Section        0  uart.o(i.UART_OutString)
    i.UART_OutUDec                           0x00001960   Section        0  uart.o(i.UART_OutUDec)
    i.__ARM_fpclassify                       0x0000198a   Section        0  fpclassify.o(i.__ARM_fpclassify)
    i.__kernel_poly                          0x000019b2   Section        0  poly.o(i.__kernel_poly)
    i.__mathlib_dbl_divzero                  0x00001a5c   Section        0  dunder.o(i.__mathlib_dbl_divzero)
    i.__mathlib_dbl_infnan2                  0x00001a6c   Section        0  dunder.o(i.__mathlib_dbl_infnan2)
    i.__mathlib_dbl_invalid                  0x00001a70   Section        0  dunder.o(i.__mathlib_dbl_invalid)
    i.__mathlib_dbl_overflow                 0x00001a7c   Section        0  dunder.o(i.__mathlib_dbl_overflow)
    i.__mathlib_dbl_underflow                0x00001a8c   Section        0  dunder.o(i.__mathlib_dbl_underflow)
    i.__scatterload_copy                     0x00001a9c   Section       14  handlers.o(i.__scatterload_copy)
    i.__scatterload_null                     0x00001aaa   Section        2  handlers.o(i.__scatterload_null)
    i.__scatterload_zeroinit                 0x00001aac   Section       14  handlers.o(i.__scatterload_zeroinit)
    i.__set_errno                            0x00001abc   Section        0  errno.o(i.__set_errno)
    i.adcCall                                0x00001ac8   Section        0  cmdline.o(i.adcCall)
    i.commandList                            0x00001d3c   Section        0  st7735.o(i.commandList)
    commandList                              0x00001d3d   Thumb Code    86  st7735.o(i.commandList)
    i.commonInit                             0x00001d94   Section        0  st7735.o(i.commonInit)
    commonInit                               0x00001d95   Thumb Code   342  st7735.o(i.commonInit)
    i.copyHardwareToSoftware                 0x00001f1c   Section        0  uart.o(i.copyHardwareToSoftware)
    copyHardwareToSoftware                   0x00001f1d   Thumb Code    36  uart.o(i.copyHardwareToSoftware)
    i.copySoftwareToHardware                 0x00001f44   Section        0  uart.o(i.copySoftwareToHardware)
    copySoftwareToHardware                   0x00001f45   Thumb Code    38  uart.o(i.copySoftwareToHardware)
    i.dummy                                  0x00001f70   Section        0  sensorboardtestmain.o(i.dummy)
    i.fillmessage                            0x00001f74   Section        0  st7735.o(i.fillmessage)
    i.lcdCall                                0x00001fbc   Section        0  cmdline.o(i.lcdCall)
    i.main                                   0x000020dc   Section        0  sensorboardtestmain.o(i.main)
    i.osCall                                 0x00002150   Section        0  cmdline.o(i.osCall)
    i.parseNumber                            0x0000222c   Section        0  cmdline.o(i.parseNumber)
    i.pow                                    0x00002290   Section        0  pow.o(i.pow)
    i.pushColor                              0x00002c68   Section        0  st7735.o(i.pushColor)
    pushColor                                0x00002c69   Thumb Code    18  st7735.o(i.pushColor)
    i.setAddrWindow                          0x00002c7c   Section        0  st7735.o(i.setAddrWindow)
    setAddrWindow                            0x00002c7d   Thumb Code   106  st7735.o(i.setAddrWindow)
    i.sqrt                                   0x00002cf0   Section        0  sqrt.o(i.sqrt)
    i.writecommand                           0x00002d3c   Section        0  st7735.o(i.writecommand)
    writecommand                             0x00002d3d   Thumb Code    40  st7735.o(i.writecommand)
    i.writedata                              0x00002d6c   Section        0  st7735.o(i.writedata)
    writedata                                0x00002d6d   Thumb Code    26  st7735.o(i.writedata)
    .constdata                               0x00002d90   Section     2018  st7735.o(.constdata)
    Font                                     0x00002d90   Data        1275  st7735.o(.constdata)
    Bcmd                                     0x0000328b   Data         103  st7735.o(.constdata)
    Rcmd1                                    0x000032f2   Data          59  st7735.o(.constdata)
    Rcmd2green                               0x0000332d   Data          13  st7735.o(.constdata)
    Rcmd2red                                 0x0000333a   Data          13  st7735.o(.constdata)
    Rcmd3                                    0x00003347   Data          43  st7735.o(.constdata)
    .constdata                               0x00003578   Section      136  pow.o(.constdata)
    bp                                       0x00003578   Data          16  pow.o(.constdata)
    dp_h                                     0x00003588   Data          16  pow.o(.constdata)
    dp_l                                     0x00003598   Data          16  pow.o(.constdata)
    L                                        0x000035a8   Data          48  pow.o(.constdata)
    P                                        0x000035d8   Data          40  pow.o(.constdata)
    .constdata                               0x00003600   Section        8  qnan.o(.constdata)
    .conststring                             0x00003608   Section       11  cmdline.o(.conststring)
    .data                                    0x20000000   Section       44  st7735.o(.data)
    ColStart                                 0x2000000a   Data           1  st7735.o(.data)
    RowStart                                 0x2000000b   Data           1  st7735.o(.data)
    Rotation                                 0x2000000c   Data           1  st7735.o(.data)
    TabColor                                 0x2000000d   Data           1  st7735.o(.data)
    _width                                   0x2000000e   Data           2  st7735.o(.data)
    _height                                  0x20000010   Data           2  st7735.o(.data)
    .data                                    0x2000002c   Section       40  timer.o(.data)
    .data                                    0x20000054   Section       17  adc.o(.data)
    .data                                    0x20000068   Section        8  os.o(.data)
    .data                                    0x20000070   Section      108  cmdline.o(.data)
    .data                                    0x200000dc   Section       16  uart.o(.data)
    .data                                    0x200000ec   Section        4  errno.o(.data)
    _errno                                   0x200000ec   Data           4  errno.o(.data)
    .bss                                     0x200000f0   Section       12  st7735.o(.bss)
    .bss                                     0x200000fc   Section       36  cmdline.o(.bss)
    g_ppcArgv                                0x200000fc   Data          36  cmdline.o(.bss)
    .bss                                     0x20000120   Section       32  uart.o(.bss)
    RxFifo                                   0x20000120   Data          16  uart.o(.bss)
    TxFifo                                   0x20000130   Data          16  uart.o(.bss)
    STACK                                    0x20000140   Section     1024  startup.o(STACK)
    StackMem                                 0x20000140   Data           0  startup.o(STACK)

    Global Symbols

    Symbol Name                              Value     Ov Type        Size  Object(Section)

    BuildAttributes$$THM_ISAv4$E$P$D$K$B$S$7EM$PE$A:L22UL41UL21$X:L11$S22US41US21$IEEE1$IW$USESV6$~STKCKD$USESV7$~SHL$OTIME$ROPI$IEEEX$EBA8$MICROLIB$REQ8$PRES8$EABIv2 0x00000000   Number         0  anon$$obj.o ABSOLUTE
    __ARM_use_no_argv                        0x00000000   Number         0  sensorboardtestmain.o ABSOLUTE
    __Vectors                                0x00000000   Data           0  startup.o(RESET)
    __cpp_initialize__aeabi_                  - Undefined Weak Reference
    __cxa_finalize                            - Undefined Weak Reference
    __decompress                              - Undefined Weak Reference
    _clock_init                               - Undefined Weak Reference
    _microlib_exit                            - Undefined Weak Reference
    Reset_Handler                            0x0000026d   Thumb Code     0  startup.o(RESET)
    NMI_Handler                              0x00000271   Thumb Code     2  startup.o(RESET)
    HardFault_Handler                        0x00000273   Thumb Code     2  startup.o(RESET)
    MemManage_Handler                        0x00000275   Thumb Code     2  startup.o(RESET)
    BusFault_Handler                         0x00000277   Thumb Code     2  startup.o(RESET)
    UsageFault_Handler                       0x00000279   Thumb Code     2  startup.o(RESET)
    SVC_Handler                              0x0000027b   Thumb Code     2  startup.o(RESET)
    DebugMon_Handler                         0x0000027d   Thumb Code     2  startup.o(RESET)
    PendSV_Handler                           0x0000027f   Thumb Code     2  startup.o(RESET)
    SysTick_Handler                          0x00000281   Thumb Code     2  startup.o(RESET)
    ADC0Seq0_Handler                         0x00000283   Thumb Code     0  startup.o(RESET)
    ADC0Seq1_Handler                         0x00000283   Thumb Code     0  startup.o(RESET)
    ADC0Seq2_Handler                         0x00000283   Thumb Code     0  startup.o(RESET)
    ADC0Seq3_Handler                         0x00000283   Thumb Code     0  startup.o(RESET)
    ADC1Seq0_Handler                         0x00000283   Thumb Code     0  startup.o(RESET)
    ADC1Seq1_Handler                         0x00000283   Thumb Code     0  startup.o(RESET)
    ADC1Seq2_Handler                         0x00000283   Thumb Code     0  startup.o(RESET)
    ADC1Seq3_Handler                         0x00000283   Thumb Code     0  startup.o(RESET)
    CAN0_Handler                             0x00000283   Thumb Code     0  startup.o(RESET)
    CAN1_Handler                             0x00000283   Thumb Code     0  startup.o(RESET)
    CAN2_Handler                             0x00000283   Thumb Code     0  startup.o(RESET)
    Comp0_Handler                            0x00000283   Thumb Code     0  startup.o(RESET)
    Comp1_Handler                            0x00000283   Thumb Code     0  startup.o(RESET)
    Comp2_Handler                            0x00000283   Thumb Code     0  startup.o(RESET)
    Ethernet_Handler                         0x00000283   Thumb Code     0  startup.o(RESET)
    ExtBus_Handler                           0x00000283   Thumb Code     0  startup.o(RESET)
    FPU_Handler                              0x00000283   Thumb Code     0  startup.o(RESET)
    Fan0_Handler                             0x00000283   Thumb Code     0  startup.o(RESET)
    FlashCtl_Handler                         0x00000283   Thumb Code     0  startup.o(RESET)
    GPIOPortA_Handler                        0x00000283   Thumb Code     0  startup.o(RESET)
    GPIOPortB_Handler                        0x00000283   Thumb Code     0  startup.o(RESET)
    GPIOPortC_Handler                        0x00000283   Thumb Code     0  startup.o(RESET)
    GPIOPortD_Handler                        0x00000283   Thumb Code     0  startup.o(RESET)
    GPIOPortE_Handler                        0x00000283   Thumb Code     0  startup.o(RESET)
    GPIOPortF_Handler                        0x00000283   Thumb Code     0  startup.o(RESET)
    GPIOPortG_Handler                        0x00000283   Thumb Code     0  startup.o(RESET)
    GPIOPortH_Handler                        0x00000283   Thumb Code     0  startup.o(RESET)
    GPIOPortJ_Handler                        0x00000283   Thumb Code     0  startup.o(RESET)
    GPIOPortK_Handler                        0x00000283   Thumb Code     0  startup.o(RESET)
    GPIOPortL_Handler                        0x00000283   Thumb Code     0  startup.o(RESET)
    GPIOPortM_Handler                        0x00000283   Thumb Code     0  startup.o(RESET)
    GPIOPortN_Handler                        0x00000283   Thumb Code     0  startup.o(RESET)
    GPIOPortP1_Handler                       0x00000283   Thumb Code     0  startup.o(RESET)
    GPIOPortP2_Handler                       0x00000283   Thumb Code     0  startup.o(RESET)
    GPIOPortP3_Handler                       0x00000283   Thumb Code     0  startup.o(RESET)
    GPIOPortP4_Handler                       0x00000283   Thumb Code     0  startup.o(RESET)
    GPIOPortP5_Handler                       0x00000283   Thumb Code     0  startup.o(RESET)
    GPIOPortP6_Handler                       0x00000283   Thumb Code     0  startup.o(RESET)
    GPIOPortP7_Handler                       0x00000283   Thumb Code     0  startup.o(RESET)
    GPIOPortP_Handler                        0x00000283   Thumb Code     0  startup.o(RESET)
    GPIOPortQ1_Handler                       0x00000283   Thumb Code     0  startup.o(RESET)
    GPIOPortQ2_Handler                       0x00000283   Thumb Code     0  startup.o(RESET)
    GPIOPortQ3_Handler                       0x00000283   Thumb Code     0  startup.o(RESET)
    GPIOPortQ4_Handler                       0x00000283   Thumb Code     0  startup.o(RESET)
    GPIOPortQ5_Handler                       0x00000283   Thumb Code     0  startup.o(RESET)
    GPIOPortQ6_Handler                       0x00000283   Thumb Code     0  startup.o(RESET)
    GPIOPortQ7_Handler                       0x00000283   Thumb Code     0  startup.o(RESET)
    GPIOPortQ_Handler                        0x00000283   Thumb Code     0  startup.o(RESET)
    GPIOPortR_Handler                        0x00000283   Thumb Code     0  startup.o(RESET)
    GPIOPortS_Handler                        0x00000283   Thumb Code     0  startup.o(RESET)
    Hibernate_Handler                        0x00000283   Thumb Code     0  startup.o(RESET)
    I2C0_Handler                             0x00000283   Thumb Code     0  startup.o(RESET)
    I2C1_Handler                             0x00000283   Thumb Code     0  startup.o(RESET)
    I2C2_Handler                             0x00000283   Thumb Code     0  startup.o(RESET)
    I2C3_Handler                             0x00000283   Thumb Code     0  startup.o(RESET)
    I2C4_Handler                             0x00000283   Thumb Code     0  startup.o(RESET)
    I2C5_Handler                             0x00000283   Thumb Code     0  startup.o(RESET)
    I2S0_Handler                             0x00000283   Thumb Code     0  startup.o(RESET)
    LPC0_Handler                             0x00000283   Thumb Code     0  startup.o(RESET)
    PECI0_Handler                            0x00000283   Thumb Code     0  startup.o(RESET)
    PWM0Fault_Handler                        0x00000283   Thumb Code     0  startup.o(RESET)
    PWM0Generator0_Handler                   0x00000283   Thumb Code     0  startup.o(RESET)
    PWM0Generator1_Handler                   0x00000283   Thumb Code     0  startup.o(RESET)
    PWM0Generator2_Handler                   0x00000283   Thumb Code     0  startup.o(RESET)
    PWM0Generator3_Handler                   0x00000283   Thumb Code     0  startup.o(RESET)
    PWM1Fault_Handler                        0x00000283   Thumb Code     0  startup.o(RESET)
    PWM1Generator0_Handler                   0x00000283   Thumb Code     0  startup.o(RESET)
    PWM1Generator1_Handler                   0x00000283   Thumb Code     0  startup.o(RESET)
    PWM1Generator2_Handler                   0x00000283   Thumb Code     0  startup.o(RESET)
    PWM1Generator3_Handler                   0x00000283   Thumb Code     0  startup.o(RESET)
    Quadrature0_Handler                      0x00000283   Thumb Code     0  startup.o(RESET)
    Quadrature1_Handler                      0x00000283   Thumb Code     0  startup.o(RESET)
    Quadrature2_Handler                      0x00000283   Thumb Code     0  startup.o(RESET)
    SSI0_Handler                             0x00000283   Thumb Code     0  startup.o(RESET)
    SSI1_Handler                             0x00000283   Thumb Code     0  startup.o(RESET)
    SSI2_Handler                             0x00000283   Thumb Code     0  startup.o(RESET)
    SSI3_Handler                             0x00000283   Thumb Code     0  startup.o(RESET)
    SysCtl_Handler                           0x00000283   Thumb Code     0  startup.o(RESET)
    Timer0B_Handler                          0x00000283   Thumb Code     0  startup.o(RESET)
    Timer1B_Handler                          0x00000283   Thumb Code     0  startup.o(RESET)
    Timer2B_Handler                          0x00000283   Thumb Code     0  startup.o(RESET)
    Timer3B_Handler                          0x00000283   Thumb Code     0  startup.o(RESET)
    Timer4A_Handler                          0x00000283   Thumb Code     0  startup.o(RESET)
    Timer4B_Handler                          0x00000283   Thumb Code     0  startup.o(RESET)
    Timer5B_Handler                          0x00000283   Thumb Code     0  startup.o(RESET)
    UART1_Handler                            0x00000283   Thumb Code     0  startup.o(RESET)
    UART2_Handler                            0x00000283   Thumb Code     0  startup.o(RESET)
    UART3_Handler                            0x00000283   Thumb Code     0  startup.o(RESET)
    UART4_Handler                            0x00000283   Thumb Code     0  startup.o(RESET)
    UART5_Handler                            0x00000283   Thumb Code     0  startup.o(RESET)
    UART6_Handler                            0x00000283   Thumb Code     0  startup.o(RESET)
    UART7_Handler                            0x00000283   Thumb Code     0  startup.o(RESET)
    USB0_Handler                             0x00000283   Thumb Code     0  startup.o(RESET)
    WDT_Handler                              0x00000283   Thumb Code     0  startup.o(RESET)
    WideTimer0A_Handler                      0x00000283   Thumb Code     0  startup.o(RESET)
    WideTimer0B_Handler                      0x00000283   Thumb Code     0  startup.o(RESET)
    WideTimer1A_Handler                      0x00000283   Thumb Code     0  startup.o(RESET)
    WideTimer1B_Handler                      0x00000283   Thumb Code     0  startup.o(RESET)
    WideTimer2A_Handler                      0x00000283   Thumb Code     0  startup.o(RESET)
    WideTimer2B_Handler                      0x00000283   Thumb Code     0  startup.o(RESET)
    WideTimer3A_Handler                      0x00000283   Thumb Code     0  startup.o(RESET)
    WideTimer3B_Handler                      0x00000283   Thumb Code     0  startup.o(RESET)
    WideTimer4A_Handler                      0x00000283   Thumb Code     0  startup.o(RESET)
    WideTimer4B_Handler                      0x00000283   Thumb Code     0  startup.o(RESET)
    WideTimer5A_Handler                      0x00000283   Thumb Code     0  startup.o(RESET)
    WideTimer5B_Handler                      0x00000283   Thumb Code     0  startup.o(RESET)
    uDMA_Error                               0x00000283   Thumb Code     0  startup.o(RESET)
    uDMA_Handler                             0x00000283   Thumb Code     0  startup.o(RESET)
    __main                                   0x00000285   Thumb Code     0  entry.o(.ARM.Collect$$$$00000000)
    _main_stk                                0x00000285   Thumb Code     0  entry2.o(.ARM.Collect$$$$00000001)
    _main_scatterload                        0x00000289   Thumb Code     0  entry5.o(.ARM.Collect$$$$00000004)
    __main_after_scatterload                 0x0000028d   Thumb Code     0  entry5.o(.ARM.Collect$$$$00000004)
    _main_clock                              0x0000028d   Thumb Code     0  entry7b.o(.ARM.Collect$$$$00000008)
    _main_cpp_init                           0x0000028d   Thumb Code     0  entry8b.o(.ARM.Collect$$$$0000000A)
    _main_init                               0x0000028d   Thumb Code     0  entry9a.o(.ARM.Collect$$$$0000000B)
    __rt_final_cpp                           0x00000295   Thumb Code     0  entry10a.o(.ARM.Collect$$$$0000000D)
    __rt_final_exit                          0x00000295   Thumb Code     0  entry11a.o(.ARM.Collect$$$$0000000F)
    DisableInterrupts                        0x00000299   Thumb Code     0  startup.o(.text)
    EnableInterrupts                         0x0000029d   Thumb Code     0  startup.o(.text)
    StartCritical                            0x000002a1   Thumb Code     0  startup.o(.text)
    EndCritical                              0x000002a9   Thumb Code     0  startup.o(.text)
    WaitForInterrupt                         0x000002af   Thumb Code     0  startup.o(.text)
    strlen                                   0x000002b5   Thumb Code    14  strlen.o(.text)
    strcmp                                   0x000002c3   Thumb Code    28  strcmp.o(.text)
    strncmp                                  0x000002df   Thumb Code    30  strncmp.o(.text)
    __aeabi_dmul                             0x000002fd   Thumb Code   228  dmul.o(.text)
    __aeabi_i2d                              0x000003e1   Thumb Code    34  dflti.o(.text)
    __aeabi_d2uiz                            0x00000403   Thumb Code    50  dfixui.o(.text)
    __aeabi_llsr                             0x00000435   Thumb Code    32  llushr.o(.text)
    _ll_ushift_r                             0x00000435   Thumb Code     0  llushr.o(.text)
    __I$use$fp                               0x00000455   Thumb Code     0  iusefp.o(.text)
    _double_round                            0x00000455   Thumb Code    30  depilogue.o(.text)
    _double_epilogue                         0x00000473   Thumb Code   156  depilogue.o(.text)
    __aeabi_dadd                             0x0000050f   Thumb Code   322  dadd.o(.text)
    __aeabi_dsub                             0x00000651   Thumb Code     6  dadd.o(.text)
    __aeabi_drsub                            0x00000657   Thumb Code     6  dadd.o(.text)
    __aeabi_ddiv                             0x0000065d   Thumb Code   222  ddiv.o(.text)
    __ARM_scalbn                             0x0000073b   Thumb Code    46  dscalb.o(.text)
    scalbn                                   0x0000073b   Thumb Code     0  dscalb.o(.text)
    __aeabi_cdrcmple                         0x00000769   Thumb Code    48  cdrcmple.o(.text)
    __scatterload                            0x00000799   Thumb Code    28  init.o(.text)
    __scatterload_rt2                        0x00000799   Thumb Code     0  init.o(.text)
    __aeabi_llsl                             0x000007bd   Thumb Code    30  llshl.o(.text)
    _ll_shift_l                              0x000007bd   Thumb Code     0  llshl.o(.text)
    __aeabi_lasr                             0x000007db   Thumb Code    36  llsshr.o(.text)
    _ll_sshift_r                             0x000007db   Thumb Code     0  llsshr.o(.text)
    _dsqrt                                   0x000007ff   Thumb Code   162  dsqrt.o(.text)
    ADC0_InitSWTriggerSeq3                   0x000008a1   Thumb Code   984  adcswtrigger.o(i.ADC0_InitSWTriggerSeq3)
    ADC_Collect                              0x00000ca5   Thumb Code    58  adc.o(i.ADC_Collect)
    ADC_In                                   0x00000cf1   Thumb Code    54  adc.o(i.ADC_In)
    ADC_Open                                 0x00000d31   Thumb Code    18  adc.o(i.ADC_Open)
    ADC_Status                               0x00000d49   Thumb Code     6  adc.o(i.ADC_Status)
    Board_Init                               0x00000d55   Thumb Code    80  board.o(i.Board_Init)
    CmdLineProcess                           0x00000db9   Thumb Code   120  cmdline.o(i.CmdLineProcess)
    Delay1ms                                 0x00000e4d   Thumb Code    32  st7735.o(i.Delay1ms)
    OS_AddPeriodicThread                     0x00000e6d   Thumb Code   118  os.o(i.OS_AddPeriodicThread)
    OS_ClearPeriodicTime                     0x00000efd   Thumb Code     8  os.o(i.OS_ClearPeriodicTime)
    OS_ReadPeriodicTime                      0x00000f09   Thumb Code     6  os.o(i.OS_ReadPeriodicTime)
    OutCRLF                                  0x00000f15   Thumb Code    16  uart.o(i.OutCRLF)
    PLL_Init                                 0x00000f25   Thumb Code   120  pll.o(i.PLL_Init)
    RxFifo_Get                               0x00000fa1   Thumb Code    46  uart.o(i.RxFifo_Get)
    RxFifo_Init                              0x00000fdd   Thumb Code    26  uart.o(i.RxFifo_Init)
    RxFifo_Put                               0x00001001   Thumb Code    48  uart.o(i.RxFifo_Put)
    RxFifo_Size                              0x0000103d   Thumb Code    14  uart.o(i.RxFifo_Size)
    ST7735_DrawCharS                         0x00001055   Thumb Code   236  st7735.o(i.ST7735_DrawCharS)
    ST7735_DrawPixel                         0x0000114d   Thumb Code    64  st7735.o(i.ST7735_DrawPixel)
    ST7735_DrawString                        0x00001195   Thumb Code    86  st7735.o(i.ST7735_DrawString)
    ST7735_FillRect                          0x000011ed   Thumb Code   164  st7735.o(i.ST7735_FillRect)
    ST7735_FillScreen                        0x00001299   Thumb Code    28  st7735.o(i.ST7735_FillScreen)
    ST7735_InitR                             0x000012bd   Thumb Code    90  st7735.o(i.ST7735_InitR)
    ST7735_Message                           0x00001339   Thumb Code    84  st7735.o(i.ST7735_Message)
    ST7735_OutChar                           0x0000138d   Thumb Code   176  st7735.o(i.ST7735_OutChar)
    ST7735_OutString                         0x00001461   Thumb Code    24  st7735.o(i.ST7735_OutString)
    ST7735_OutUDec                           0x00001479   Thumb Code   118  st7735.o(i.ST7735_OutUDec)
    ST7735_SetCursor                         0x00001505   Thumb Code    22  st7735.o(i.ST7735_SetCursor)
    Timer0A_Handler                          0x00001525   Thumb Code    50  timer.o(i.Timer0A_Handler)
    Timer1A_Handler                          0x0000156d   Thumb Code    50  timer.o(i.Timer1A_Handler)
    Timer2A_Handler                          0x000015b5   Thumb Code    64  adc.o(i.Timer2A_Handler)
    Timer2_Init                              0x00001609   Thumb Code    70  timer.o(i.Timer2_Init)
    Timer3A_Handler                          0x00001661   Thumb Code    50  timer.o(i.Timer3A_Handler)
    Timer5A_Handler                          0x000016a9   Thumb Code    38  os.o(i.Timer5A_Handler)
    TxFifo_Get                               0x000016e1   Thumb Code    46  uart.o(i.TxFifo_Get)
    TxFifo_Init                              0x0000171d   Thumb Code    26  uart.o(i.TxFifo_Init)
    TxFifo_Put                               0x00001741   Thumb Code    48  uart.o(i.TxFifo_Put)
    TxFifo_Size                              0x0000177d   Thumb Code    14  uart.o(i.TxFifo_Size)
    UART0_Handler                            0x00001795   Thumb Code    82  uart.o(i.UART0_Handler)
    UART_InChar                              0x000017ed   Thumb Code    20  uart.o(i.UART_InChar)
    UART_InString                            0x00001801   Thumb Code    70  uart.o(i.UART_InString)
    UART_Init                                0x00001849   Thumb Code   178  uart.o(i.UART_Init)
    UART_OutChar                             0x00001915   Thumb Code    46  uart.o(i.UART_OutChar)
    UART_OutString                           0x00001949   Thumb Code    24  uart.o(i.UART_OutString)
    UART_OutUDec                             0x00001961   Thumb Code    42  uart.o(i.UART_OutUDec)
    __ARM_fpclassify                         0x0000198b   Thumb Code    40  fpclassify.o(i.__ARM_fpclassify)
    __kernel_poly                            0x000019b3   Thumb Code   170  poly.o(i.__kernel_poly)
    __mathlib_dbl_divzero                    0x00001a5d   Thumb Code    12  dunder.o(i.__mathlib_dbl_divzero)
    __mathlib_dbl_infnan2                    0x00001a6d   Thumb Code     4  dunder.o(i.__mathlib_dbl_infnan2)
    __mathlib_dbl_invalid                    0x00001a71   Thumb Code    12  dunder.o(i.__mathlib_dbl_invalid)
    __mathlib_dbl_overflow                   0x00001a7d   Thumb Code    14  dunder.o(i.__mathlib_dbl_overflow)
    __mathlib_dbl_underflow                  0x00001a8d   Thumb Code    10  dunder.o(i.__mathlib_dbl_underflow)
    __scatterload_copy                       0x00001a9d   Thumb Code    14  handlers.o(i.__scatterload_copy)
    __scatterload_null                       0x00001aab   Thumb Code     2  handlers.o(i.__scatterload_null)
    __scatterload_zeroinit                   0x00001aad   Thumb Code    14  handlers.o(i.__scatterload_zeroinit)
    __set_errno                              0x00001abd   Thumb Code     6  errno.o(i.__set_errno)
    adcCall                                  0x00001ac9   Thumb Code   354  cmdline.o(i.adcCall)
    dummy                                    0x00001f71   Thumb Code     2  sensorboardtestmain.o(i.dummy)
    fillmessage                              0x00001f75   Thumb Code    64  st7735.o(i.fillmessage)
    lcdCall                                  0x00001fbd   Thumb Code   164  cmdline.o(i.lcdCall)
    main                                     0x000020dd   Thumb Code    76  sensorboardtestmain.o(i.main)
    osCall                                   0x00002151   Thumb Code    94  cmdline.o(i.osCall)
    parseNumber                              0x0000222d   Thumb Code    62  cmdline.o(i.parseNumber)
    pow                                      0x00002291   Thumb Code  2512  pow.o(i.pow)
    sqrt                                     0x00002cf1   Thumb Code    76  sqrt.o(i.sqrt)
    dBfs                                     0x00003372   Data         512  st7735.o(.constdata)
    __mathlib_zero                           0x00003600   Data           8  qnan.o(.constdata)
    Region$$Table$$Base                      0x00003614   Number         0  anon$$obj.o(Region$$Table)
    Region$$Table$$Limit                     0x00003634   Number         0  anon$$obj.o(Region$$Table)
    StX                                      0x20000000   Data           4  st7735.o(.data)
    StY                                      0x20000004   Data           4  st7735.o(.data)
    StTextColor                              0x20000008   Data           2  st7735.o(.data)
    Messageindex                             0x20000014   Data           4  st7735.o(.data)
    Ymax                                     0x20000018   Data           4  st7735.o(.data)
    Ymin                                     0x2000001c   Data           4  st7735.o(.data)
    X                                        0x20000020   Data           4  st7735.o(.data)
    Yrange                                   0x20000024   Data           4  st7735.o(.data)
    lastj                                    0x20000028   Data           4  st7735.o(.data)
    Timer0First                              0x2000002c   Data           4  timer.o(.data)
    Timer0Done                               0x20000030   Data           4  timer.o(.data)
    Timer0Pulse                              0x20000034   Data           4  timer.o(.data)
    Timer1First                              0x20000038   Data           4  timer.o(.data)
    Timer1Done                               0x2000003c   Data           4  timer.o(.data)
    Timer1Pulse                              0x20000040   Data           4  timer.o(.data)
    PeriodicTask2                            0x20000044   Data           4  timer.o(.data)
    Timer3First                              0x20000048   Data           4  timer.o(.data)
    Timer3Done                               0x2000004c   Data           4  timer.o(.data)
    Timer3Pulse                              0x20000050   Data           4  timer.o(.data)
    channel                                  0x20000054   Data           4  adc.o(.data)
    sampleCounter                            0x20000058   Data           4  adc.o(.data)
    sampleSize                               0x2000005c   Data           4  adc.o(.data)
    DATA                                     0x20000060   Data           4  adc.o(.data)
    status                                   0x20000064   Data           1  adc.o(.data)
    PeriodicTask                             0x20000068   Data           4  os.o(.data)
    OS_counter                               0x2000006c   Data           4  os.o(.data)
    infoADC                                  0x20000070   Data          25  cmdline.o(.data)
    infoLCD                                  0x20000089   Data          25  cmdline.o(.data)
    infoOS                                   0x200000a2   Data          19  cmdline.o(.data)
    g_psCmdTable                             0x200000b8   Data          36  cmdline.o(.data)
    RxPutI                                   0x200000dc   Data           4  uart.o(.data)
    RxGetI                                   0x200000e0   Data           4  uart.o(.data)
    TxPutI                                   0x200000e4   Data           4  uart.o(.data)
    TxGetI                                   0x200000e8   Data           4  uart.o(.data)
    Message                                  0x200000f0   Data          12  st7735.o(.bss)
    __initial_sp                             0x20000540   Data           0  startup.o(STACK)



==============================================================================

Memory Map of the image

  Image Entry point : 0x0000026d

  Load Region LR_1 (Base: 0x00000000, Size: 0x00003724, Max: 0xffffffff, ABSOLUTE)

    Execution Region ER_RO (Exec base: 0x00000000, Load base: 0x00000000, Size: 0x00003634, Max: 0xffffffff, ABSOLUTE)

    Exec Addr    Load Addr    Size         Type   Attr      Idx    E Section Name        Object

    0x00000000   0x00000000   0x00000284   Code   RO            3  * RESET               startup.o
    0x00000284   0x00000284   0x00000000   Code   RO          885  * .ARM.Collect$$$$00000000  mc_w.l(entry.o)
    0x00000284   0x00000284   0x00000004   Code   RO          927    .ARM.Collect$$$$00000001  mc_w.l(entry2.o)
    0x00000288   0x00000288   0x00000004   Code   RO          930    .ARM.Collect$$$$00000004  mc_w.l(entry5.o)
    0x0000028c   0x0000028c   0x00000000   Code   RO          932    .ARM.Collect$$$$00000008  mc_w.l(entry7b.o)
    0x0000028c   0x0000028c   0x00000000   Code   RO          934    .ARM.Collect$$$$0000000A  mc_w.l(entry8b.o)
    0x0000028c   0x0000028c   0x00000008   Code   RO          935    .ARM.Collect$$$$0000000B  mc_w.l(entry9a.o)
    0x00000294   0x00000294   0x00000000   Code   RO          937    .ARM.Collect$$$$0000000D  mc_w.l(entry10a.o)
    0x00000294   0x00000294   0x00000000   Code   RO          939    .ARM.Collect$$$$0000000F  mc_w.l(entry11a.o)
    0x00000294   0x00000294   0x00000004   Code   RO          928    .ARM.Collect$$$$00002712  mc_w.l(entry2.o)
    0x00000298   0x00000298   0x0000001c   Code   RO            4    .text               startup.o
    0x000002b4   0x000002b4   0x0000000e   Code   RO          888    .text               mc_w.l(strlen.o)
    0x000002c2   0x000002c2   0x0000001c   Code   RO          890    .text               mc_w.l(strcmp.o)
    0x000002de   0x000002de   0x0000001e   Code   RO          892    .text               mc_w.l(strncmp.o)
    0x000002fc   0x000002fc   0x000000e4   Code   RO          894    .text               mf_w.l(dmul.o)
    0x000003e0   0x000003e0   0x00000022   Code   RO          896    .text               mf_w.l(dflti.o)
    0x00000402   0x00000402   0x00000032   Code   RO          898    .text               mf_w.l(dfixui.o)
    0x00000434   0x00000434   0x00000020   Code   RO          941    .text               mc_w.l(llushr.o)
    0x00000454   0x00000454   0x00000000   Code   RO          950    .text               mc_w.l(iusefp.o)
    0x00000454   0x00000454   0x000000ba   Code   RO          951    .text               mf_w.l(depilogue.o)
    0x0000050e   0x0000050e   0x0000014e   Code   RO          953    .text               mf_w.l(dadd.o)
    0x0000065c   0x0000065c   0x000000de   Code   RO          955    .text               mf_w.l(ddiv.o)
    0x0000073a   0x0000073a   0x0000002e   Code   RO          957    .text               mf_w.l(dscalb.o)
    0x00000768   0x00000768   0x00000030   Code   RO          959    .text               mf_w.l(cdrcmple.o)
    0x00000798   0x00000798   0x00000024   Code   RO          961    .text               mc_w.l(init.o)
    0x000007bc   0x000007bc   0x0000001e   Code   RO          963    .text               mc_w.l(llshl.o)
    0x000007da   0x000007da   0x00000024   Code   RO          965    .text               mc_w.l(llsshr.o)
    0x000007fe   0x000007fe   0x000000a2   Code   RO          967    .text               mf_w.l(dsqrt.o)
    0x000008a0   0x000008a0   0x00000404   Code   RO          427    i.ADC0_InitSWTriggerSeq3  adcswtrigger.o
    0x00000ca4   0x00000ca4   0x0000004c   Code   RO          609    i.ADC_Collect       adc.o
    0x00000cf0   0x00000cf0   0x00000040   Code   RO          610    i.ADC_In            adc.o
    0x00000d30   0x00000d30   0x00000018   Code   RO          611    i.ADC_Open          adc.o
    0x00000d48   0x00000d48   0x0000000c   Code   RO          612    i.ADC_Status        adc.o
    0x00000d54   0x00000d54   0x00000064   Code   RO          402    i.Board_Init        board.o
    0x00000db8   0x00000db8   0x00000094   Code   RO          684    i.CmdLineProcess    cmdline.o
    0x00000e4c   0x00000e4c   0x00000020   Code   RO           34    i.Delay1ms          st7735.o
    0x00000e6c   0x00000e6c   0x00000090   Code   RO          651    i.OS_AddPeriodicThread  os.o
    0x00000efc   0x00000efc   0x0000000c   Code   RO          652    i.OS_ClearPeriodicTime  os.o
    0x00000f08   0x00000f08   0x0000000c   Code   RO          653    i.OS_ReadPeriodicTime  os.o
    0x00000f14   0x00000f14   0x00000010   Code   RO          738    i.OutCRLF           uart.o
    0x00000f24   0x00000f24   0x0000007c   Code   RO           12    i.PLL_Init          pll.o
    0x00000fa0   0x00000fa0   0x0000003c   Code   RO          739    i.RxFifo_Get        uart.o
    0x00000fdc   0x00000fdc   0x00000024   Code   RO          740    i.RxFifo_Init       uart.o
    0x00001000   0x00001000   0x0000003c   Code   RO          741    i.RxFifo_Put        uart.o
    0x0000103c   0x0000103c   0x00000018   Code   RO          742    i.RxFifo_Size       uart.o
    0x00001054   0x00001054   0x000000f8   Code   RO           43    i.ST7735_DrawCharS  st7735.o
    0x0000114c   0x0000114c   0x00000048   Code   RO           46    i.ST7735_DrawPixel  st7735.o
    0x00001194   0x00001194   0x00000056   Code   RO           47    i.ST7735_DrawString  st7735.o
    0x000011ea   0x000011ea   0x00000002   PAD
    0x000011ec   0x000011ec   0x000000ac   Code   RO           48    i.ST7735_FillRect   st7735.o
    0x00001298   0x00001298   0x00000024   Code   RO           49    i.ST7735_FillScreen  st7735.o
    0x000012bc   0x000012bc   0x0000007c   Code   RO           51    i.ST7735_InitR      st7735.o
    0x00001338   0x00001338   0x00000054   Code   RO           53    i.ST7735_Message    st7735.o
    0x0000138c   0x0000138c   0x000000d4   Code   RO           54    i.ST7735_OutChar    st7735.o
    0x00001460   0x00001460   0x00000018   Code   RO           55    i.ST7735_OutString  st7735.o
    0x00001478   0x00001478   0x0000008c   Code   RO           56    i.ST7735_OutUDec    st7735.o
    0x00001504   0x00001504   0x00000020   Code   RO           67    i.ST7735_SetCursor  st7735.o
    0x00001524   0x00001524   0x00000048   Code   RO          484    i.Timer0A_Handler   timer.o
    0x0000156c   0x0000156c   0x00000048   Code   RO          489    i.Timer1A_Handler   timer.o
    0x000015b4   0x000015b4   0x00000054   Code   RO          613    i.Timer2A_Handler   adc.o
    0x00001608   0x00001608   0x00000058   Code   RO          494    i.Timer2_Init       timer.o
    0x00001660   0x00001660   0x00000048   Code   RO          495    i.Timer3A_Handler   timer.o
    0x000016a8   0x000016a8   0x00000038   Code   RO          654    i.Timer5A_Handler   os.o
    0x000016e0   0x000016e0   0x0000003c   Code   RO          743    i.TxFifo_Get        uart.o
    0x0000171c   0x0000171c   0x00000024   Code   RO          744    i.TxFifo_Init       uart.o
    0x00001740   0x00001740   0x0000003c   Code   RO          745    i.TxFifo_Put        uart.o
    0x0000177c   0x0000177c   0x00000018   Code   RO          746    i.TxFifo_Size       uart.o
    0x00001794   0x00001794   0x00000058   Code   RO          747    i.UART0_Handler     uart.o
    0x000017ec   0x000017ec   0x00000014   Code   RO          748    i.UART_InChar       uart.o
    0x00001800   0x00001800   0x00000046   Code   RO          749    i.UART_InString     uart.o
    0x00001846   0x00001846   0x00000002   PAD
    0x00001848   0x00001848   0x000000cc   Code   RO          752    i.UART_Init         uart.o
    0x00001914   0x00001914   0x00000034   Code   RO          753    i.UART_OutChar      uart.o
    0x00001948   0x00001948   0x00000018   Code   RO          754    i.UART_OutString    uart.o
    0x00001960   0x00001960   0x0000002a   Code   RO          755    i.UART_OutUDec      uart.o
    0x0000198a   0x0000198a   0x00000028   Code   RO          914    i.__ARM_fpclassify  m_ws.l(fpclassify.o)
    0x000019b2   0x000019b2   0x000000aa   Code   RO          916    i.__kernel_poly     m_ws.l(poly.o)
    0x00001a5c   0x00001a5c   0x00000010   Code   RO          900    i.__mathlib_dbl_divzero  m_ws.l(dunder.o)
    0x00001a6c   0x00001a6c   0x00000004   Code   RO          902    i.__mathlib_dbl_infnan2  m_ws.l(dunder.o)
    0x00001a70   0x00001a70   0x0000000c   Code   RO          903    i.__mathlib_dbl_invalid  m_ws.l(dunder.o)
    0x00001a7c   0x00001a7c   0x0000000e   Code   RO          904    i.__mathlib_dbl_overflow  m_ws.l(dunder.o)
    0x00001a8a   0x00001a8a   0x00000002   PAD
    0x00001a8c   0x00001a8c   0x00000010   Code   RO          906    i.__mathlib_dbl_underflow  m_ws.l(dunder.o)
    0x00001a9c   0x00001a9c   0x0000000e   Code   RO          973    i.__scatterload_copy  mc_w.l(handlers.o)
    0x00001aaa   0x00001aaa   0x00000002   Code   RO          974    i.__scatterload_null  mc_w.l(handlers.o)
    0x00001aac   0x00001aac   0x0000000e   Code   RO          975    i.__scatterload_zeroinit  mc_w.l(handlers.o)
    0x00001aba   0x00001aba   0x00000002   PAD
    0x00001abc   0x00001abc   0x0000000c   Code   RO          945    i.__set_errno       mc_w.l(errno.o)
    0x00001ac8   0x00001ac8   0x00000274   Code   RO          685    i.adcCall           cmdline.o
    0x00001d3c   0x00001d3c   0x00000056   Code   RO           71    i.commandList       st7735.o
    0x00001d92   0x00001d92   0x00000002   PAD
    0x00001d94   0x00001d94   0x00000188   Code   RO           72    i.commonInit        st7735.o
    0x00001f1c   0x00001f1c   0x00000028   Code   RO          757    i.copyHardwareToSoftware  uart.o
    0x00001f44   0x00001f44   0x0000002c   Code   RO          758    i.copySoftwareToHardware  uart.o
    0x00001f70   0x00001f70   0x00000002   Code   RO          341    i.dummy             sensorboardtestmain.o
    0x00001f72   0x00001f72   0x00000002   PAD
    0x00001f74   0x00001f74   0x00000048   Code   RO           75    i.fillmessage       st7735.o
    0x00001fbc   0x00001fbc   0x00000120   Code   RO          686    i.lcdCall           cmdline.o
    0x000020dc   0x000020dc   0x00000074   Code   RO          342    i.main              sensorboardtestmain.o
    0x00002150   0x00002150   0x000000dc   Code   RO          687    i.osCall            cmdline.o
    0x0000222c   0x0000222c   0x00000064   Code   RO          688    i.parseNumber       cmdline.o
    0x00002290   0x00002290   0x000009d8   Code   RO          876    i.pow               m_ws.l(pow.o)
    0x00002c68   0x00002c68   0x00000012   Code   RO           79    i.pushColor         st7735.o
    0x00002c7a   0x00002c7a   0x00000002   PAD
    0x00002c7c   0x00002c7c   0x00000074   Code   RO           80    i.setAddrWindow     st7735.o
    0x00002cf0   0x00002cf0   0x0000004c   Code   RO          920    i.sqrt              m_ws.l(sqrt.o)
    0x00002d3c   0x00002d3c   0x00000030   Code   RO           81    i.writecommand      st7735.o
    0x00002d6c   0x00002d6c   0x00000024   Code   RO           82    i.writedata         st7735.o
    0x00002d90   0x00002d90   0x000007e2   Data   RO           84    .constdata          st7735.o
    0x00003572   0x00003572   0x00000006   PAD
    0x00003578   0x00003578   0x00000088   Data   RO          877    .constdata          m_ws.l(pow.o)
    0x00003600   0x00003600   0x00000008   Data   RO          918    .constdata          m_ws.l(qnan.o)
    0x00003608   0x00003608   0x0000000b   Data   RO          690    .conststring        cmdline.o
    0x00003613   0x00003613   0x00000001   PAD
    0x00003614   0x00003614   0x00000020   Data   RO          971    Region$$Table       anon$$obj.o


    Execution Region ER_RW (Exec base: 0x20000000, Load base: 0x00003634, Size: 0x000000f0, Max: 0xffffffff, ABSOLUTE)

    Exec Addr    Load Addr    Size         Type   Attr      Idx    E Section Name        Object

    0x20000000   0x00003634   0x0000002c   Data   RW           85    .data               st7735.o
    0x2000002c   0x00003660   0x00000028   Data   RW          500    .data               timer.o
    0x20000054   0x00003688   0x00000011   Data   RW          614    .data               adc.o
    0x20000065   0x00003699   0x00000003   PAD
    0x20000068   0x0000369c   0x00000008   Data   RW          655    .data               os.o
    0x20000070   0x000036a4   0x0000006c   Data   RW          691    .data               cmdline.o
    0x200000dc   0x00003710   0x00000010   Data   RW          760    .data               uart.o
    0x200000ec   0x00003720   0x00000004   Data   RW          946    .data               mc_w.l(errno.o)


    Execution Region ER_ZI (Exec base: 0x200000f0, Load base: 0x00003724, Size: 0x00000450, Max: 0xffffffff, ABSOLUTE)

    Exec Addr    Load Addr    Size         Type   Attr      Idx    E Section Name        Object

    0x200000f0        -       0x0000000c   Zero   RW           83    .bss                st7735.o
    0x200000fc        -       0x00000024   Zero   RW          689    .bss                cmdline.o
    0x20000120        -       0x00000020   Zero   RW          759    .bss                uart.o
    0x20000140        -       0x00000400   Zero   RW            1    STACK               startup.o


==============================================================================

Image component sizes


      Code (inc. data)   RO Data    RW Data    ZI Data      Debug   Object Name

       260         60          0         17          0       3028   adc.o
      1028         68          0          0          0        917   adcswtrigger.o
       100         20          0          0          0        453   board.o
      1384        590         11        108         36       5726   cmdline.o
       224         54          0          8          0       2644   os.o
       124          4          0          0          0       4991   pll.o
       118         40          0          0          0        983   sensorboardtestmain.o
      2030        224       2018         44         12      15510   st7735.o
       672        622          0          0       1024       1036   startup.o
       304         84          0         40          0       3165   timer.o
       960        140          0         16         32      10189   uart.o

    ----------------------------------------------------------------------
      7214       1906       2068        236       1104      48642   Object Totals
         0          0         32          0          0          0   (incl. Generated)
        10          0          7          3          0          0   (incl. Padding)

    ----------------------------------------------------------------------

      Code (inc. data)   RO Data    RW Data    ZI Data      Debug   Library Member Name

        62         10          0          0          0        340   dunder.o
        40          0          0          0          0         68   fpclassify.o
       170          0          0          0          0         96   poly.o
      2520        190        136          0          0        324   pow.o
         0          0          8          0          0          0   qnan.o
        76          0          0          0          0         84   sqrt.o
         0          0          0          0          0          0   entry.o
         0          0          0          0          0          0   entry10a.o
         0          0          0          0          0          0   entry11a.o
         8          4          0          0          0          0   entry2.o
         4          0          0          0          0          0   entry5.o
         0          0          0          0          0          0   entry7b.o
         0          0          0          0          0          0   entry8b.o
         8          4          0          0          0          0   entry9a.o
        12          6          0          4          0         68   errno.o
        30          0          0          0          0          0   handlers.o
        36          8          0          0          0         68   init.o
         0          0          0          0          0          0   iusefp.o
        30          0          0          0          0         68   llshl.o
        36          0          0          0          0         68   llsshr.o
        32          0          0          0          0         68   llushr.o
        28          0          0          0          0         76   strcmp.o
        14          0          0          0          0         68   strlen.o
        30          0          0          0          0         80   strncmp.o
        48          0          0          0          0         68   cdrcmple.o
       334          0          0          0          0        148   dadd.o
       222          0          0          0          0        100   ddiv.o
       186          0          0          0          0        176   depilogue.o
        50          0          0          0          0         76   dfixui.o
        34          0          0          0          0         76   dflti.o
       228          0          0          0          0         96   dmul.o
        46          0          0          0          0         80   dscalb.o
       162          0          0          0          0        100   dsqrt.o

    ----------------------------------------------------------------------
      4450        222        144          4          0       2396   Library Totals
         4          0          0          0          0          0   (incl. Padding)

    ----------------------------------------------------------------------

      Code (inc. data)   RO Data    RW Data    ZI Data      Debug   Library Name

      2868        200        144          0          0        912   m_ws.l
       268         22          0          4          0        564   mc_w.l
      1310          0          0          0          0        920   mf_w.l

    ----------------------------------------------------------------------
      4450        222        144          4          0       2396   Library Totals

    ----------------------------------------------------------------------

==============================================================================


      Code (inc. data)   RO Data    RW Data    ZI Data      Debug   

     11664       2128       2212        240       1104      47186   Grand Totals
     11664       2128       2212        240       1104      47186   ELF Image Totals
     11664       2128       2212        240          0          0   ROM Totals

==============================================================================

    Total RO  Size (Code + RO Data)                13876 (  13.55kB)
    Total RW  Size (RW Data + ZI Data)              1344 (   1.31kB)
    Total ROM Size (Code + RO Data + RW Data)      14116 (  13.79kB)

==============================================================================

