<html>
<body>
<pre>
<h1>µVision Build Log</h1>
<h2>Tool Versions:</h2>
IDE-Version: µVision V5.26.2.0
Copyright (C) 2018 ARM Ltd and ARM Germany GmbH. All rights reserved.
License Information: tariq muhanna, ee445l, LIC=Z3C64-Z4BMR-K15KE-NYIH9-EABNQ-K7D04
 
Tool Versions:
Toolchain:       MDK-ARM Professional  Version: 5.26.2.0
Toolchain Path:  C:\Keil_v5\ARM\ARMCC\Bin
C Compiler:      Armcc.exe V5.06 update 6 (build 750)
Assembler:       Armasm.exe V5.06 update 6 (build 750)
Linker/Locator:  ArmLink.exe V5.06 update 6 (build 750)
Library Manager: ArmAr.exe V5.06 update 6 (build 750)
Hex Converter:   FromElf.exe V5.06 update 6 (build 750)
CPU DLL:         SARMCM3.DLL V5.26.2.0
Dialog DLL:      DCM.DLL V1.17.2.0
Target DLL:      lmidk-agdi.dll V???
Dialog DLL:      TCM.DLL V1.36.1.0
 
<h2>Project:</h2>
C:\Users\Tariq Muhanna\Documents\ValvanoWareTM4C123\EE 445M\Lab 1\SensorTestProject\SensorBoardTest.uvproj
Project File Date:  01/25/2019

<h2>Output:</h2>
*** Using Compiler 'V5.06 update 6 (build 750)', folder: 'C:\Keil_v5\ARM\ARMCC\Bin'
Rebuild target 'SensorBoardTest'
assembling startup.s...
compiling PLL.c...
compiling ST7735.c...
compiling SensorBoardTestMain.c...
compiling board.c...
compiling ADCSWTrigger.c...
compiling Timer.c...
compiling ADC.c...
ADC.c(19): warning:  #223-D: function "Timer2_Init" declared implicitly
  	Timer2_Init(1000);
ADC.c(20): warning:  #940-D: missing return statement at end of non-void function "ADC_Open" 
  }
ADC.c(26): warning:  #223-D: function "Timer2_Init" declared implicitly
  	Timer2_Init(fs);
ADC.c(28): warning:  #940-D: missing return statement at end of non-void function "ADC_Collect" 
  	}
ADC.c: 4 warnings, 0 errors
linking...
Program Size: Code=3316 RO-data=2052 RW-data=84 ZI-data=1036  
".\SensorBoardTest.axf" - 0 Error(s), 4 Warning(s).
Build Time Elapsed:  00:00:02
</pre>
</body>
</html>
