<html>
<body>
<pre>
<h1>µVision Build Log</h1>
<h2>Project:</h2>
C:\Users\Abhishek\Documents\ValvanoWareTM4C123\SensorTestProject\SensorBoardTest.uvproj
Project File Date:  01/26/2019

<h2>Output:</h2>
Rebuild target 'SensorBoardTest'
assembling startup.s...
compiling PLL.c...
compiling ST7735.c...
compiling SensorBoardTestMain.c...
SensorBoardTestMain.c(109): warning:  #940-D: missing return statement at end of non-void function "main0"
  }
SensorBoardTestMain.c: 1 warning, 0 errors
compiling board.c...
compiling ADCSWTrigger.c...
compiling Timer.c...
compiling ADC.c...
ADC.c(48): warning:  #111-D: statement is unreachable
        return 0;
ADC.c: 1 warning, 0 errors
linking...
Program Size: Code=3344 RO-data=2052 RW-data=92 ZI-data=1036  
".\SensorBoardTest.axf" - 0 Error(s), 2 Warning(s).
</pre>
</body>
</html>
