ARM Linker, 5.03 [Build 76] [MDK-ARM Lite]

==============================================================================

Section Cross References

    startup.o(RESET) refers to startup.o(STACK) for StackMem
    startup.o(RESET) refers to uart.o(i.UART0_Handler) for UART0_Handler
    startup.o(RESET) refers to timer.o(i.Timer0A_Handler) for Timer0A_Handler
    startup.o(RESET) refers to timer.o(i.Timer1A_Handler) for Timer1A_Handler
    startup.o(RESET) refers to adc.o(i.Timer2A_Handler) for Timer2A_Handler
    startup.o(RESET) refers to timer.o(i.Timer3A_Handler) for Timer3A_Handler
    startup.o(RESET) refers to entry.o(.ARM.Collect$$$$00000000) for __main
    st7735.o(i.Output_Clear) refers to st7735.o(i.ST7735_FillScreen) for ST7735_FillScreen
    st7735.o(i.Output_Color) refers to st7735.o(i.ST7735_SetTextColor) for ST7735_SetTextColor
    st7735.o(i.Output_Init) refers to st7735.o(i.ST7735_InitR) for ST7735_InitR
    st7735.o(i.Output_Init) refers to st7735.o(i.ST7735_FillScreen) for ST7735_FillScreen
    st7735.o(i.Output_Off) refers to st7735.o(i.Output_Clear) for Output_Clear
    st7735.o(i.Output_On) refers to st7735.o(i.Output_Init) for Output_Init
    st7735.o(i.ST7735_DrawBitmap) refers to st7735.o(i.setAddrWindow) for setAddrWindow
    st7735.o(i.ST7735_DrawBitmap) refers to st7735.o(i.writedata) for writedata
    st7735.o(i.ST7735_DrawBitmap) refers to st7735.o(.data) for _width
    st7735.o(i.ST7735_DrawChar) refers to st7735.o(i.setAddrWindow) for setAddrWindow
    st7735.o(i.ST7735_DrawChar) refers to st7735.o(i.pushColor) for pushColor
    st7735.o(i.ST7735_DrawChar) refers to st7735.o(.data) for _width
    st7735.o(i.ST7735_DrawChar) refers to st7735.o(.constdata) for Font
    st7735.o(i.ST7735_DrawCharS) refers to st7735.o(i.ST7735_DrawPixel) for ST7735_DrawPixel
    st7735.o(i.ST7735_DrawCharS) refers to st7735.o(i.ST7735_FillRect) for ST7735_FillRect
    st7735.o(i.ST7735_DrawCharS) refers to st7735.o(.data) for _width
    st7735.o(i.ST7735_DrawCharS) refers to st7735.o(.constdata) for Font
    st7735.o(i.ST7735_DrawFastHLine) refers to st7735.o(i.setAddrWindow) for setAddrWindow
    st7735.o(i.ST7735_DrawFastHLine) refers to st7735.o(i.writedata) for writedata
    st7735.o(i.ST7735_DrawFastHLine) refers to st7735.o(.data) for _width
    st7735.o(i.ST7735_DrawFastVLine) refers to st7735.o(i.setAddrWindow) for setAddrWindow
    st7735.o(i.ST7735_DrawFastVLine) refers to st7735.o(i.writedata) for writedata
    st7735.o(i.ST7735_DrawFastVLine) refers to st7735.o(.data) for _width
    st7735.o(i.ST7735_DrawPixel) refers to st7735.o(i.setAddrWindow) for setAddrWindow
    st7735.o(i.ST7735_DrawPixel) refers to st7735.o(i.pushColor) for pushColor
    st7735.o(i.ST7735_DrawPixel) refers to st7735.o(.data) for _width
    st7735.o(i.ST7735_DrawString) refers to st7735.o(i.ST7735_DrawCharS) for ST7735_DrawCharS
    st7735.o(i.ST7735_FillRect) refers to st7735.o(i.setAddrWindow) for setAddrWindow
    st7735.o(i.ST7735_FillRect) refers to st7735.o(i.writedata) for writedata
    st7735.o(i.ST7735_FillRect) refers to st7735.o(.data) for _width
    st7735.o(i.ST7735_FillScreen) refers to st7735.o(i.ST7735_FillRect) for ST7735_FillRect
    st7735.o(i.ST7735_FillScreen) refers to st7735.o(.data) for _height
    st7735.o(i.ST7735_InitB) refers to st7735.o(i.commonInit) for commonInit
    st7735.o(i.ST7735_InitB) refers to st7735.o(i.ST7735_SetCursor) for ST7735_SetCursor
    st7735.o(i.ST7735_InitB) refers to st7735.o(i.ST7735_FillScreen) for ST7735_FillScreen
    st7735.o(i.ST7735_InitB) refers to st7735.o(.constdata) for Bcmd
    st7735.o(i.ST7735_InitB) refers to st7735.o(.data) for StTextColor
    st7735.o(i.ST7735_InitR) refers to st7735.o(i.commonInit) for commonInit
    st7735.o(i.ST7735_InitR) refers to st7735.o(i.commandList) for commandList
    st7735.o(i.ST7735_InitR) refers to st7735.o(i.writecommand) for writecommand
    st7735.o(i.ST7735_InitR) refers to st7735.o(i.writedata) for writedata
    st7735.o(i.ST7735_InitR) refers to st7735.o(i.ST7735_SetCursor) for ST7735_SetCursor
    st7735.o(i.ST7735_InitR) refers to st7735.o(i.ST7735_FillScreen) for ST7735_FillScreen
    st7735.o(i.ST7735_InitR) refers to st7735.o(.constdata) for Rcmd1
    st7735.o(i.ST7735_InitR) refers to st7735.o(.data) for ColStart
    st7735.o(i.ST7735_InvertDisplay) refers to st7735.o(i.writecommand) for writecommand
    st7735.o(i.ST7735_Message) refers to st7735.o(i.ST7735_SetCursor) for ST7735_SetCursor
    st7735.o(i.ST7735_Message) refers to st7735.o(i.ST7735_OutString) for ST7735_OutString
    st7735.o(i.ST7735_Message) refers to st7735.o(i.ST7735_OutChar) for ST7735_OutChar
    st7735.o(i.ST7735_Message) refers to st7735.o(i.ST7735_OutUDec) for ST7735_OutUDec
    st7735.o(i.ST7735_OutChar) refers to st7735.o(i.ST7735_DrawString) for ST7735_DrawString
    st7735.o(i.ST7735_OutChar) refers to st7735.o(i.ST7735_DrawCharS) for ST7735_DrawCharS
    st7735.o(i.ST7735_OutChar) refers to st7735.o(.data) for StY
    st7735.o(i.ST7735_OutString) refers to st7735.o(i.ST7735_OutChar) for ST7735_OutChar
    st7735.o(i.ST7735_OutUDec) refers to st7735.o(i.fillmessage) for fillmessage
    st7735.o(i.ST7735_OutUDec) refers to st7735.o(i.ST7735_DrawString) for ST7735_DrawString
    st7735.o(i.ST7735_OutUDec) refers to st7735.o(i.ST7735_DrawCharS) for ST7735_DrawCharS
    st7735.o(i.ST7735_OutUDec) refers to st7735.o(.data) for Messageindex
    st7735.o(i.ST7735_OutUDec) refers to st7735.o(.bss) for Message
    st7735.o(i.ST7735_OutUDec4) refers to st7735.o(i.fillmessage4) for fillmessage4
    st7735.o(i.ST7735_OutUDec4) refers to st7735.o(i.ST7735_DrawString) for ST7735_DrawString
    st7735.o(i.ST7735_OutUDec4) refers to st7735.o(i.ST7735_DrawCharS) for ST7735_DrawCharS
    st7735.o(i.ST7735_OutUDec4) refers to st7735.o(.data) for Messageindex
    st7735.o(i.ST7735_OutUDec4) refers to st7735.o(.bss) for Message
    st7735.o(i.ST7735_OutUDec5) refers to st7735.o(i.fillmessage5) for fillmessage5
    st7735.o(i.ST7735_OutUDec5) refers to st7735.o(i.ST7735_DrawString) for ST7735_DrawString
    st7735.o(i.ST7735_OutUDec5) refers to st7735.o(i.ST7735_DrawCharS) for ST7735_DrawCharS
    st7735.o(i.ST7735_OutUDec5) refers to st7735.o(.data) for Messageindex
    st7735.o(i.ST7735_OutUDec5) refers to st7735.o(.bss) for Message
    st7735.o(i.ST7735_PlotBar) refers to st7735.o(i.ST7735_DrawFastVLine) for ST7735_DrawFastVLine
    st7735.o(i.ST7735_PlotBar) refers to st7735.o(.data) for Ymin
    st7735.o(i.ST7735_PlotClear) refers to st7735.o(i.ST7735_Color565) for ST7735_Color565
    st7735.o(i.ST7735_PlotClear) refers to st7735.o(i.ST7735_FillRect) for ST7735_FillRect
    st7735.o(i.ST7735_PlotClear) refers to st7735.o(.data) for Ymax
    st7735.o(i.ST7735_PlotLine) refers to st7735.o(i.ST7735_DrawPixel) for ST7735_DrawPixel
    st7735.o(i.ST7735_PlotLine) refers to st7735.o(.data) for Ymin
    st7735.o(i.ST7735_PlotNext) refers to st7735.o(.data) for X
    st7735.o(i.ST7735_PlotNextErase) refers to st7735.o(i.ST7735_Color565) for ST7735_Color565
    st7735.o(i.ST7735_PlotNextErase) refers to st7735.o(i.ST7735_DrawFastVLine) for ST7735_DrawFastVLine
    st7735.o(i.ST7735_PlotNextErase) refers to st7735.o(.data) for X
    st7735.o(i.ST7735_PlotPoint) refers to st7735.o(i.ST7735_DrawPixel) for ST7735_DrawPixel
    st7735.o(i.ST7735_PlotPoint) refers to st7735.o(.data) for Ymin
    st7735.o(i.ST7735_PlotPoints) refers to st7735.o(i.ST7735_DrawPixel) for ST7735_DrawPixel
    st7735.o(i.ST7735_PlotPoints) refers to st7735.o(.data) for Ymin
    st7735.o(i.ST7735_PlotdBfs) refers to st7735.o(i.ST7735_DrawFastVLine) for ST7735_DrawFastVLine
    st7735.o(i.ST7735_PlotdBfs) refers to st7735.o(.constdata) for dBfs
    st7735.o(i.ST7735_PlotdBfs) refers to st7735.o(.data) for X
    st7735.o(i.ST7735_SetCursor) refers to st7735.o(.data) for StX
    st7735.o(i.ST7735_SetRotation) refers to st7735.o(i.writecommand) for writecommand
    st7735.o(i.ST7735_SetRotation) refers to st7735.o(i.writedata) for writedata
    st7735.o(i.ST7735_SetRotation) refers to st7735.o(.data) for Rotation
    st7735.o(i.ST7735_SetTextColor) refers to st7735.o(.data) for StTextColor
    st7735.o(i.commandList) refers to st7735.o(i.writecommand) for writecommand
    st7735.o(i.commandList) refers to st7735.o(i.writedata) for writedata
    st7735.o(i.commandList) refers to st7735.o(i.Delay1ms) for Delay1ms
    st7735.o(i.commonInit) refers to st7735.o(i.Delay1ms) for Delay1ms
    st7735.o(i.commonInit) refers to st7735.o(i.commandList) for commandList
    st7735.o(i.commonInit) refers to st7735.o(.data) for RowStart
    st7735.o(i.fillmessage) refers to st7735.o(.bss) for Message
    st7735.o(i.fillmessage) refers to st7735.o(.data) for Messageindex
    st7735.o(i.fillmessage4) refers to st7735.o(i.fillmessage) for fillmessage
    st7735.o(i.fillmessage4) refers to st7735.o(.data) for Messageindex
    st7735.o(i.fillmessage4) refers to st7735.o(.bss) for Message
    st7735.o(i.fillmessage5) refers to st7735.o(i.fillmessage) for fillmessage
    st7735.o(i.fillmessage5) refers to st7735.o(.data) for Messageindex
    st7735.o(i.fillmessage5) refers to st7735.o(.bss) for Message
    st7735.o(i.fputc) refers to st7735.o(i.ST7735_OutChar) for ST7735_OutChar
    st7735.o(i.pushColor) refers to st7735.o(i.writedata) for writedata
    st7735.o(i.setAddrWindow) refers to st7735.o(i.writecommand) for writecommand
    st7735.o(i.setAddrWindow) refers to st7735.o(i.writedata) for writedata
    st7735.o(i.setAddrWindow) refers to st7735.o(.data) for ColStart
    sensorboardtestmain.o(i.OutCRLF) refers to uart.o(i.UART_OutChar) for UART_OutChar
    sensorboardtestmain.o(i.OutCRLF) refers to pll.o(i.PLL_Init) for PLL_Init
    sensorboardtestmain.o(i.OutCRLF) refers to uart.o(i.UART_Init) for UART_Init
    sensorboardtestmain.o(i.OutCRLF) refers to uart.o(i.UART_OutString) for UART_OutString
    sensorboardtestmain.o(i.OutCRLF) refers to uart.o(i.UART_InString) for UART_InString
    sensorboardtestmain.o(i.OutCRLF) refers to uart.o(i.UART_InUDec) for UART_InUDec
    sensorboardtestmain.o(i.OutCRLF) refers to uart.o(i.UART_OutUDec) for UART_OutUDec
    sensorboardtestmain.o(i.OutCRLF) refers to uart.o(i.UART_InUHex) for UART_InUHex
    sensorboardtestmain.o(i.OutCRLF) refers to uart.o(i.UART_OutUHex) for UART_OutUHex
    sensorboardtestmain.o(i.main) refers to pll.o(i.PLL_Init) for PLL_Init
    sensorboardtestmain.o(i.main) refers to board.o(i.Board_Init) for Board_Init
    sensorboardtestmain.o(i.main0) refers to pll.o(i.PLL_Init) for PLL_Init
    sensorboardtestmain.o(i.main0) refers to board.o(i.Board_Init) for Board_Init
    sensorboardtestmain.o(i.main0) refers to st7735.o(i.ST7735_InitR) for ST7735_InitR
    sensorboardtestmain.o(i.main0) refers to st7735.o(i.ST7735_FillScreen) for ST7735_FillScreen
    sensorboardtestmain.o(i.main0) refers to st7735.o(i.ST7735_Message) for ST7735_Message
    sensorboardtestmain.o(i.main01) refers to pll.o(i.PLL_Init) for PLL_Init
    sensorboardtestmain.o(i.main01) refers to board.o(i.Board_Init) for Board_Init
    sensorboardtestmain.o(i.main01) refers to st7735.o(i.ST7735_InitR) for ST7735_InitR
    sensorboardtestmain.o(i.main01) refers to st7735.o(i.ST7735_FillScreen) for ST7735_FillScreen
    sensorboardtestmain.o(i.main01) refers to st7735.o(i.ST7735_Message) for ST7735_Message
    sensorboardtestmain.o(i.main01) refers to adc.o(i.ADC_Collect) for ADC_Collect
    sensorboardtestmain.o(i.main01) refers to adc.o(i.ADC_Status) for ADC_Status
    sensorboardtestmain.o(i.main1) refers to pll.o(i.PLL_Init) for PLL_Init
    sensorboardtestmain.o(i.main1) refers to board.o(i.Board_Init) for Board_Init
    sensorboardtestmain.o(i.main1) refers to timer.o(i.Timer0_Init) for Timer0_Init
    sensorboardtestmain.o(i.main1) refers to timer.o(i.Timer1_Init) for Timer1_Init
    sensorboardtestmain.o(i.main1) refers to timer.o(i.Timer3_Init) for Timer3_Init
    sensorboardtestmain.o(i.main1) refers to st7735.o(i.ST7735_InitR) for ST7735_InitR
    sensorboardtestmain.o(i.main1) refers to st7735.o(i.ST7735_DrawString) for ST7735_DrawString
    sensorboardtestmain.o(i.main1) refers to sensorboardtestmain.o(i.DelayWait10ms) for DelayWait10ms
    sensorboardtestmain.o(i.main1) refers to board.o(i.Board_Input) for Board_Input
    sensorboardtestmain.o(i.main1) refers to adcswtrigger.o(i.ADC_Init3210) for ADC_Init3210
    sensorboardtestmain.o(i.main1) refers to startup.o(.text) for EnableInterrupts
    sensorboardtestmain.o(i.main1) refers to timer.o(i.Timer0_StartPing) for Timer0_StartPing
    sensorboardtestmain.o(i.main1) refers to timer.o(i.Timer1_StartPing) for Timer1_StartPing
    sensorboardtestmain.o(i.main1) refers to timer.o(i.Timer3_StartPing) for Timer3_StartPing
    sensorboardtestmain.o(i.main1) refers to timer.o(i.Timer0_StartHCSR04) for Timer0_StartHCSR04
    sensorboardtestmain.o(i.main1) refers to timer.o(i.Timer1_StartHCSR04) for Timer1_StartHCSR04
    sensorboardtestmain.o(i.main1) refers to timer.o(i.Timer3_StartHCSR04) for Timer3_StartHCSR04
    sensorboardtestmain.o(i.main1) refers to adcswtrigger.o(i.ADC_In3210) for ADC_In3210
    sensorboardtestmain.o(i.main1) refers to st7735.o(i.ST7735_SetCursor) for ST7735_SetCursor
    sensorboardtestmain.o(i.main1) refers to adcswtrigger.o(i.ADC2millimeter) for ADC2millimeter
    sensorboardtestmain.o(i.main1) refers to st7735.o(i.ST7735_OutUDec4) for ST7735_OutUDec4
    sensorboardtestmain.o(i.main1) refers to st7735.o(i.ST7735_OutString) for ST7735_OutString
    sensorboardtestmain.o(i.main1) refers to timer.o(i.Timer0_Read) for Timer0_Read
    sensorboardtestmain.o(i.main1) refers to timer.o(i.Cycles2millimeter) for Cycles2millimeter
    sensorboardtestmain.o(i.main1) refers to st7735.o(i.ST7735_OutUDec5) for ST7735_OutUDec5
    sensorboardtestmain.o(i.main1) refers to timer.o(i.Timer1_Read) for Timer1_Read
    sensorboardtestmain.o(i.main1) refers to timer.o(i.Timer3_Read) for Timer3_Read
    sensorboardtestmain.o(i.main1) refers to sensorboardtestmain.o(.data) for PingType
    sensorboardtestmain.o(i.main1) refers to sensorboardtestmain.o(.bss) for IRdata
    timer.o(i.Timer0A_Handler) refers to timer.o(.data) for Timer0First
    timer.o(i.Timer0_Init) refers to timer.o(.data) for Timer0Pulse
    timer.o(i.Timer0_Read) refers to timer.o(.data) for Timer0Done
    timer.o(i.Timer0_StartHCSR04) refers to timer.o(i.DelayWait10us) for DelayWait10us
    timer.o(i.Timer0_StartHCSR04) refers to timer.o(.data) for Timer0Done
    timer.o(i.Timer0_StartPing) refers to timer.o(i.DelayWait5us) for DelayWait5us
    timer.o(i.Timer0_StartPing) refers to timer.o(.data) for Timer0Done
    timer.o(i.Timer1A_Handler) refers to timer.o(.data) for Timer1First
    timer.o(i.Timer1_Init) refers to timer.o(.data) for Timer1Pulse
    timer.o(i.Timer1_Read) refers to timer.o(.data) for Timer1Done
    timer.o(i.Timer1_StartHCSR04) refers to timer.o(i.DelayWait10us) for DelayWait10us
    timer.o(i.Timer1_StartHCSR04) refers to timer.o(.data) for Timer1Done
    timer.o(i.Timer1_StartPing) refers to timer.o(i.DelayWait5us) for DelayWait5us
    timer.o(i.Timer1_StartPing) refers to timer.o(.data) for Timer1Done
    timer.o(i.Timer3A_Handler) refers to timer.o(.data) for Timer3First
    timer.o(i.Timer3_Init) refers to timer.o(.data) for Timer3Pulse
    timer.o(i.Timer3_Read) refers to timer.o(.data) for Timer3Done
    timer.o(i.Timer3_StartHCSR04) refers to timer.o(i.DelayWait10us) for DelayWait10us
    timer.o(i.Timer3_StartHCSR04) refers to timer.o(.data) for Timer3Done
    timer.o(i.Timer3_StartPing) refers to timer.o(i.DelayWait5us) for DelayWait5us
    timer.o(i.Timer3_StartPing) refers to timer.o(.data) for Timer3Done
    adc.o(i.ADC_Collect) refers to adc.o(i.ADC_Open) for ADC_Open
    adc.o(i.ADC_Collect) refers to startup.o(.text) for DisableInterrupts
    adc.o(i.ADC_Collect) refers to timer.o(i.Timer2_Init) for Timer2_Init
    adc.o(i.ADC_Collect) refers to adc.o(.data) for status
    adc.o(i.ADC_In) refers to adc.o(.data) for channel
    adc.o(i.ADC_Open) refers to adcswtrigger.o(i.ADC0_InitSWTriggerSeq3) for ADC0_InitSWTriggerSeq3
    adc.o(i.ADC_Open) refers to adc.o(.data) for channel
    adc.o(i.ADC_Status) refers to adc.o(.data) for status
    adc.o(i.Timer2A_Handler) refers to adc.o(i.ADC_In) for ADC_In
    adc.o(i.Timer2A_Handler) refers to adc.o(.data) for sampleCounter
    uart.o(i.RxFifo_Get) refers to uart.o(.data) for RxPutI
    uart.o(i.RxFifo_Get) refers to uart.o(.bss) for RxFifo
    uart.o(i.RxFifo_Init) refers to startup.o(.text) for StartCritical
    uart.o(i.RxFifo_Init) refers to uart.o(.data) for RxGetI
    uart.o(i.RxFifo_Put) refers to uart.o(.data) for RxPutI
    uart.o(i.RxFifo_Put) refers to uart.o(.bss) for RxFifo
    uart.o(i.RxFifo_Size) refers to uart.o(.data) for RxPutI
    uart.o(i.TxFifo_Get) refers to uart.o(.data) for TxPutI
    uart.o(i.TxFifo_Get) refers to uart.o(.bss) for TxFifo
    uart.o(i.TxFifo_Init) refers to startup.o(.text) for StartCritical
    uart.o(i.TxFifo_Init) refers to uart.o(.data) for TxGetI
    uart.o(i.TxFifo_Put) refers to uart.o(.data) for TxPutI
    uart.o(i.TxFifo_Put) refers to uart.o(.bss) for TxFifo
    uart.o(i.TxFifo_Size) refers to uart.o(.data) for TxPutI
    uart.o(i.UART0_Handler) refers to uart.o(i.copySoftwareToHardware) for copySoftwareToHardware
    uart.o(i.UART0_Handler) refers to uart.o(i.TxFifo_Size) for TxFifo_Size
    uart.o(i.UART0_Handler) refers to uart.o(i.copyHardwareToSoftware) for copyHardwareToSoftware
    uart.o(i.UART_InChar) refers to uart.o(i.RxFifo_Get) for RxFifo_Get
    uart.o(i.UART_InString) refers to uart.o(i.UART_InChar) for UART_InChar
    uart.o(i.UART_InString) refers to uart.o(i.UART_OutChar) for UART_OutChar
    uart.o(i.UART_InUDec) refers to uart.o(i.UART_InChar) for UART_InChar
    uart.o(i.UART_InUDec) refers to uart.o(i.UART_OutChar) for UART_OutChar
    uart.o(i.UART_InUHex) refers to uart.o(i.UART_InChar) for UART_InChar
    uart.o(i.UART_InUHex) refers to uart.o(i.UART_OutChar) for UART_OutChar
    uart.o(i.UART_Init) refers to uart.o(i.RxFifo_Init) for RxFifo_Init
    uart.o(i.UART_Init) refers to uart.o(i.TxFifo_Init) for TxFifo_Init
    uart.o(i.UART_Init) refers to startup.o(.text) for EnableInterrupts
    uart.o(i.UART_OutChar) refers to uart.o(i.TxFifo_Put) for TxFifo_Put
    uart.o(i.UART_OutChar) refers to uart.o(i.copySoftwareToHardware) for copySoftwareToHardware
    uart.o(i.UART_OutString) refers to uart.o(i.UART_OutChar) for UART_OutChar
    uart.o(i.UART_OutUDec) refers to uart.o(i.UART_OutChar) for UART_OutChar
    uart.o(i.UART_OutUHex) refers to uart.o(i.UART_OutChar) for UART_OutChar
    uart.o(i.copyHardwareToSoftware) refers to uart.o(i.RxFifo_Put) for RxFifo_Put
    uart.o(i.copyHardwareToSoftware) refers to uart.o(i.RxFifo_Size) for RxFifo_Size
    uart.o(i.copySoftwareToHardware) refers to uart.o(i.TxFifo_Get) for TxFifo_Get
    uart.o(i.copySoftwareToHardware) refers to uart.o(i.TxFifo_Size) for TxFifo_Size
    entry.o(.ARM.Collect$$$$00000000) refers (Special) to entry10a.o(.ARM.Collect$$$$0000000D) for __rt_final_cpp
    entry.o(.ARM.Collect$$$$00000000) refers (Special) to entry11a.o(.ARM.Collect$$$$0000000F) for __rt_final_exit
    entry.o(.ARM.Collect$$$$00000000) refers (Special) to entry7b.o(.ARM.Collect$$$$00000008) for _main_clock
    entry.o(.ARM.Collect$$$$00000000) refers (Special) to entry8b.o(.ARM.Collect$$$$0000000A) for _main_cpp_init
    entry.o(.ARM.Collect$$$$00000000) refers (Special) to entry9a.o(.ARM.Collect$$$$0000000B) for _main_init
    entry.o(.ARM.Collect$$$$00000000) refers (Special) to entry5.o(.ARM.Collect$$$$00000004) for _main_scatterload
    entry.o(.ARM.Collect$$$$00000000) refers (Special) to entry2.o(.ARM.Collect$$$$00000001) for _main_stk
    entry2.o(.ARM.Collect$$$$00000001) refers to entry2.o(.ARM.Collect$$$$00002712) for __lit__00000000
    entry2.o(.ARM.Collect$$$$00002712) refers to startup.o(STACK) for __initial_sp
    entry2.o(__vectab_stack_and_reset_area) refers to startup.o(STACK) for __initial_sp
    entry2.o(__vectab_stack_and_reset_area) refers to entry.o(.ARM.Collect$$$$00000000) for __main
    entry5.o(.ARM.Collect$$$$00000004) refers to init.o(.text) for __scatterload
    entry9a.o(.ARM.Collect$$$$0000000B) refers to sensorboardtestmain.o(i.main) for main
    entry9b.o(.ARM.Collect$$$$0000000C) refers to sensorboardtestmain.o(i.main) for main
    init.o(.text) refers to entry5.o(.ARM.Collect$$$$00000004) for __main_after_scatterload


==============================================================================

Removing Unused input sections from the image.

    Removing startup.o(HEAP), (0 bytes).
    Removing startup.o(.text), (28 bytes).
    Removing st7735.o(i.Delay1ms), (32 bytes).
    Removing st7735.o(i.Output_Clear), (10 bytes).
    Removing st7735.o(i.Output_Color), (12 bytes).
    Removing st7735.o(i.Output_Init), (16 bytes).
    Removing st7735.o(i.Output_Off), (8 bytes).
    Removing st7735.o(i.Output_On), (8 bytes).
    Removing st7735.o(i.ST7735_Color565), (24 bytes).
    Removing st7735.o(i.ST7735_DrawBitmap), (288 bytes).
    Removing st7735.o(i.ST7735_DrawChar), (268 bytes).
    Removing st7735.o(i.ST7735_DrawCharS), (244 bytes).
    Removing st7735.o(i.ST7735_DrawFastHLine), (124 bytes).
    Removing st7735.o(i.ST7735_DrawFastVLine), (124 bytes).
    Removing st7735.o(i.ST7735_DrawPixel), (72 bytes).
    Removing st7735.o(i.ST7735_DrawString), (86 bytes).
    Removing st7735.o(i.ST7735_FillRect), (172 bytes).
    Removing st7735.o(i.ST7735_FillScreen), (36 bytes).
    Removing st7735.o(i.ST7735_InitB), (40 bytes).
    Removing st7735.o(i.ST7735_InitR), (124 bytes).
    Removing st7735.o(i.ST7735_InvertDisplay), (22 bytes).
    Removing st7735.o(i.ST7735_Message), (88 bytes).
    Removing st7735.o(i.ST7735_OutChar), (212 bytes).
    Removing st7735.o(i.ST7735_OutString), (24 bytes).
    Removing st7735.o(i.ST7735_OutUDec), (140 bytes).
    Removing st7735.o(i.ST7735_OutUDec4), (140 bytes).
    Removing st7735.o(i.ST7735_OutUDec5), (140 bytes).
    Removing st7735.o(i.ST7735_PlotBar), (88 bytes).
    Removing st7735.o(i.ST7735_PlotClear), (92 bytes).
    Removing st7735.o(i.ST7735_PlotLine), (264 bytes).
    Removing st7735.o(i.ST7735_PlotNext), (32 bytes).
    Removing st7735.o(i.ST7735_PlotNextErase), (64 bytes).
    Removing st7735.o(i.ST7735_PlotPoint), (152 bytes).
    Removing st7735.o(i.ST7735_PlotPoints), (172 bytes).
    Removing st7735.o(i.ST7735_PlotdBfs), (60 bytes).
    Removing st7735.o(i.ST7735_SetCursor), (32 bytes).
    Removing st7735.o(i.ST7735_SetRotation), (212 bytes).
    Removing st7735.o(i.ST7735_SetTextColor), (12 bytes).
    Removing st7735.o(i.ST7735_SwapColor), (18 bytes).
    Removing st7735.o(i.commandList), (86 bytes).
    Removing st7735.o(i.commonInit), (388 bytes).
    Removing st7735.o(i.ferror), (8 bytes).
    Removing st7735.o(i.fgetc), (6 bytes).
    Removing st7735.o(i.fillmessage), (72 bytes).
    Removing st7735.o(i.fillmessage4), (100 bytes).
    Removing st7735.o(i.fillmessage5), (128 bytes).
    Removing st7735.o(i.fputc), (16 bytes).
    Removing st7735.o(i.pushColor), (18 bytes).
    Removing st7735.o(i.setAddrWindow), (116 bytes).
    Removing st7735.o(i.writecommand), (48 bytes).
    Removing st7735.o(i.writedata), (32 bytes).
    Removing st7735.o(.bss), (12 bytes).
    Removing st7735.o(.constdata), (2018 bytes).
    Removing st7735.o(.data), (44 bytes).
    Removing sensorboardtestmain.o(i.DelayWait10ms), (32 bytes).
    Removing sensorboardtestmain.o(i.OutCRLF), (260 bytes).
    Removing sensorboardtestmain.o(i.main0), (80 bytes).
    Removing sensorboardtestmain.o(i.main01), (92 bytes).
    Removing sensorboardtestmain.o(i.main1), (792 bytes).
    Removing sensorboardtestmain.o(.bss), (16 bytes).
    Removing sensorboardtestmain.o(.data), (20 bytes).
    Removing board.o(i.Board_Input), (12 bytes).
    Removing board.o(i.Board_Output), (12 bytes).
    Removing adcswtrigger.o(i.ADC0_InSeq3), (44 bytes).
    Removing adcswtrigger.o(i.ADC0_InitSWTriggerSeq3), (1032 bytes).
    Removing adcswtrigger.o(i.ADC0_InitSWTriggerSeq3_Ch9), (236 bytes).
    Removing adcswtrigger.o(i.ADC2millimeter), (32 bytes).
    Removing adcswtrigger.o(i.ADC_In3210), (76 bytes).
    Removing adcswtrigger.o(i.ADC_In89), (56 bytes).
    Removing adcswtrigger.o(i.ADC_Init3210), (228 bytes).
    Removing adcswtrigger.o(i.ADC_Init89), (224 bytes).
    Removing timer.o(i.Cycles2milliInch), (20 bytes).
    Removing timer.o(i.Cycles2millimeter), (20 bytes).
    Removing timer.o(i.DelayWait10us), (22 bytes).
    Removing timer.o(i.DelayWait5us), (22 bytes).
    Removing timer.o(i.Timer0_Init), (272 bytes).
    Removing timer.o(i.Timer0_Read), (24 bytes).
    Removing timer.o(i.Timer0_StartHCSR04), (56 bytes).
    Removing timer.o(i.Timer0_StartPing), (144 bytes).
    Removing timer.o(i.Timer1_Init), (272 bytes).
    Removing timer.o(i.Timer1_Read), (24 bytes).
    Removing timer.o(i.Timer1_StartHCSR04), (52 bytes).
    Removing timer.o(i.Timer1_StartPing), (136 bytes).
    Removing timer.o(i.Timer2_Init), (88 bytes).
    Removing timer.o(i.Timer3_Init), (272 bytes).
    Removing timer.o(i.Timer3_Read), (24 bytes).
    Removing timer.o(i.Timer3_StartHCSR04), (48 bytes).
    Removing timer.o(i.Timer3_StartPing), (136 bytes).
    Removing adc.o(i.ADC_Collect), (72 bytes).
    Removing adc.o(i.ADC_Open), (24 bytes).
    Removing adc.o(i.ADC_Status), (12 bytes).
    Removing uart.o(i.RxFifo_Get), (60 bytes).
    Removing uart.o(i.RxFifo_Init), (36 bytes).
    Removing uart.o(i.TxFifo_Init), (36 bytes).
    Removing uart.o(i.TxFifo_Put), (60 bytes).
    Removing uart.o(i.UART_InChar), (20 bytes).
    Removing uart.o(i.UART_InString), (70 bytes).
    Removing uart.o(i.UART_InUDec), (76 bytes).
    Removing uart.o(i.UART_InUHex), (108 bytes).
    Removing uart.o(i.UART_Init), (204 bytes).
    Removing uart.o(i.UART_OutChar), (52 bytes).
    Removing uart.o(i.UART_OutString), (24 bytes).
    Removing uart.o(i.UART_OutUDec), (42 bytes).
    Removing uart.o(i.UART_OutUHex), (52 bytes).

104 unused section(s) (total 12596 bytes) removed from the image.

==============================================================================

Image Symbol Table

    Local Symbols

    Symbol Name                              Value     Ov Type        Size  Object(Section)

    RESET                                    0x00000000   Section      644  startup.o(RESET)
    ../clib/microlib/init/entry.s            0x00000000   Number         0  entry2.o ABSOLUTE
    ../clib/microlib/init/entry.s            0x00000000   Number         0  entry8a.o ABSOLUTE
    ../clib/microlib/init/entry.s            0x00000000   Number         0  entry7b.o ABSOLUTE
    ../clib/microlib/init/entry.s            0x00000000   Number         0  entry10b.o ABSOLUTE
    ../clib/microlib/init/entry.s            0x00000000   Number         0  entry11a.o ABSOLUTE
    ../clib/microlib/init/entry.s            0x00000000   Number         0  entry.o ABSOLUTE
    ../clib/microlib/init/entry.s            0x00000000   Number         0  entry5.o ABSOLUTE
    ../clib/microlib/init/entry.s            0x00000000   Number         0  entry7a.o ABSOLUTE
    ../clib/microlib/init/entry.s            0x00000000   Number         0  entry8b.o ABSOLUTE
    ../clib/microlib/init/entry.s            0x00000000   Number         0  entry9a.o ABSOLUTE
    ../clib/microlib/init/entry.s            0x00000000   Number         0  entry9b.o ABSOLUTE
    ../clib/microlib/init/entry.s            0x00000000   Number         0  entry10a.o ABSOLUTE
    ../clib/microlib/init/entry.s            0x00000000   Number         0  entry11b.o ABSOLUTE
    ADC.c                                    0x00000000   Number         0  adc.o ABSOLUTE
    ADCSWTrigger.c                           0x00000000   Number         0  adcswtrigger.o ABSOLUTE
    PLL.c                                    0x00000000   Number         0  pll.o ABSOLUTE
    ST7735.c                                 0x00000000   Number         0  st7735.o ABSOLUTE
    SensorBoardTestMain.c                    0x00000000   Number         0  sensorboardtestmain.o ABSOLUTE
    Timer.c                                  0x00000000   Number         0  timer.o ABSOLUTE
    UART.c                                   0x00000000   Number         0  uart.o ABSOLUTE
    board.c                                  0x00000000   Number         0  board.o ABSOLUTE
    dc.s                                     0x00000000   Number         0  dc.o ABSOLUTE
    handlers.s                               0x00000000   Number         0  handlers.o ABSOLUTE
    init.s                                   0x00000000   Number         0  init.o ABSOLUTE
    startup.s                                0x00000000   Number         0  startup.o ABSOLUTE
    .ARM.Collect$$$$00000000                 0x00000284   Section        0  entry.o(.ARM.Collect$$$$00000000)
    .ARM.Collect$$$$00000001                 0x00000284   Section        4  entry2.o(.ARM.Collect$$$$00000001)
    .ARM.Collect$$$$00000004                 0x00000288   Section        4  entry5.o(.ARM.Collect$$$$00000004)
    .ARM.Collect$$$$00000008                 0x0000028c   Section        0  entry7b.o(.ARM.Collect$$$$00000008)
    .ARM.Collect$$$$0000000A                 0x0000028c   Section        0  entry8b.o(.ARM.Collect$$$$0000000A)
    .ARM.Collect$$$$0000000B                 0x0000028c   Section        8  entry9a.o(.ARM.Collect$$$$0000000B)
    .ARM.Collect$$$$0000000D                 0x00000294   Section        0  entry10a.o(.ARM.Collect$$$$0000000D)
    .ARM.Collect$$$$0000000F                 0x00000294   Section        0  entry11a.o(.ARM.Collect$$$$0000000F)
    .ARM.Collect$$$$00002712                 0x00000294   Section        4  entry2.o(.ARM.Collect$$$$00002712)
    __lit__00000000                          0x00000294   Data           4  entry2.o(.ARM.Collect$$$$00002712)
    .text                                    0x00000298   Section       36  init.o(.text)
    i.ADC_In                                 0x000002bc   Section        0  adc.o(i.ADC_In)
    i.Board_Init                             0x000002fc   Section        0  board.o(i.Board_Init)
    i.PLL_Init                               0x00000360   Section        0  pll.o(i.PLL_Init)
    i.RxFifo_Put                             0x000003dc   Section        0  uart.o(i.RxFifo_Put)
    i.RxFifo_Size                            0x00000418   Section        0  uart.o(i.RxFifo_Size)
    i.Timer0A_Handler                        0x00000430   Section        0  timer.o(i.Timer0A_Handler)
    i.Timer1A_Handler                        0x00000478   Section        0  timer.o(i.Timer1A_Handler)
    i.Timer2A_Handler                        0x000004c0   Section        0  adc.o(i.Timer2A_Handler)
    i.Timer3A_Handler                        0x00000514   Section        0  timer.o(i.Timer3A_Handler)
    i.TxFifo_Get                             0x0000055c   Section        0  uart.o(i.TxFifo_Get)
    i.TxFifo_Size                            0x00000598   Section        0  uart.o(i.TxFifo_Size)
    i.UART0_Handler                          0x000005b0   Section        0  uart.o(i.UART0_Handler)
    i.__scatterload_copy                     0x00000608   Section       14  handlers.o(i.__scatterload_copy)
    i.__scatterload_null                     0x00000616   Section        2  handlers.o(i.__scatterload_null)
    i.__scatterload_zeroinit                 0x00000618   Section       14  handlers.o(i.__scatterload_zeroinit)
    i.copyHardwareToSoftware                 0x00000628   Section        0  uart.o(i.copyHardwareToSoftware)
    copyHardwareToSoftware                   0x00000629   Thumb Code    36  uart.o(i.copyHardwareToSoftware)
    i.copySoftwareToHardware                 0x00000650   Section        0  uart.o(i.copySoftwareToHardware)
    copySoftwareToHardware                   0x00000651   Thumb Code    38  uart.o(i.copySoftwareToHardware)
    i.main                                   0x0000067c   Section        0  sensorboardtestmain.o(i.main)
    .data                                    0x20000000   Section       40  timer.o(.data)
    .data                                    0x20000028   Section       24  adc.o(.data)
    .data                                    0x20000040   Section       16  uart.o(.data)
    .bss                                     0x20000050   Section       32  uart.o(.bss)
    RxFifo                                   0x20000050   Data          16  uart.o(.bss)
    TxFifo                                   0x20000060   Data          16  uart.o(.bss)
    STACK                                    0x20000070   Section     1024  startup.o(STACK)
    StackMem                                 0x20000070   Data           0  startup.o(STACK)

    Global Symbols

    Symbol Name                              Value     Ov Type        Size  Object(Section)

    BuildAttributes$$THM_ISAv4$E$P$D$K$B$S$7EM$PE$A:L22UL41UL21$X:L11$S22US41US21$IEEE1$IW$USESV6$~STKCKD$USESV7$~SHL$OSPACE$EBA8$MICROLIB$REQ8$PRES8$EABIv2 0x00000000   Number         0  anon$$obj.o ABSOLUTE
    __ARM_use_no_argv                        0x00000000   Number         0  sensorboardtestmain.o ABSOLUTE
    __Vectors                                0x00000000   Data           0  startup.o(RESET)
    __cpp_initialize__aeabi_                  - Undefined Weak Reference
    __cxa_finalize                            - Undefined Weak Reference
    __decompress                              - Undefined Weak Reference
    _clock_init                               - Undefined Weak Reference
    _microlib_exit                            - Undefined Weak Reference
    Reset_Handler                            0x0000026d   Thumb Code     0  startup.o(RESET)
    NMI_Handler                              0x00000271   Thumb Code     2  startup.o(RESET)
    HardFault_Handler                        0x00000273   Thumb Code     2  startup.o(RESET)
    MemManage_Handler                        0x00000275   Thumb Code     2  startup.o(RESET)
    BusFault_Handler                         0x00000277   Thumb Code     2  startup.o(RESET)
    UsageFault_Handler                       0x00000279   Thumb Code     2  startup.o(RESET)
    SVC_Handler                              0x0000027b   Thumb Code     2  startup.o(RESET)
    DebugMon_Handler                         0x0000027d   Thumb Code     2  startup.o(RESET)
    PendSV_Handler                           0x0000027f   Thumb Code     2  startup.o(RESET)
    SysTick_Handler                          0x00000281   Thumb Code     2  startup.o(RESET)
    ADC0Seq0_Handler                         0x00000283   Thumb Code     0  startup.o(RESET)
    ADC0Seq1_Handler                         0x00000283   Thumb Code     0  startup.o(RESET)
    ADC0Seq2_Handler                         0x00000283   Thumb Code     0  startup.o(RESET)
    ADC0Seq3_Handler                         0x00000283   Thumb Code     0  startup.o(RESET)
    ADC1Seq0_Handler                         0x00000283   Thumb Code     0  startup.o(RESET)
    ADC1Seq1_Handler                         0x00000283   Thumb Code     0  startup.o(RESET)
    ADC1Seq2_Handler                         0x00000283   Thumb Code     0  startup.o(RESET)
    ADC1Seq3_Handler                         0x00000283   Thumb Code     0  startup.o(RESET)
    CAN0_Handler                             0x00000283   Thumb Code     0  startup.o(RESET)
    CAN1_Handler                             0x00000283   Thumb Code     0  startup.o(RESET)
    CAN2_Handler                             0x00000283   Thumb Code     0  startup.o(RESET)
    Comp0_Handler                            0x00000283   Thumb Code     0  startup.o(RESET)
    Comp1_Handler                            0x00000283   Thumb Code     0  startup.o(RESET)
    Comp2_Handler                            0x00000283   Thumb Code     0  startup.o(RESET)
    Ethernet_Handler                         0x00000283   Thumb Code     0  startup.o(RESET)
    ExtBus_Handler                           0x00000283   Thumb Code     0  startup.o(RESET)
    FPU_Handler                              0x00000283   Thumb Code     0  startup.o(RESET)
    Fan0_Handler                             0x00000283   Thumb Code     0  startup.o(RESET)
    FlashCtl_Handler                         0x00000283   Thumb Code     0  startup.o(RESET)
    GPIOPortA_Handler                        0x00000283   Thumb Code     0  startup.o(RESET)
    GPIOPortB_Handler                        0x00000283   Thumb Code     0  startup.o(RESET)
    GPIOPortC_Handler                        0x00000283   Thumb Code     0  startup.o(RESET)
    GPIOPortD_Handler                        0x00000283   Thumb Code     0  startup.o(RESET)
    GPIOPortE_Handler                        0x00000283   Thumb Code     0  startup.o(RESET)
    GPIOPortF_Handler                        0x00000283   Thumb Code     0  startup.o(RESET)
    GPIOPortG_Handler                        0x00000283   Thumb Code     0  startup.o(RESET)
    GPIOPortH_Handler                        0x00000283   Thumb Code     0  startup.o(RESET)
    GPIOPortJ_Handler                        0x00000283   Thumb Code     0  startup.o(RESET)
    GPIOPortK_Handler                        0x00000283   Thumb Code     0  startup.o(RESET)
    GPIOPortL_Handler                        0x00000283   Thumb Code     0  startup.o(RESET)
    GPIOPortM_Handler                        0x00000283   Thumb Code     0  startup.o(RESET)
    GPIOPortN_Handler                        0x00000283   Thumb Code     0  startup.o(RESET)
    GPIOPortP1_Handler                       0x00000283   Thumb Code     0  startup.o(RESET)
    GPIOPortP2_Handler                       0x00000283   Thumb Code     0  startup.o(RESET)
    GPIOPortP3_Handler                       0x00000283   Thumb Code     0  startup.o(RESET)
    GPIOPortP4_Handler                       0x00000283   Thumb Code     0  startup.o(RESET)
    GPIOPortP5_Handler                       0x00000283   Thumb Code     0  startup.o(RESET)
    GPIOPortP6_Handler                       0x00000283   Thumb Code     0  startup.o(RESET)
    GPIOPortP7_Handler                       0x00000283   Thumb Code     0  startup.o(RESET)
    GPIOPortP_Handler                        0x00000283   Thumb Code     0  startup.o(RESET)
    GPIOPortQ1_Handler                       0x00000283   Thumb Code     0  startup.o(RESET)
    GPIOPortQ2_Handler                       0x00000283   Thumb Code     0  startup.o(RESET)
    GPIOPortQ3_Handler                       0x00000283   Thumb Code     0  startup.o(RESET)
    GPIOPortQ4_Handler                       0x00000283   Thumb Code     0  startup.o(RESET)
    GPIOPortQ5_Handler                       0x00000283   Thumb Code     0  startup.o(RESET)
    GPIOPortQ6_Handler                       0x00000283   Thumb Code     0  startup.o(RESET)
    GPIOPortQ7_Handler                       0x00000283   Thumb Code     0  startup.o(RESET)
    GPIOPortQ_Handler                        0x00000283   Thumb Code     0  startup.o(RESET)
    GPIOPortR_Handler                        0x00000283   Thumb Code     0  startup.o(RESET)
    GPIOPortS_Handler                        0x00000283   Thumb Code     0  startup.o(RESET)
    Hibernate_Handler                        0x00000283   Thumb Code     0  startup.o(RESET)
    I2C0_Handler                             0x00000283   Thumb Code     0  startup.o(RESET)
    I2C1_Handler                             0x00000283   Thumb Code     0  startup.o(RESET)
    I2C2_Handler                             0x00000283   Thumb Code     0  startup.o(RESET)
    I2C3_Handler                             0x00000283   Thumb Code     0  startup.o(RESET)
    I2C4_Handler                             0x00000283   Thumb Code     0  startup.o(RESET)
    I2C5_Handler                             0x00000283   Thumb Code     0  startup.o(RESET)
    I2S0_Handler                             0x00000283   Thumb Code     0  startup.o(RESET)
    LPC0_Handler                             0x00000283   Thumb Code     0  startup.o(RESET)
    PECI0_Handler                            0x00000283   Thumb Code     0  startup.o(RESET)
    PWM0Fault_Handler                        0x00000283   Thumb Code     0  startup.o(RESET)
    PWM0Generator0_Handler                   0x00000283   Thumb Code     0  startup.o(RESET)
    PWM0Generator1_Handler                   0x00000283   Thumb Code     0  startup.o(RESET)
    PWM0Generator2_Handler                   0x00000283   Thumb Code     0  startup.o(RESET)
    PWM0Generator3_Handler                   0x00000283   Thumb Code     0  startup.o(RESET)
    PWM1Fault_Handler                        0x00000283   Thumb Code     0  startup.o(RESET)
    PWM1Generator0_Handler                   0x00000283   Thumb Code     0  startup.o(RESET)
    PWM1Generator1_Handler                   0x00000283   Thumb Code     0  startup.o(RESET)
    PWM1Generator2_Handler                   0x00000283   Thumb Code     0  startup.o(RESET)
    PWM1Generator3_Handler                   0x00000283   Thumb Code     0  startup.o(RESET)
    Quadrature0_Handler                      0x00000283   Thumb Code     0  startup.o(RESET)
    Quadrature1_Handler                      0x00000283   Thumb Code     0  startup.o(RESET)
    Quadrature2_Handler                      0x00000283   Thumb Code     0  startup.o(RESET)
    SSI0_Handler                             0x00000283   Thumb Code     0  startup.o(RESET)
    SSI1_Handler                             0x00000283   Thumb Code     0  startup.o(RESET)
    SSI2_Handler                             0x00000283   Thumb Code     0  startup.o(RESET)
    SSI3_Handler                             0x00000283   Thumb Code     0  startup.o(RESET)
    SysCtl_Handler                           0x00000283   Thumb Code     0  startup.o(RESET)
    Timer0B_Handler                          0x00000283   Thumb Code     0  startup.o(RESET)
    Timer1B_Handler                          0x00000283   Thumb Code     0  startup.o(RESET)
    Timer2B_Handler                          0x00000283   Thumb Code     0  startup.o(RESET)
    Timer3B_Handler                          0x00000283   Thumb Code     0  startup.o(RESET)
    Timer4A_Handler                          0x00000283   Thumb Code     0  startup.o(RESET)
    Timer4B_Handler                          0x00000283   Thumb Code     0  startup.o(RESET)
    Timer5A_Handler                          0x00000283   Thumb Code     0  startup.o(RESET)
    Timer5B_Handler                          0x00000283   Thumb Code     0  startup.o(RESET)
    UART1_Handler                            0x00000283   Thumb Code     0  startup.o(RESET)
    UART2_Handler                            0x00000283   Thumb Code     0  startup.o(RESET)
    UART3_Handler                            0x00000283   Thumb Code     0  startup.o(RESET)
    UART4_Handler                            0x00000283   Thumb Code     0  startup.o(RESET)
    UART5_Handler                            0x00000283   Thumb Code     0  startup.o(RESET)
    UART6_Handler                            0x00000283   Thumb Code     0  startup.o(RESET)
    UART7_Handler                            0x00000283   Thumb Code     0  startup.o(RESET)
    USB0_Handler                             0x00000283   Thumb Code     0  startup.o(RESET)
    WDT_Handler                              0x00000283   Thumb Code     0  startup.o(RESET)
    WideTimer0A_Handler                      0x00000283   Thumb Code     0  startup.o(RESET)
    WideTimer0B_Handler                      0x00000283   Thumb Code     0  startup.o(RESET)
    WideTimer1A_Handler                      0x00000283   Thumb Code     0  startup.o(RESET)
    WideTimer1B_Handler                      0x00000283   Thumb Code     0  startup.o(RESET)
    WideTimer2A_Handler                      0x00000283   Thumb Code     0  startup.o(RESET)
    WideTimer2B_Handler                      0x00000283   Thumb Code     0  startup.o(RESET)
    WideTimer3A_Handler                      0x00000283   Thumb Code     0  startup.o(RESET)
    WideTimer3B_Handler                      0x00000283   Thumb Code     0  startup.o(RESET)
    WideTimer4A_Handler                      0x00000283   Thumb Code     0  startup.o(RESET)
    WideTimer4B_Handler                      0x00000283   Thumb Code     0  startup.o(RESET)
    WideTimer5A_Handler                      0x00000283   Thumb Code     0  startup.o(RESET)
    WideTimer5B_Handler                      0x00000283   Thumb Code     0  startup.o(RESET)
    uDMA_Error                               0x00000283   Thumb Code     0  startup.o(RESET)
    uDMA_Handler                             0x00000283   Thumb Code     0  startup.o(RESET)
    __main                                   0x00000285   Thumb Code     0  entry.o(.ARM.Collect$$$$00000000)
    _main_stk                                0x00000285   Thumb Code     0  entry2.o(.ARM.Collect$$$$00000001)
    _main_scatterload                        0x00000289   Thumb Code     0  entry5.o(.ARM.Collect$$$$00000004)
    __main_after_scatterload                 0x0000028d   Thumb Code     0  entry5.o(.ARM.Collect$$$$00000004)
    _main_clock                              0x0000028d   Thumb Code     0  entry7b.o(.ARM.Collect$$$$00000008)
    _main_cpp_init                           0x0000028d   Thumb Code     0  entry8b.o(.ARM.Collect$$$$0000000A)
    _main_init                               0x0000028d   Thumb Code     0  entry9a.o(.ARM.Collect$$$$0000000B)
    __rt_final_cpp                           0x00000295   Thumb Code     0  entry10a.o(.ARM.Collect$$$$0000000D)
    __rt_final_exit                          0x00000295   Thumb Code     0  entry11a.o(.ARM.Collect$$$$0000000F)
    __scatterload                            0x00000299   Thumb Code    28  init.o(.text)
    __scatterload_rt2                        0x00000299   Thumb Code     0  init.o(.text)
    ADC_In                                   0x000002bd   Thumb Code    50  adc.o(i.ADC_In)
    Board_Init                               0x000002fd   Thumb Code    78  board.o(i.Board_Init)
    PLL_Init                                 0x00000361   Thumb Code   118  pll.o(i.PLL_Init)
    RxFifo_Put                               0x000003dd   Thumb Code    48  uart.o(i.RxFifo_Put)
    RxFifo_Size                              0x00000419   Thumb Code    14  uart.o(i.RxFifo_Size)
    Timer0A_Handler                          0x00000431   Thumb Code    50  timer.o(i.Timer0A_Handler)
    Timer1A_Handler                          0x00000479   Thumb Code    50  timer.o(i.Timer1A_Handler)
    Timer2A_Handler                          0x000004c1   Thumb Code    64  adc.o(i.Timer2A_Handler)
    Timer3A_Handler                          0x00000515   Thumb Code    50  timer.o(i.Timer3A_Handler)
    TxFifo_Get                               0x0000055d   Thumb Code    46  uart.o(i.TxFifo_Get)
    TxFifo_Size                              0x00000599   Thumb Code    14  uart.o(i.TxFifo_Size)
    UART0_Handler                            0x000005b1   Thumb Code    82  uart.o(i.UART0_Handler)
    __scatterload_copy                       0x00000609   Thumb Code    14  handlers.o(i.__scatterload_copy)
    __scatterload_null                       0x00000617   Thumb Code     2  handlers.o(i.__scatterload_null)
    __scatterload_zeroinit                   0x00000619   Thumb Code    14  handlers.o(i.__scatterload_zeroinit)
    main                                     0x0000067d   Thumb Code    16  sensorboardtestmain.o(i.main)
    Region$$Table$$Base                      0x0000068c   Number         0  anon$$obj.o(Region$$Table)
    Region$$Table$$Limit                     0x000006ac   Number         0  anon$$obj.o(Region$$Table)
    Timer0First                              0x20000000   Data           4  timer.o(.data)
    Timer0Done                               0x20000004   Data           4  timer.o(.data)
    Timer0Pulse                              0x20000008   Data           4  timer.o(.data)
    Timer1First                              0x2000000c   Data           4  timer.o(.data)
    Timer1Done                               0x20000010   Data           4  timer.o(.data)
    Timer1Pulse                              0x20000014   Data           4  timer.o(.data)
    PeriodicTask2                            0x20000018   Data           4  timer.o(.data)
    Timer3First                              0x2000001c   Data           4  timer.o(.data)
    Timer3Done                               0x20000020   Data           4  timer.o(.data)
    Timer3Pulse                              0x20000024   Data           4  timer.o(.data)
    channel                                  0x20000028   Data           4  adc.o(.data)
    timerChannel                             0x2000002c   Data           4  adc.o(.data)
    sampleCounter                            0x20000030   Data           4  adc.o(.data)
    sampleSize                               0x20000034   Data           4  adc.o(.data)
    status                                   0x20000038   Data           1  adc.o(.data)
    DATA                                     0x2000003c   Data           4  adc.o(.data)
    RxPutI                                   0x20000040   Data           4  uart.o(.data)
    RxGetI                                   0x20000044   Data           4  uart.o(.data)
    TxPutI                                   0x20000048   Data           4  uart.o(.data)
    TxGetI                                   0x2000004c   Data           4  uart.o(.data)
    __initial_sp                             0x20000470   Data           0  startup.o(STACK)



==============================================================================

Memory Map of the image

  Image Entry point : 0x0000026d

  Load Region LR_1 (Base: 0x00000000, Size: 0x000006fc, Max: 0xffffffff, ABSOLUTE)

    Execution Region ER_RO (Base: 0x00000000, Size: 0x000006ac, Max: 0xffffffff, ABSOLUTE)

    Base Addr    Size         Type   Attr      Idx    E Section Name        Object

    0x00000000   0x00000284   Code   RO            3  * RESET               startup.o
    0x00000284   0x00000000   Code   RO          775  * .ARM.Collect$$$$00000000  mc_w.l(entry.o)
    0x00000284   0x00000004   Code   RO          778    .ARM.Collect$$$$00000001  mc_w.l(entry2.o)
    0x00000288   0x00000004   Code   RO          781    .ARM.Collect$$$$00000004  mc_w.l(entry5.o)
    0x0000028c   0x00000000   Code   RO          783    .ARM.Collect$$$$00000008  mc_w.l(entry7b.o)
    0x0000028c   0x00000000   Code   RO          785    .ARM.Collect$$$$0000000A  mc_w.l(entry8b.o)
    0x0000028c   0x00000008   Code   RO          786    .ARM.Collect$$$$0000000B  mc_w.l(entry9a.o)
    0x00000294   0x00000000   Code   RO          788    .ARM.Collect$$$$0000000D  mc_w.l(entry10a.o)
    0x00000294   0x00000000   Code   RO          790    .ARM.Collect$$$$0000000F  mc_w.l(entry11a.o)
    0x00000294   0x00000004   Code   RO          779    .ARM.Collect$$$$00002712  mc_w.l(entry2.o)
    0x00000298   0x00000024   Code   RO          792    .text               mc_w.l(init.o)
    0x000002bc   0x00000040   Code   RO          600    i.ADC_In            adc.o
    0x000002fc   0x00000064   Code   RO          392    i.Board_Init        board.o
    0x00000360   0x0000007c   Code   RO           12    i.PLL_Init          pll.o
    0x000003dc   0x0000003c   Code   RO          643    i.RxFifo_Put        uart.o
    0x00000418   0x00000018   Code   RO          644    i.RxFifo_Size       uart.o
    0x00000430   0x00000048   Code   RO          474    i.Timer0A_Handler   timer.o
    0x00000478   0x00000048   Code   RO          479    i.Timer1A_Handler   timer.o
    0x000004c0   0x00000054   Code   RO          603    i.Timer2A_Handler   adc.o
    0x00000514   0x00000048   Code   RO          485    i.Timer3A_Handler   timer.o
    0x0000055c   0x0000003c   Code   RO          645    i.TxFifo_Get        uart.o
    0x00000598   0x00000018   Code   RO          648    i.TxFifo_Size       uart.o
    0x000005b0   0x00000058   Code   RO          649    i.UART0_Handler     uart.o
    0x00000608   0x0000000e   Code   RO          796    i.__scatterload_copy  mc_w.l(handlers.o)
    0x00000616   0x00000002   Code   RO          797    i.__scatterload_null  mc_w.l(handlers.o)
    0x00000618   0x0000000e   Code   RO          798    i.__scatterload_zeroinit  mc_w.l(handlers.o)
    0x00000626   0x00000002   PAD
    0x00000628   0x00000028   Code   RO          659    i.copyHardwareToSoftware  uart.o
    0x00000650   0x0000002c   Code   RO          660    i.copySoftwareToHardware  uart.o
    0x0000067c   0x00000010   Code   RO          342    i.main              sensorboardtestmain.o
    0x0000068c   0x00000020   Data   RO          794    Region$$Table       anon$$obj.o


    Execution Region ER_RW (Base: 0x20000000, Size: 0x00000050, Max: 0xffffffff, ABSOLUTE)

    Base Addr    Size         Type   Attr      Idx    E Section Name        Object

    0x20000000   0x00000028   Data   RW          490    .data               timer.o
    0x20000028   0x00000018   Data   RW          604    .data               adc.o
    0x20000040   0x00000010   Data   RW          662    .data               uart.o


    Execution Region ER_ZI (Base: 0x20000050, Size: 0x00000420, Max: 0xffffffff, ABSOLUTE)

    Base Addr    Size         Type   Attr      Idx    E Section Name        Object

    0x20000050   0x00000020   Zero   RW          661    .bss                uart.o
    0x20000070   0x00000400   Zero   RW            1    STACK               startup.o


==============================================================================

Image component sizes


      Code (inc. data)   RO Data    RW Data    ZI Data      Debug   Object Name

       148         34          0         24          0       1255   adc.o
       100         22          0          0          0        397   board.o
       124          6          0          0          0       4639   pll.o
        16          0          0          0          0        431   sensorboardtestmain.o
       644        620          0          0       1024        708   startup.o
       216         66          0         40          0       2407   timer.o
       340         62          0         16         32       4152   uart.o

    ----------------------------------------------------------------------
      1588        810         32         80       1056      13989   Object Totals
         0          0         32          0          0          0   (incl. Generated)
         0          0          0          0          0          0   (incl. Padding)

    ----------------------------------------------------------------------

      Code (inc. data)   RO Data    RW Data    ZI Data      Debug   Library Member Name

         0          0          0          0          0          0   entry.o
         0          0          0          0          0          0   entry10a.o
         0          0          0          0          0          0   entry11a.o
         8          4          0          0          0          0   entry2.o
         4          0          0          0          0          0   entry5.o
         0          0          0          0          0          0   entry7b.o
         0          0          0          0          0          0   entry8b.o
         8          4          0          0          0          0   entry9a.o
        30          0          0          0          0          0   handlers.o
        36          8          0          0          0         68   init.o

    ----------------------------------------------------------------------
        88         16          0          0          0         68   Library Totals
         2          0          0          0          0          0   (incl. Padding)

    ----------------------------------------------------------------------

      Code (inc. data)   RO Data    RW Data    ZI Data      Debug   Library Name

        86         16          0          0          0         68   mc_w.l

    ----------------------------------------------------------------------
        88         16          0          0          0         68   Library Totals

    ----------------------------------------------------------------------

==============================================================================


      Code (inc. data)   RO Data    RW Data    ZI Data      Debug   

      1676        826         32         80       1056      13381   Grand Totals
      1676        826         32         80       1056      13381   ELF Image Totals
      1676        826         32         80          0          0   ROM Totals

==============================================================================

    Total RO  Size (Code + RO Data)                 1708 (   1.67kB)
    Total RW  Size (RW Data + ZI Data)              1136 (   1.11kB)
    Total ROM Size (Code + RO Data + RW Data)       1788 (   1.75kB)

==============================================================================

