<html>
<body>
<pre>
<h1>µVision Build Log</h1>
<h2>Project:</h2>
C:\Users\Abhishek\Documents\ValvanoWareTM4C123\EE445M Labs\Lab 5\Heap_4C123\Heap.uvproj
Project File Date:  08/10/2014

<h2>Output:</h2>
Build target 'Heap'
compiling HeapTestMain.c...
linking...
Program Size: Code=2468 RO-data=32 RW-data=52 ZI-data=1300  
".\Heap.axf" - 0 Error(s), 0 Warning(s).
Load "C:\\Users\\Abhishek\\Documents\\ValvanoWareTM4C123\\EE445M Labs\\Lab 5\\Heap_4C123\\Heap.axf" 
Connecting: Mode=JTAG, Speed=1000000Hz
Erase Done.
Programming Done.
Verify OK.
</pre>
</body>
</html>
ng Done.
Verify OK.
