<html>
<body>
<pre>
<h1>µVision Build Log</h1>
<h2>Project:</h2>
C:\Users\Tariq Muhanna\Documents\ValvanoWareTM4C123\EE 445M\Lab 3\RTOS Kernel.uvproj
Project File Date:  02/26/2019

<h2>Output:</h2>
Build target 'SensorBoardTest'
compiling OS.c...
OS.c(243): warning:  #177-D: variable "input" was declared but never referenced
      unsigned long input;  
OS.c(278): warning:  #177-D: variable "input" was declared but never referenced
      unsigned long input;  
OS.c: 2 warnings, 0 errors
linking...
Program Size: Code=6028 RO-data=2052 RW-data=392 ZI-data=7056  
".\SensorBoardTest.axf" - 0 Error(s), 2 Warning(s).
Load "C:\\Users\\Tariq Muhanna\\Documents\\ValvanoWareTM4C123\\EE 445M\\Lab 3\\SensorBoardTest.axf" 
Connecting: Mode=JTAG, Speed=1000000Hz
Erase Done.
Programming Done.
Verify OK.
Error: Target DLL has been cancelled. Debugger aborted !
m.s...
compiling EdgeTriggered.c...
EdgeTriggered.c(22): warning:  #177-D: variable "delay" was declared but never referenced
    int delay = 0;
EdgeTriggered.c: 1 warning, 0 errors
compiling LinkedList.c...
linking...
Program Size: Code=6092 RO-data=2052 RW-data=392 ZI-data=7056  
".\SensorBoardTest.axf" - 0 Error(s), 3 Warning(s).
