<html>
<body>
<pre>
<h1>µVision Build Log</h1>
<h2>Project:</h2>
C:\Users\Abhishek\Documents\ValvanoWareTM4C123\EE445M Labs\Lab 3\RTOS Kernel.uvproj
Project File Date:  02/26/2019

<h2>Output:</h2>
Rebuild target 'SensorBoardTest'
assembling startup.s...
compiling PLL.c...
compiling ST7735.c...
compiling board.c...
compiling ADCSWTrigger.c...
compiling Timer.c...
compiling ADC.c...
compiling cmdline.c...
compiling OS.c...
compiling UART.c...
compiling Lab2.c...
assembling PID_stm32.s...
assembling cr4_fft_1024_stm32.s...
assembling cr4_fft_256_stm32.s...
assembling cr4_fft_64_stm32.s...
assembling OSasm.s...
compiling EdgeTriggered.c...
EdgeTriggered.c(22): warning:  #177-D: variable "delay" was declared but never referenced
    int delay = 0;
EdgeTriggered.c: 1 warning, 0 errors
compiling LinkedList.c...
linking...
Program Size: Code=7408 RO-data=2052 RW-data=392 ZI-data=7056  
".\SensorBoardTest.axf" - 0 Error(s), 1 Warning(s).
</pre>
</body>
</html>
\Documents\\ValvanoWareTM4C123\\EE445M Labs\\Lab 3\\SensorBoardTest.axf" 
Connecting: Mode=JTAG, Speed=1000000Hz
Erase Done.
Programming Done.
Verify OK.
