ARM Linker, 5.03 [Build 76] [MDK-ARM Professional]

==============================================================================

Section Cross References

    startup.o(RESET) refers to startup.o(STACK) for StackMem
    startup.o(RESET) refers to osasm.o(.text) for PendSV_Handler
    startup.o(RESET) refers to os.o(i.SysTick_Handler) for SysTick_Handler
    startup.o(RESET) refers to uart.o(i.UART0_Handler) for UART0_Handler
    startup.o(RESET) refers to adc.o(i.ADC0Seq2_Handler) for ADC0Seq2_Handler
    startup.o(RESET) refers to timer.o(i.Timer0A_Handler) for Timer0A_Handler
    startup.o(RESET) refers to timer.o(i.Timer1A_Handler) for Timer1A_Handler
    startup.o(RESET) refers to adc.o(i.Timer2A_Handler) for Timer2A_Handler
    startup.o(RESET) refers to os.o(i.GPIOPortF_Handler) for GPIOPortF_Handler
    startup.o(RESET) refers to timer.o(i.Timer3A_Handler) for Timer3A_Handler
    startup.o(RESET) refers to os.o(i.Timer4A_Handler) for Timer4A_Handler
    startup.o(RESET) refers to os.o(i.Timer5A_Handler) for Timer5A_Handler
    startup.o(RESET) refers to os.o(i.WideTimer0A_Handler) for WideTimer0A_Handler
    startup.o(RESET) refers to diskio.o(i.WideTimer0B_Handler) for WideTimer0B_Handler
    startup.o(RESET) refers to os.o(i.WideTimer4A_Handler) for WideTimer4A_Handler
    startup.o(RESET) refers to entry.o(.ARM.Collect$$$$00000000) for __main
    st7735.o(i.Delay1ms) refers to st7735.o(.emb_text) for Delay
    st7735.o(i.Output_Clear) refers to st7735.o(i.ST7735_FillScreen) for ST7735_FillScreen
    st7735.o(i.Output_Color) refers to st7735.o(i.ST7735_SetTextColor) for ST7735_SetTextColor
    st7735.o(i.Output_Init) refers to st7735.o(i.ST7735_InitR) for ST7735_InitR
    st7735.o(i.Output_Init) refers to st7735.o(i.ST7735_FillScreen) for ST7735_FillScreen
    st7735.o(i.Output_Off) refers to st7735.o(i.Output_Clear) for Output_Clear
    st7735.o(i.Output_On) refers to st7735.o(i.Output_Init) for Output_Init
    st7735.o(i.ST7735_DrawBitmap) refers to st7735.o(i.setAddrWindow) for setAddrWindow
    st7735.o(i.ST7735_DrawBitmap) refers to st7735.o(i.writedata) for writedata
    st7735.o(i.ST7735_DrawBitmap) refers to st7735.o(.data) for _width
    st7735.o(i.ST7735_DrawChar) refers to st7735.o(i.setAddrWindow) for setAddrWindow
    st7735.o(i.ST7735_DrawChar) refers to st7735.o(i.pushColor) for pushColor
    st7735.o(i.ST7735_DrawChar) refers to st7735.o(.data) for _width
    st7735.o(i.ST7735_DrawChar) refers to st7735.o(.constdata) for Font
    st7735.o(i.ST7735_DrawCharS) refers to st7735.o(i.ST7735_DrawPixel) for ST7735_DrawPixel
    st7735.o(i.ST7735_DrawCharS) refers to st7735.o(i.ST7735_FillRect) for ST7735_FillRect
    st7735.o(i.ST7735_DrawCharS) refers to st7735.o(.data) for _width
    st7735.o(i.ST7735_DrawCharS) refers to st7735.o(.constdata) for Font
    st7735.o(i.ST7735_DrawCircle) refers to st7735.o(i.setAddrWindow) for setAddrWindow
    st7735.o(i.ST7735_DrawCircle) refers to st7735.o(i.writedata) for writedata
    st7735.o(i.ST7735_DrawCircle) refers to st7735.o(.data) for _width
    st7735.o(i.ST7735_DrawCircle) refers to st7735.o(.constdata) for circle
    st7735.o(i.ST7735_DrawFastHLine) refers to st7735.o(i.setAddrWindow) for setAddrWindow
    st7735.o(i.ST7735_DrawFastHLine) refers to st7735.o(i.writedata) for writedata
    st7735.o(i.ST7735_DrawFastHLine) refers to st7735.o(.data) for _width
    st7735.o(i.ST7735_DrawFastVLine) refers to st7735.o(i.setAddrWindow) for setAddrWindow
    st7735.o(i.ST7735_DrawFastVLine) refers to st7735.o(i.writedata) for writedata
    st7735.o(i.ST7735_DrawFastVLine) refers to st7735.o(.data) for _width
    st7735.o(i.ST7735_DrawPixel) refers to st7735.o(i.setAddrWindow) for setAddrWindow
    st7735.o(i.ST7735_DrawPixel) refers to st7735.o(i.pushColor) for pushColor
    st7735.o(i.ST7735_DrawPixel) refers to st7735.o(.data) for _width
    st7735.o(i.ST7735_DrawSmallCircle) refers to st7735.o(i.setAddrWindow) for setAddrWindow
    st7735.o(i.ST7735_DrawSmallCircle) refers to st7735.o(i.writedata) for writedata
    st7735.o(i.ST7735_DrawSmallCircle) refers to st7735.o(.data) for _width
    st7735.o(i.ST7735_DrawSmallCircle) refers to st7735.o(.constdata) for smallCircle
    st7735.o(i.ST7735_DrawString) refers to st7735.o(i.ST7735_DrawCharS) for ST7735_DrawCharS
    st7735.o(i.ST7735_FillRect) refers to st7735.o(i.setAddrWindow) for setAddrWindow
    st7735.o(i.ST7735_FillRect) refers to st7735.o(i.writedata) for writedata
    st7735.o(i.ST7735_FillRect) refers to st7735.o(.data) for _width
    st7735.o(i.ST7735_FillScreen) refers to st7735.o(i.ST7735_FillRect) for ST7735_FillRect
    st7735.o(i.ST7735_FillScreen) refers to st7735.o(.data) for _height
    st7735.o(i.ST7735_InitB) refers to st7735.o(i.commonInit) for commonInit
    st7735.o(i.ST7735_InitB) refers to st7735.o(i.ST7735_SetCursor) for ST7735_SetCursor
    st7735.o(i.ST7735_InitB) refers to st7735.o(i.ST7735_FillScreen) for ST7735_FillScreen
[...]
    ff.o(i.f_rename) refers to ff.o(i.clust2sect) for clust2sect
    ff.o(i.f_rename) refers to ff.o(i.move_window) for move_window
    ff.o(i.f_rename) refers to ff.o(i.st_clust) for st_clust
    ff.o(i.f_rename) refers to ff.o(i.dir_remove) for dir_remove
    ff.o(i.f_rename) refers to ff.o(i.sync_fs) for sync_fs
    ff.o(i.f_setlabel) refers to ff.o(i.find_volume) for find_volume
    ff.o(i.f_setlabel) refers to ff.o(i.chk_chr) for chk_chr
    ff.o(i.f_setlabel) refers to ff.o(i.dir_sdi) for dir_sdi
    ff.o(i.f_setlabel) refers to ff.o(i.dir_read) for dir_read
    ff.o(i.f_setlabel) refers to ff.o(i.mem_cpy) for mem_cpy
    ff.o(i.f_setlabel) refers to ff.o(i.sync_fs) for sync_fs
    ff.o(i.f_setlabel) refers to ff.o(i.dir_alloc) for dir_alloc
    ff.o(i.f_setlabel) refers to ff.o(i.mem_set) for mem_set
    ff.o(i.f_stat) refers to ff.o(i.find_volume) for find_volume
    ff.o(i.f_stat) refers to ff.o(i.follow_path) for follow_path
    ff.o(i.f_stat) refers to ff.o(i.get_fileinfo) for get_fileinfo
    ff.o(i.f_sync) refers to ff.o(i.validate) for validate
    ff.o(i.f_sync) refers to diskio.o(i.disk_write) for disk_write
    ff.o(i.f_sync) refers to ff.o(i.move_window) for move_window
    ff.o(i.f_sync) refers to ff.o(i.st_clust) for st_clust
    ff.o(i.f_sync) refers to ff.o(i.sync_fs) for sync_fs
    ff.o(i.f_truncate) refers to ff.o(i.validate) for validate
    ff.o(i.f_truncate) refers to ff.o(i.remove_chain) for remove_chain
    ff.o(i.f_truncate) refers to ff.o(i.get_fat) for get_fat
    ff.o(i.f_truncate) refers to ff.o(i.put_fat) for put_fat
    ff.o(i.f_truncate) refers to diskio.o(i.disk_write) for disk_write
    ff.o(i.f_unlink) refers to ff.o(i.find_volume) for find_volume
    ff.o(i.f_unlink) refers to ff.o(i.follow_path) for follow_path
    ff.o(i.f_unlink) refers to ff.o(i.ld_clust) for ld_clust
    ff.o(i.f_unlink) refers to ff.o(i.mem_cpy) for mem_cpy
    ff.o(i.f_unlink) refers to ff.o(i.dir_sdi) for dir_sdi
    ff.o(i.f_unlink) refers to ff.o(i.dir_read) for dir_read
    ff.o(i.f_unlink) refers to ff.o(i.dir_remove) for dir_remove
    ff.o(i.f_unlink) refers to ff.o(i.remove_chain) for remove_chain
    ff.o(i.f_unlink) refers to ff.o(i.sync_fs) for sync_fs
    ff.o(i.f_utime) refers to ff.o(i.find_volume) for find_volume
    ff.o(i.f_utime) refers to ff.o(i.follow_path) for follow_path
    ff.o(i.f_utime) refers to ff.o(i.sync_fs) for sync_fs
    ff.o(i.f_write) refers to ff.o(i.validate) for validate
    ff.o(i.f_write) refers to ff.o(i.create_chain) for create_chain
    ff.o(i.f_write) refers to diskio.o(i.disk_write) for disk_write
    ff.o(i.f_write) refers to ff.o(i.clust2sect) for clust2sect
    ff.o(i.f_write) refers to ff.o(i.mem_cpy) for mem_cpy
    ff.o(i.f_write) refers to diskio.o(i.disk_read) for disk_read
    ff.o(i.find_volume) refers to ff.o(i.get_ldnumber) for get_ldnumber
    ff.o(i.find_volume) refers to diskio.o(i.disk_status) for disk_status
    ff.o(i.find_volume) refers to diskio.o(i.disk_initialize) for disk_initialize
    ff.o(i.find_volume) refers to ff.o(i.check_fs) for check_fs
    ff.o(i.find_volume) refers to ff.o(i.move_window) for move_window
    ff.o(i.find_volume) refers to ff.o(.data) for FatFs
    ff.o(i.follow_path) refers to ff.o(i.dir_sdi) for dir_sdi
    ff.o(i.follow_path) refers to ff.o(i.create_name) for create_name
    ff.o(i.follow_path) refers to ff.o(i.dir_find) for dir_find
    ff.o(i.follow_path) refers to ff.o(i.ld_clust) for ld_clust
    ff.o(i.get_fat) refers to ff.o(i.move_window) for move_window
    ff.o(i.move_window) refers to ff.o(i.sync_window) for sync_window
    ff.o(i.move_window) refers to diskio.o(i.disk_read) for disk_read
    ff.o(i.put_fat) refers to ff.o(i.move_window) for move_window
    ff.o(i.remove_chain) refers to ff.o(i.get_fat) for get_fat
    ff.o(i.remove_chain) refers to ff.o(i.put_fat) for put_fat
    ff.o(i.sync_fs) refers to ff.o(i.sync_window) for sync_window
    ff.o(i.sync_fs) refers to ff.o(i.mem_set) for mem_set
    ff.o(i.sync_fs) refers to diskio.o(i.disk_write) for disk_write
    ff.o(i.sync_fs) refers to diskio.o(i.disk_ioctl) for disk_ioctl
    ff.o(i.sync_window) refers to diskio.o(i.disk_write) for disk_write
    ff.o(i.validate) refers to diskio.o(i.disk_status) for disk_status
    lab5.o(i.FileSystemTest) refers to ff.o(i.f_open) for f_open
    lab5.o(i.FileSystemTest) refers to st7735.o(i.ST7735_Color565) for ST7735_Color565
    lab5.o(i.FileSystemTest) refers to st7735.o(i.ST7735_DrawString) for ST7735_DrawString
    lab5.o(i.FileSystemTest) refers to ff.o(i.f_write) for f_write
    lab5.o(i.FileSystemTest) refers to ff.o(i.f_close) for f_close
    lab5.o(i.FileSystemTest) refers to ff.o(i.f_read) for f_read
    lab5.o(i.FileSystemTest) refers to st7735.o(i.ST7735_DrawChar) for ST7735_DrawChar
    lab5.o(i.FileSystemTest) refers to st7735.o(i.ST7735_SetCursor) for ST7735_SetCursor
    lab5.o(i.FileSystemTest) refers to st7735.o(i.ST7735_SetTextColor) for ST7735_SetTextColor
    lab5.o(i.FileSystemTest) refers to st7735.o(i.ST7735_OutUDec) for ST7735_OutUDec
    lab5.o(i.FileSystemTest) refers to lab5.o(.bss) for Handle2
    lab5.o(i.FileSystemTest) refers to lab5.o(.data) for Fresult
    lab5.o(i.IdleTask) refers to lab5.o(.data) for Idlecount
    lab5.o(i.SimpleUnformattedTest) refers to diskio.o(i.disk_initialize) for disk_initialize
    lab5.o(i.SimpleUnformattedTest) refers to lab5.o(i.diskError) for diskError
    lab5.o(i.SimpleUnformattedTest) refers to diskio.o(i.disk_write) for disk_write
    lab5.o(i.SimpleUnformattedTest) refers to diskio.o(i.disk_read) for disk_read
    lab5.o(i.SimpleUnformattedTest) refers to lab5.o(.bss) for buffer
    lab5.o(i.main) refers to pll.o(i.PLL_Init) for PLL_Init
    lab5.o(i.main) refers to st7735.o(i.ST7735_InitR) for ST7735_InitR
    lab5.o(i.main) refers to st7735.o(i.ST7735_FillScreen) for ST7735_FillScreen
    lab5.o(i.main) refers to startup.o(.text) for EnableInterrupts
    lab5.o(i.main) refers to ff.o(i.f_mount) for f_mount
    lab5.o(i.main) refers to st7735.o(i.ST7735_Color565) for ST7735_Color565
    lab5.o(i.main) refers to st7735.o(i.ST7735_DrawString) for ST7735_DrawString
    lab5.o(i.main) refers to lab5.o(i.FileSystemTest) for FileSystemTest
    lab5.o(i.main) refers to ff.o(i.f_open) for f_open
    lab5.o(i.main) refers to ff.o(i.f_read) for f_read
    lab5.o(i.main) refers to st7735.o(i.ST7735_DrawChar) for ST7735_DrawChar
    lab5.o(i.main) refers to ff.o(i.f_close) for f_close
    lab5.o(i.main) refers to st7735.o(i.ST7735_SetCursor) for ST7735_SetCursor
    lab5.o(i.main) refers to st7735.o(i.ST7735_SetTextColor) for ST7735_SetTextColor
    lab5.o(i.main) refers to st7735.o(i.ST7735_OutUDec) for ST7735_OutUDec
    lab5.o(i.main) refers to ff.o(i.f_lseek) for f_lseek
    lab5.o(i.main) refers to ff.o(i.f_write) for f_write
    lab5.o(i.main) refers to lab5.o(.bss) for g_sFatFs
    lab5.o(i.main) refers to lab5.o(.data) for MountFresult
    lab5.o(i.main) refers to lab5.o(.constdata) for inFilename
    lab5.o(i.realmain) refers to os.o(i.OS_Init) for OS_Init
    lab5.o(i.realmain) refers to os.o(i.OS_Fifo_Init) for OS_Fifo_Init
    lab5.o(i.realmain) refers to os.o(i.OS_AddThread) for OS_AddThread
    lab5.o(i.realmain) refers to os.o(i.OS_Launch) for OS_Launch
    lab5.o(i.realmain) refers to lab5.o(.data) for NumCreated
    lab5.o(i.realmain) refers to interpreter.o(i.Interpreter) for Interpreter
    lab5.o(i.realmain) refers to lab5.o(i.IdleTask) for IdleTask
    pow.o(i.__softfp_pow) refers (Special) to iusefp.o(.text) for __I$use$fp
    pow.o(i.__softfp_pow) refers to pow.o(i.pow) for pow
    pow.o(i.pow) refers (Special) to iusefp.o(.text) for __I$use$fp
    pow.o(i.pow) refers to dadd.o(.text) for __aeabi_dadd
    pow.o(i.pow) refers to errno.o(i.__set_errno) for __set_errno
    pow.o(i.pow) refers to ddiv.o(.text) for __aeabi_ddiv
    pow.o(i.pow) refers to sqrt.o(i.sqrt) for sqrt
    pow.o(i.pow) refers to dmul.o(.text) for __aeabi_dmul
    pow.o(i.pow) refers to dscalb.o(.text) for __ARM_scalbn
    pow.o(i.pow) refers to dunder.o(i.__mathlib_dbl_underflow) for __mathlib_dbl_underflow
    pow.o(i.pow) refers to qnan.o(.constdata) for __mathlib_zero
    pow.o(i.pow) refers to poly.o(i.__kernel_poly) for __kernel_poly
    pow.o(i.pow) refers to dflti.o(.text) for __aeabi_i2d
    pow.o(i.pow) refers to cdrcmple.o(.text) for __aeabi_cdrcmple
    pow.o(i.pow) refers to pow.o(.constdata) for .constdata
    pow.o(i.pow) refers to fpclassify.o(i.__ARM_fpclassify) for __ARM_fpclassify
    pow.o(.constdata) refers (Special) to iusefp.o(.text) for __I$use$fp
    pow_x.o(i.____softfp_pow$lsc) refers (Special) to iusefp.o(.text) for __I$use$fp
    pow_x.o(i.____softfp_pow$lsc) refers to pow_x.o(i.__pow$lsc) for __pow$lsc
    pow_x.o(i.__pow$lsc) refers (Special) to iusefp.o(.text) for __I$use$fp
    pow_x.o(i.__pow$lsc) refers to dadd.o(.text) for __aeabi_dadd
    pow_x.o(i.__pow$lsc) refers to errno.o(i.__set_errno) for __set_errno
    pow_x.o(i.__pow$lsc) refers to ddiv.o(.text) for __aeabi_ddiv
    pow_x.o(i.__pow$lsc) refers to sqrt.o(i.sqrt) for sqrt
    pow_x.o(i.__pow$lsc) refers to dmul.o(.text) for __aeabi_dmul
    pow_x.o(i.__pow$lsc) refers to dflti.o(.text) for __aeabi_i2d
    pow_x.o(i.__pow$lsc) refers to dscalb.o(.text) for __ARM_scalbn
    pow_x.o(i.__pow$lsc) refers to qnan.o(.constdata) for __mathlib_zero
    pow_x.o(i.__pow$lsc) refers to pow_x.o(.constdata) for .constdata
    pow_x.o(i.__pow$lsc) refers to poly.o(i.__kernel_poly) for __kernel_poly
    pow_x.o(i.__pow$lsc) refers to cdrcmple.o(.text) for __aeabi_cdrcmple
    pow_x.o(.constdata) refers (Special) to iusefp.o(.text) for __I$use$fp
    entry.o(.ARM.Collect$$$$00000000) refers (Special) to entry10a.o(.ARM.Collect$$$$0000000D) for __rt_final_cpp
    entry.o(.ARM.Collect$$$$00000000) refers (Special) to entry11a.o(.ARM.Collect$$$$0000000F) for __rt_final_exit
    entry.o(.ARM.Collect$$$$00000000) refers (Special) to entry7b.o(.ARM.Collect$$$$00000008) for _main_clock
    entry.o(.ARM.Collect$$$$00000000) refers (Special) to entry8b.o(.ARM.Collect$$$$0000000A) for _main_cpp_init
    entry.o(.ARM.Collect$$$$00000000) refers (Special) to entry9a.o(.ARM.Collect$$$$0000000B) for _main_init
    entry.o(.ARM.Collect$$$$00000000) refers (Special) to entry5.o(.ARM.Collect$$$$00000004) for _main_scatterload
    entry.o(.ARM.Collect$$$$00000000) refers (Special) to entry2.o(.ARM.Collect$$$$00000001) for _main_stk
    dmul.o(.text) refers (Special) to iusefp.o(.text) for __I$use$fp
    dmul.o(.text) refers to depilogue.o(.text) for _double_epilogue
    dflti.o(.text) refers (Special) to iusefp.o(.text) for __I$use$fp
    dflti.o(.text) refers to depilogue.o(.text) for _double_epilogue
    dfixui.o(.text) refers (Special) to iusefp.o(.text) for __I$use$fp
    dfixui.o(.text) refers to llushr.o(.text) for __aeabi_llsr
    dunder.o(i.__mathlib_dbl_underflow) refers to dscalb.o(.text) for __ARM_scalbn
    fpclassify.o(i.__ARM_fpclassify) refers (Special) to iusefp.o(.text) for __I$use$fp
    poly.o(i.__kernel_poly) refers (Special) to iusefp.o(.text) for __I$use$fp
    poly.o(i.__kernel_poly) refers to dmul.o(.text) for __aeabi_dmul
    poly.o(i.__kernel_poly) refers to dadd.o(.text) for __aeabi_dadd
    qnan.o(.constdata) refers (Special) to iusefp.o(.text) for __I$use$fp
    sqrt.o(i.__softfp_sqrt) refers (Special) to iusefp.o(.text) for __I$use$fp
    sqrt.o(i.__softfp_sqrt) refers to dsqrt.o(.text) for _dsqrt
    sqrt.o(i.__softfp_sqrt) refers to errno.o(i.__set_errno) for __set_errno
    sqrt.o(i.sqrt) refers (Special) to iusefp.o(.text) for __I$use$fp
    sqrt.o(i.sqrt) refers to dsqrt.o(.text) for _dsqrt
    sqrt.o(i.sqrt) refers to errno.o(i.__set_errno) for __set_errno
    sqrt_x.o(i.____softfp_sqrt$lsc) refers (Special) to iusefp.o(.text) for __I$use$fp
    sqrt_x.o(i.____softfp_sqrt$lsc) refers to cdcmple.o(.text) for __aeabi_cdcmple
    sqrt_x.o(i.____softfp_sqrt$lsc) refers to errno.o(i.__set_errno) for __set_errno
    sqrt_x.o(i.____softfp_sqrt$lsc) refers to dsqrt.o(.text) for _dsqrt
    sqrt_x.o(i.__sqrt$lsc) refers (Special) to iusefp.o(.text) for __I$use$fp
    sqrt_x.o(i.__sqrt$lsc) refers to cdcmple.o(.text) for __aeabi_cdcmple
    sqrt_x.o(i.__sqrt$lsc) refers to errno.o(i.__set_errno) for __set_errno
    sqrt_x.o(i.__sqrt$lsc) refers to dsqrt.o(.text) for _dsqrt
    entry2.o(.ARM.Collect$$$$00000001) refers to entry2.o(.ARM.Collect$$$$00002712) for __lit__00000000
    entry2.o(.ARM.Collect$$$$00002712) refers to startup.o(STACK) for __initial_sp
    entry2.o(__vectab_stack_and_reset_area) refers to startup.o(STACK) for __initial_sp
    entry2.o(__vectab_stack_and_reset_area) refers to entry.o(.ARM.Collect$$$$00000000) for __main
    entry5.o(.ARM.Collect$$$$00000004) refers to init.o(.text) for __scatterload
    entry9a.o(.ARM.Collect$$$$0000000B) refers to lab5.o(i.main) for main
    entry9b.o(.ARM.Collect$$$$0000000C) refers to lab5.o(i.main) for main
    errno.o(i.__aeabi_errno_addr) refers to errno.o(.data) for .data
    errno.o(i.__read_errno) refers to errno.o(.data) for .data
    errno.o(i.__set_errno) refers to errno.o(.data) for .data
    depilogue.o(.text) refers to llshl.o(.text) for __aeabi_llsl
    depilogue.o(.text) refers to llushr.o(.text) for __aeabi_llsr
    dadd.o(.text) refers to llshl.o(.text) for __aeabi_llsl
    dadd.o(.text) refers to llsshr.o(.text) for __aeabi_lasr
    dadd.o(.text) refers to depilogue.o(.text) for _double_epilogue
    ddiv.o(.text) refers to depilogue.o(.text) for _double_round
    init.o(.text) refers to entry5.o(.ARM.Collect$$$$00000004) for __main_after_scatterload
    dsqrt.o(.text) refers to llushr.o(.text) for __aeabi_llsr
    dsqrt.o(.text) refers to depilogue.o(.text) for _double_round


==============================================================================

Removing Unused input sections from the image.

    Removing startup.o(HEAP), (0 bytes).
    Removing st7735.o(i.Output_Clear), (10 bytes).
    Removing st7735.o(i.Output_Color), (12 bytes).
    Removing st7735.o(i.Output_Init), (16 bytes).
    Removing st7735.o(i.Output_Off), (8 bytes).
    Removing st7735.o(i.Output_On), (8 bytes).
    Removing st7735.o(i.ST7735_DrawBitmap), (288 bytes).
    Removing st7735.o(i.ST7735_DrawCircle), (168 bytes).
    Removing st7735.o(i.ST7735_DrawFastHLine), (124 bytes).
    Removing st7735.o(i.ST7735_DrawFastVLine), (124 bytes).
    Removing st7735.o(i.ST7735_DrawSmallCircle), (168 bytes).
    Removing st7735.o(i.ST7735_InitB), (40 bytes).
    Removing st7735.o(i.ST7735_InvertDisplay), (22 bytes).
    Removing st7735.o(i.ST7735_Message), (84 bytes).
    Removing st7735.o(i.ST7735_OutChar), (212 bytes).
    Removing st7735.o(i.ST7735_OutString), (24 bytes).
    Removing st7735.o(i.ST7735_PlotBar), (88 bytes).
    Removing st7735.o(i.ST7735_PlotClear), (92 bytes).
    Removing st7735.o(i.ST7735_PlotLine), (264 bytes).
    Removing st7735.o(i.ST7735_PlotNext), (32 bytes).
    Removing st7735.o(i.ST7735_PlotNextErase), (64 bytes).
    Removing st7735.o(i.ST7735_PlotPoint), (152 bytes).
    Removing st7735.o(i.ST7735_PlotPoints), (172 bytes).
    Removing st7735.o(i.ST7735_PlotdBfs), (60 bytes).
    Removing st7735.o(i.ST7735_SetRotation), (212 bytes).
    Removing st7735.o(i.ST7735_SwapColor), (18 bytes).
    Removing st7735.o(i.ferror), (8 bytes).
    Removing st7735.o(i.fgetc), (6 bytes).
    Removing st7735.o(i.fputc), (16 bytes).
    Removing os.o(i.ContextSwitch), (16 bytes).
    Removing os.o(i.DebouncePF0), (64 bytes).
    Removing os.o(i.DebouncePF4), (64 bytes).
    Removing os.o(i.Jitter), (56 bytes).
    Removing os.o(i.OS_AddPeriodicThread), (248 bytes).
    Removing os.o(i.OS_AddProcess), (10 bytes).
    Removing os.o(i.OS_AddSW1Task), (80 bytes).
    Removing os.o(i.OS_AddSW2Task), (80 bytes).
    Removing os.o(i.OS_AddThread), (224 bytes).
    Removing os.o(i.OS_ClearCriticalTime), (16 bytes).
    Removing os.o(i.OS_ClearMsTime), (12 bytes).
    Removing os.o(i.OS_ClearPeriodicTime), (12 bytes).
    Removing os.o(i.OS_DisplayProfile), (60 bytes).
    Removing os.o(i.OS_Fifo_Get), (88 bytes).
    Removing os.o(i.OS_Fifo_Init), (60 bytes).
    Removing os.o(i.OS_Fifo_Put), (80 bytes).
    Removing os.o(i.OS_Fifo_Size), (68 bytes).
    Removing os.o(i.OS_GetProfilerAndReset), (4 bytes).
    Removing os.o(i.OS_Id), (16 bytes).
    Removing os.o(i.OS_Init), (208 bytes).
    Removing os.o(i.OS_InitSemaphore), (10 bytes).
    Removing os.o(i.OS_Kill), (76 bytes).
    Removing os.o(i.OS_Launch), (36 bytes).
    Removing os.o(i.OS_MailBox_Init), (28 bytes).
    Removing os.o(i.OS_MailBox_Recv), (36 bytes).
    Removing os.o(i.OS_MailBox_Send), (36 bytes).
    Removing os.o(i.OS_MsTime), (12 bytes).
    Removing os.o(i.OS_ReadCriticalPercentage), (40 bytes).
    Removing os.o(i.OS_ReadCriticalTime), (12 bytes).
    Removing os.o(i.OS_ReadPeriodicTime), (12 bytes).
    Removing os.o(i.OS_Signal), (92 bytes).
    Removing os.o(i.OS_Sleep), (76 bytes).
    Removing os.o(i.OS_Wait), (92 bytes).
    Removing os.o(i.OS_Yield), (8 bytes).
    Removing os.o(i.OS_bSignal), (88 bytes).
    Removing os.o(i.OS_bWait), (92 bytes).
    Removing os.o(i.OS_clearProfile), (36 bytes).
    Removing os.o(i.OS_pendSVTrigger), (32 bytes).
    Removing os.o(i.OS_resetRecord), (12 bytes).
    Removing os.o(i.SetInitialStack), (336 bytes).
    Removing os.o(i.Timer4A_Init), (52 bytes).
    Removing os.o(i.Timer5_Init), (64 bytes).
    Removing os.o(i.WTimer0A_Init), (120 bytes).
    Removing os.o(i.WTimer4A_Init), (104 bytes).
    Removing os.o(i.WTimer5A_Init), (96 bytes).
    Removing os.o(i.add_thread), (52 bytes).
    Removing os.o(i.dummy1), (4 bytes).
    Removing os.o(i.find_next), (60 bytes).
    Removing os.o(i.find_prev), (64 bytes).
    Removing os.o(i.portFDisable), (28 bytes).
    Removing os.o(i.portFEnable), (28 bytes).
    Removing os.o(i.removeThreadPri), (72 bytes).
    Removing os.o(i.threadRecordProfiler), (60 bytes).
    Removing os.o(.constdata), (4 bytes).
    Removing adc.o(i.ADC_Collect), (56 bytes).
    Removing adc.o(i.ADC_Collect_old), (76 bytes).
    Removing adc.o(i.ADC_Open), (36 bytes).
    Removing adc.o(i.ADC_Status), (12 bytes).
    Removing adc.o(i.dummy), (2 bytes).
    Removing interpreter.o(i.Interpreter), (60 bytes).
    Removing adcswtrigger.o(i.ADC0_InSeq3), (44 bytes).
    Removing adcswtrigger.o(i.ADC0_InitSWTriggerSeq2), (1076 bytes).
    Removing adcswtrigger.o(i.ADC0_InitSWTriggerSeq3), (1032 bytes).
    Removing adcswtrigger.o(i.ADC0_InitSWTriggerSeq3_Ch9), (236 bytes).
    Removing adcswtrigger.o(i.ADC_ADC2millimeter), (32 bytes).
    Removing adcswtrigger.o(i.ADC_In3210), (76 bytes).
    Removing adcswtrigger.o(i.ADC_In89), (56 bytes).
    Removing adcswtrigger.o(i.ADC_Init3210), (228 bytes).
    Removing adcswtrigger.o(i.ADC_Init89), (224 bytes).
    Removing board.o(i.Board_Init), (100 bytes).
    Removing board.o(i.Board_Input), (12 bytes).
    Removing board.o(i.Board_Output), (12 bytes).
    Removing cmdline.o(i.CmdLineProcess), (148 bytes).
    Removing cmdline.o(i.adcCall), (628 bytes).
    Removing cmdline.o(i.fileCall), (624 bytes).
    Removing cmdline.o(i.lcdCall), (288 bytes).
    Removing cmdline.o(i.osCall), (528 bytes).
    Removing cmdline.o(i.parseNumber), (100 bytes).
    Removing cmdline.o(.bss), (36 bytes).
    Removing cmdline.o(.conststring), (16 bytes).
    Removing cmdline.o(.data), (156 bytes).
    Removing edgetriggered.o(i.EdgeCounter_PF4_Init), (212 bytes).
    Removing edgetriggered.o(i.Timer5Arm), (28 bytes).
    Removing linkedlist.o(i.addToList), (32 bytes).
    Removing linkedlist.o(i.linkThread), (48 bytes).
    Removing linkedlist.o(i.removeFromBlockList), (80 bytes).
    Removing linkedlist.o(i.unlinkThread), (32 bytes).
    Removing timer.o(i.Cycles2milliInch), (20 bytes).
    Removing timer.o(i.Cycles2millimeter), (20 bytes).
    Removing timer.o(i.DelayWait10us), (22 bytes).
    Removing timer.o(i.DelayWait5us), (22 bytes).
    Removing timer.o(i.Timer0_Init), (272 bytes).
    Removing timer.o(i.Timer0_Read), (24 bytes).
    Removing timer.o(i.Timer0_StartHCSR04), (56 bytes).
    Removing timer.o(i.Timer0_StartPing), (144 bytes).
    Removing timer.o(i.Timer1_Init), (272 bytes).
    Removing timer.o(i.Timer1_Read), (24 bytes).
    Removing timer.o(i.Timer1_StartHCSR04), (52 bytes).
    Removing timer.o(i.Timer1_StartPing), (136 bytes).
    Removing timer.o(i.Timer2_Init), (88 bytes).
    Removing timer.o(i.Timer3_Init), (272 bytes).
    Removing timer.o(i.Timer3_Read), (24 bytes).
    Removing timer.o(i.Timer3_StartHCSR04), (48 bytes).
    Removing timer.o(i.Timer3_StartPing), (136 bytes).
    Removing uart.o(i.OutCRLF), (16 bytes).
    Removing uart.o(i.RxFifo_Get), (60 bytes).
    Removing uart.o(i.RxFifo_Init), (36 bytes).
    Removing uart.o(i.TxFifo_Init), (36 bytes).
    Removing uart.o(i.TxFifo_Put), (60 bytes).
    Removing uart.o(i.UART_InChar), (20 bytes).
    Removing uart.o(i.UART_InString), (70 bytes).
    Removing uart.o(i.UART_InUDec), (76 bytes).
    Removing uart.o(i.UART_InUHex), (108 bytes).
    Removing uart.o(i.UART_Init), (204 bytes).
    Removing uart.o(i.UART_OutChar), (52 bytes).
    Removing uart.o(i.UART_OutString), (24 bytes).
    Removing uart.o(i.UART_OutUDec), (42 bytes).
    Removing uart.o(i.UART_OutUHex), (52 bytes).
    Removing ff.o(i.dir_read), (112 bytes).
    Removing ff.o(i.dir_remove), (54 bytes).
    Removing ff.o(i.f_chdir), (84 bytes).
    Removing ff.o(i.f_chmod), (96 bytes).
    Removing ff.o(i.f_closedir), (22 bytes).
    Removing ff.o(i.f_getcwd), (274 bytes).
    Removing ff.o(i.f_getfree), (258 bytes).
    Removing ff.o(i.f_getlabel), (190 bytes).
    Removing ff.o(i.f_mkdir), (364 bytes).
    Removing ff.o(i.f_mkfs), (1608 bytes).
    Removing ff.o(i.f_opendir), (110 bytes).
    Removing ff.o(i.f_readdir), (88 bytes).
    Removing ff.o(i.f_rename), (270 bytes).
    Removing ff.o(i.f_setlabel), (488 bytes).
    Removing ff.o(i.f_stat), (60 bytes).
    Removing ff.o(i.f_truncate), (184 bytes).
    Removing ff.o(i.f_unlink), (190 bytes).
    Removing ff.o(i.f_utime), (98 bytes).
    Removing ff.o(i.get_fileinfo), (116 bytes).
    Removing ff.o(.constdata), (44 bytes).
    Removing lab5.o(i.IdleTask), (20 bytes).
    Removing lab5.o(i.SimpleUnformattedTest), (236 bytes).
    Removing lab5.o(i.diskError), (4 bytes).
    Removing lab5.o(i.realmain), (88 bytes).
    Removing dmul.o(.text), (228 bytes).
    Removing dflti.o(.text), (34 bytes).
    Removing dfixui.o(.text), (50 bytes).
    Removing depilogue.o(.text), (190 bytes).
    Removing dadd.o(.text), (334 bytes).
    Removing ddiv.o(.text), (222 bytes).
    Removing dscalb.o(.text), (46 bytes).
    Removing cdrcmple.o(.text), (40 bytes).
    Removing dsqrt.o(.text), (162 bytes).
    Removing cdcmple.o(.text), (40 bytes).

181 unused section(s) (total 21146 bytes) removed from the image.

==============================================================================

Image Symbol Table

    Local Symbols

    Symbol Name                              Value     Ov Type        Size  Object(Section)

    RESET                                    0x00000000   Section      644  startup.o(RESET)
    ../clib/../cmprslib/zerorunl.c           0x00000000   Number         0  __dczerorl.o ABSOLUTE
    ../clib/microlib/errno.c                 0x00000000   Number         0  errno.o ABSOLUTE
    ../clib/microlib/init/entry.s            0x00000000   Number         0  entry9b.o ABSOLUTE
    ../clib/microlib/init/entry.s            0x00000000   Number         0  entry9a.o ABSOLUTE
    ../clib/microlib/init/entry.s            0x00000000   Number         0  entry7a.o ABSOLUTE
    ../clib/microlib/init/entry.s            0x00000000   Number         0  entry10a.o ABSOLUTE
    ../clib/microlib/init/entry.s            0x00000000   Number         0  entry10b.o ABSOLUTE
    ../clib/microlib/init/entry.s            0x00000000   Number         0  entry11a.o ABSOLUTE
    ../clib/microlib/init/entry.s            0x00000000   Number         0  entry.o ABSOLUTE
    ../clib/microlib/init/entry.s            0x00000000   Number         0  entry11b.o ABSOLUTE
    ../clib/microlib/init/entry.s            0x00000000   Number         0  entry7b.o ABSOLUTE
    ../clib/microlib/init/entry.s            0x00000000   Number         0  entry5.o ABSOLUTE
    ../clib/microlib/init/entry.s            0x00000000   Number         0  entry2.o ABSOLUTE
    ../clib/microlib/init/entry.s            0x00000000   Number         0  entry8b.o ABSOLUTE
    ../clib/microlib/init/entry.s            0x00000000   Number         0  entry8a.o ABSOLUTE
    ../clib/microlib/longlong.c              0x00000000   Number         0  llushr.o ABSOLUTE
    ../clib/microlib/longlong.c              0x00000000   Number         0  llshl.o ABSOLUTE
    ../clib/microlib/longlong.c              0x00000000   Number         0  llsshr.o ABSOLUTE
    ../clib/microlib/string/strcmp.c         0x00000000   Number         0  strcmp.o ABSOLUTE
    ../clib/microlib/string/strlen.c         0x00000000   Number         0  strlen.o ABSOLUTE
    ../clib/microlib/string/strncmp.c        0x00000000   Number         0  strncmp.o ABSOLUTE
    ../clib/microlib/stubs.s                 0x00000000   Number         0  iusefp.o ABSOLUTE
    ../fplib/microlib/fpadd.c                0x00000000   Number         0  dadd.o ABSOLUTE
    ../fplib/microlib/fpdiv.c                0x00000000   Number         0  ddiv.o ABSOLUTE
    ../fplib/microlib/fpepilogue.c           0x00000000   Number         0  depilogue.o ABSOLUTE
    ../fplib/microlib/fpfix.c                0x00000000   Number         0  dfixui.o ABSOLUTE
    ../fplib/microlib/fpflt.c                0x00000000   Number         0  dflti.o ABSOLUTE
    ../fplib/microlib/fpmul.c                0x00000000   Number         0  dmul.o ABSOLUTE
    ../fplib/microlib/fpscalb.c              0x00000000   Number         0  dscalb.o ABSOLUTE
    ../fplib/microlib/fpsqrt.c               0x00000000   Number         0  dsqrt.o ABSOLUTE
    ../mathlib/dunder.c                      0x00000000   Number         0  dunder.o ABSOLUTE
    ../mathlib/fpclassify.c                  0x00000000   Number         0  fpclassify.o ABSOLUTE
    ../mathlib/poly.c                        0x00000000   Number         0  poly.o ABSOLUTE
    ../mathlib/pow.c                         0x00000000   Number         0  pow_x.o ABSOLUTE
    ../mathlib/pow.c                         0x00000000   Number         0  pow.o ABSOLUTE
    ../mathlib/qnan.c                        0x00000000   Number         0  qnan.o ABSOLUTE
    ../mathlib/sqrt.c                        0x00000000   Number         0  sqrt_x.o ABSOLUTE
    ../mathlib/sqrt.c                        0x00000000   Number         0  sqrt.o ABSOLUTE
    ADC.c                                    0x00000000   Number         0  adc.o ABSOLUTE
    ADCSWTrigger.c                           0x00000000   Number         0  adcswtrigger.o ABSOLUTE
    EdgeTriggered.c                          0x00000000   Number         0  edgetriggered.o ABSOLUTE
    Interpreter.c                            0x00000000   Number         0  interpreter.o ABSOLUTE
    Lab5.c                                   0x00000000   Number         0  lab5.o ABSOLUTE
    LinkedList.c                             0x00000000   Number         0  linkedlist.o ABSOLUTE
    OS.c                                     0x00000000   Number         0  os.o ABSOLUTE
    PLL.c                                    0x00000000   Number         0  pll.o ABSOLUTE
    ST7735.c                                 0x00000000   Number         0  st7735.o ABSOLUTE
    ST7735.c                                 0x00000000   Number         0  st7735.o ABSOLUTE
    Timer.c                                  0x00000000   Number         0  timer.o ABSOLUTE
    UART.c                                   0x00000000   Number         0  uart.o ABSOLUTE
    board.c                                  0x00000000   Number         0  board.o ABSOLUTE
    cdcmple.s                                0x00000000   Number         0  cdcmple.o ABSOLUTE
    cdrcmple.s                               0x00000000   Number         0  cdrcmple.o ABSOLUTE
    cmdline.c                                0x00000000   Number         0  cmdline.o ABSOLUTE
    dc.s                                     0x00000000   Number         0  dc.o ABSOLUTE
    diskio.c                                 0x00000000   Number         0  diskio.o ABSOLUTE
    ff.c                                     0x00000000   Number         0  ff.o ABSOLUTE
    handlers.s                               0x00000000   Number         0  handlers.o ABSOLUTE
    init.s                                   0x00000000   Number         0  init.o ABSOLUTE
    osasm.s                                  0x00000000   Number         0  osasm.o ABSOLUTE
    startup.s                                0x00000000   Number         0  startup.o ABSOLUTE
    .ARM.Collect$$$$00000000                 0x00000284   Section        0  entry.o(.ARM.Collect$$$$00000000)
    .ARM.Collect$$$$00000001                 0x00000284   Section        4  entry2.o(.ARM.Collect$$$$00000001)
    .ARM.Collect$$$$00000004                 0x00000288   Section        4  entry5.o(.ARM.Collect$$$$00000004)
    .ARM.Collect$$$$00000008                 0x0000028c   Section        0  entry7b.o(.ARM.Collect$$$$00000008)
    .ARM.Collect$$$$0000000A                 0x0000028c   Section        0  entry8b.o(.ARM.Collect$$$$0000000A)
    .ARM.Collect$$$$0000000B                 0x0000028c   Section        8  entry9a.o(.ARM.Collect$$$$0000000B)
    .ARM.Collect$$$$0000000D                 0x00000294   Section        0  entry10a.o(.ARM.Collect$$$$0000000D)
    .ARM.Collect$$$$0000000F                 0x00000294   Section        0  entry11a.o(.ARM.Collect$$$$0000000F)
    .ARM.Collect$$$$00002712                 0x00000294   Section        4  entry2.o(.ARM.Collect$$$$00002712)
    __lit__00000000                          0x00000294   Data           4  entry2.o(.ARM.Collect$$$$00002712)
    .emb_text                                0x00000298   Section        6  st7735.o(.emb_text)
    .text                                    0x000002a0   Section       28  startup.o(.text)
    .text                                    0x000002bc   Section      116  osasm.o(.text)
    .text                                    0x00000330   Section       36  init.o(.text)
    .text                                    0x00000354   Section        0  __dczerorl.o(.text)
    i.ADC0Seq2_Handler                       0x00000390   Section        0  adc.o(i.ADC0Seq2_Handler)
    i.ADC_In                                 0x000003b4   Section        0  adc.o(i.ADC_In)
    i.CS_Init                                0x00000400   Section        0  diskio.o(i.CS_Init)
    i.Delay1ms                               0x00000498   Section        0  st7735.o(i.Delay1ms)
    i.FileSystemTest                         0x000004b0   Section        0  lab5.o(i.FileSystemTest)
    i.GPIOPortF_Handler                      0x0000077c   Section        0  os.o(i.GPIOPortF_Handler)
    i.OS_AddThreadPri                        0x000007ec   Section        0  os.o(i.OS_AddThreadPri)
    i.OS_SelectNextThread                    0x00000844   Section        0  os.o(i.OS_SelectNextThread)
    i.OS_Suspend                             0x000008d4   Section        0  os.o(i.OS_Suspend)
    i.OS_Time                                0x000008ec   Section        0  os.o(i.OS_Time)
    i.OS_TimeDifference                      0x000008fc   Section        0  os.o(i.OS_TimeDifference)
    i.OS_timeDisabled                        0x00000908   Section        0  os.o(i.OS_timeDisabled)
    i.OS_timeEnabled                         0x00000924   Section        0  os.o(i.OS_timeEnabled)
    i.PLL_Init                               0x0000096c   Section        0  pll.o(i.PLL_Init)
    i.RxFifo_Put                             0x000009e8   Section        0  uart.o(i.RxFifo_Put)
    i.RxFifo_Size                            0x00000a24   Section        0  uart.o(i.RxFifo_Size)
    i.SDC_CS_Init                            0x00000a3c   Section        0  st7735.o(i.SDC_CS_Init)
    i.SSI0_Init                              0x00000ad4   Section        0  diskio.o(i.SSI0_Init)
    i.ST7735_Color565                        0x00000c1c   Section        0  st7735.o(i.ST7735_Color565)
    i.ST7735_DrawChar                        0x00000c34   Section        0  st7735.o(i.ST7735_DrawChar)
    i.ST7735_DrawCharS                       0x00000d40   Section        0  st7735.o(i.ST7735_DrawCharS)
    i.ST7735_DrawPixel                       0x00000e34   Section        0  st7735.o(i.ST7735_DrawPixel)
    i.ST7735_DrawString                      0x00000e7c   Section        0  st7735.o(i.ST7735_DrawString)
    i.ST7735_FillRect                        0x00000ed4   Section        0  st7735.o(i.ST7735_FillRect)
    i.ST7735_FillScreen                      0x00000f80   Section        0  st7735.o(i.ST7735_FillScreen)
    i.ST7735_InitR                           0x00000fa4   Section        0  st7735.o(i.ST7735_InitR)
    i.ST7735_OutUDec                         0x00001020   Section        0  st7735.o(i.ST7735_OutUDec)
    i.ST7735_SetCursor                       0x000010ac   Section        0  st7735.o(i.ST7735_SetCursor)
    i.ST7735_SetTextColor                    0x000010cc   Section        0  st7735.o(i.ST7735_SetTextColor)
    i.SysTick_Handler                        0x000010d8   Section        0  os.o(i.SysTick_Handler)
    i.Timer0A_Handler                        0x000010ec   Section        0  timer.o(i.Timer0A_Handler)
    i.Timer1A_Handler                        0x00001134   Section        0  timer.o(i.Timer1A_Handler)
    i.Timer2A_Handler                        0x0000117c   Section        0  adc.o(i.Timer2A_Handler)
    i.Timer3A_Handler                        0x000011d0   Section        0  timer.o(i.Timer3A_Handler)
    i.Timer4A_Handler                        0x00001218   Section        0  os.o(i.Timer4A_Handler)
    i.Timer5A_Handler                        0x000012b4   Section        0  os.o(i.Timer5A_Handler)
    i.TxFifo_Get                             0x00001350   Section        0  uart.o(i.TxFifo_Get)
    i.TxFifo_Size                            0x0000138c   Section        0  uart.o(i.TxFifo_Size)
    i.UART0_Handler                          0x000013a4   Section        0  uart.o(i.UART0_Handler)
    i.WTimer0B_Init                          0x000013fc   Section        0  diskio.o(i.WTimer0B_Init)
    i.WideTimer0A_Handler                    0x00001484   Section        0  os.o(i.WideTimer0A_Handler)
    i.WideTimer0B_Handler                    0x000014f4   Section        0  diskio.o(i.WideTimer0B_Handler)
    i.WideTimer4A_Handler                    0x0000150c   Section        0  os.o(i.WideTimer4A_Handler)
    i.__scatterload_copy                     0x0000159c   Section       14  handlers.o(i.__scatterload_copy)
    i.__scatterload_null                     0x000015aa   Section        2  handlers.o(i.__scatterload_null)
    i.__scatterload_zeroinit                 0x000015ac   Section       14  handlers.o(i.__scatterload_zeroinit)
    i.check_fs                               0x000015bc   Section        0  ff.o(i.check_fs)
    check_fs                                 0x000015bd   Thumb Code   140  ff.o(i.check_fs)
    i.chk_chr                                0x0000164c   Section        0  ff.o(i.chk_chr)
    chk_chr                                  0x0000164d   Thumb Code    24  ff.o(i.chk_chr)
    i.clust2sect                             0x00001664   Section        0  ff.o(i.clust2sect)
    i.commandList                            0x0000167e   Section        0  st7735.o(i.commandList)
    commandList                              0x0000167f   Thumb Code    86  st7735.o(i.commandList)
    i.commonInit                             0x000016d4   Section        0  st7735.o(i.commonInit)
    commonInit                               0x000016d5   Thumb Code   382  st7735.o(i.commonInit)
    i.copyHardwareToSoftware                 0x00001888   Section        0  uart.o(i.copyHardwareToSoftware)
    copyHardwareToSoftware                   0x00001889   Thumb Code    36  uart.o(i.copyHardwareToSoftware)
    i.copySoftwareToHardware                 0x000018b0   Section        0  uart.o(i.copySoftwareToHardware)
    copySoftwareToHardware                   0x000018b1   Thumb Code    38  uart.o(i.copySoftwareToHardware)
    i.create_chain                           0x000018dc   Section        0  ff.o(i.create_chain)
    create_chain                             0x000018dd   Thumb Code   214  ff.o(i.create_chain)
    i.create_name                            0x000019b4   Section        0  ff.o(i.create_name)
    create_name                              0x000019b5   Thumb Code   418  ff.o(i.create_name)
    i.deselect                               0x00001b68   Section        0  diskio.o(i.deselect)
    deselect                                 0x00001b69   Thumb Code    16  diskio.o(i.deselect)
    i.dir_alloc                              0x00001b7c   Section        0  ff.o(i.dir_alloc)
    dir_alloc                                0x00001b7d   Thumb Code    92  ff.o(i.dir_alloc)
    i.dir_find                               0x00001bd8   Section        0  ff.o(i.dir_find)
    dir_find                                 0x00001bd9   Thumb Code    92  ff.o(i.dir_find)
    i.dir_next                               0x00001c34   Section        0  ff.o(i.dir_next)
    dir_next                                 0x00001c35   Thumb Code   270  ff.o(i.dir_next)
    i.dir_register                           0x00001d42   Section        0  ff.o(i.dir_register)
    dir_register                             0x00001d43   Thumb Code    58  ff.o(i.dir_register)
    i.dir_sdi                                0x00001d7c   Section        0  ff.o(i.dir_sdi)
    dir_sdi                                  0x00001d7d   Thumb Code   158  ff.o(i.dir_sdi)
    i.disk_initialize                        0x00001e1c   Section        0  diskio.o(i.disk_initialize)
    i.disk_ioctl                             0x00001f78   Section        0  diskio.o(i.disk_ioctl)
    i.disk_read                              0x000021a0   Section        0  diskio.o(i.disk_read)
    i.disk_status                            0x00002230   Section        0  diskio.o(i.disk_status)
    i.disk_timerproc                         0x00002244   Section        0  diskio.o(i.disk_timerproc)
    i.disk_write                             0x00002284   Section        0  diskio.o(i.disk_write)
    i.f_close                                0x00002338   Section        0  ff.o(i.f_close)
    i.f_lseek                                0x00002358   Section        0  ff.o(i.f_lseek)
    i.f_mount                                0x000024d8   Section        0  ff.o(i.f_mount)
    i.f_open                                 0x00002534   Section        0  ff.o(i.f_open)
    i.f_read                                 0x00002694   Section        0  ff.o(i.f_read)
    i.f_sync                                 0x00002834   Section        0  ff.o(i.f_sync)
    i.f_write                                0x000028e4   Section        0  ff.o(i.f_write)
    i.fillmessage                            0x00002abc   Section        0  st7735.o(i.fillmessage)
    i.find_volume                            0x00002b04   Section        0  ff.o(i.find_volume)
    find_volume                              0x00002b05   Thumb Code   890  ff.o(i.find_volume)
    i.follow_path                            0x00002e90   Section        0  ff.o(i.follow_path)
    follow_path                              0x00002e91   Thumb Code   176  ff.o(i.follow_path)
    i.get_fat                                0x00002f40   Section        0  ff.o(i.get_fat)
    i.get_ldnumber                           0x00003032   Section        0  ff.o(i.get_ldnumber)
    get_ldnumber                             0x00003033   Thumb Code    74  ff.o(i.get_ldnumber)
    i.init_spi                               0x0000307c   Section        0  diskio.o(i.init_spi)
    init_spi                                 0x0000307d   Thumb Code    32  diskio.o(i.init_spi)
    i.ld_clust                               0x000030a4   Section        0  ff.o(i.ld_clust)
    ld_clust                                 0x000030a5   Thumb Code    32  ff.o(i.ld_clust)
    i.main                                   0x000030c4   Section        0  lab5.o(i.main)
    i.mem_cmp                                0x00003414   Section        0  ff.o(i.mem_cmp)
    mem_cmp                                  0x00003415   Thumb Code    38  ff.o(i.mem_cmp)
    i.mem_cpy                                0x0000343a   Section        0  ff.o(i.mem_cpy)
    mem_cpy                                  0x0000343b   Thumb Code    26  ff.o(i.mem_cpy)
    i.mem_set                                0x00003454   Section        0  ff.o(i.mem_set)
    mem_set                                  0x00003455   Thumb Code    20  ff.o(i.mem_set)
    i.move_window                            0x00003468   Section        0  ff.o(i.move_window)
    move_window                              0x00003469   Thumb Code    52  ff.o(i.move_window)
    i.pushColor                              0x0000349c   Section        0  st7735.o(i.pushColor)
    pushColor                                0x0000349d   Thumb Code    18  st7735.o(i.pushColor)
    i.put_fat                                0x000034ae   Section        0  ff.o(i.put_fat)
    i.rcvr_datablock                         0x000035f4   Section        0  diskio.o(i.rcvr_datablock)
    rcvr_datablock                           0x000035f5   Thumb Code    66  diskio.o(i.rcvr_datablock)
    i.rcvr_spi                               0x0000363c   Section        0  diskio.o(i.rcvr_spi)
    rcvr_spi                                 0x0000363d   Thumb Code    40  diskio.o(i.rcvr_spi)
    i.rcvr_spi_multi                         0x00003668   Section        0  diskio.o(i.rcvr_spi_multi)
    rcvr_spi_multi                           0x00003669   Thumb Code    24  diskio.o(i.rcvr_spi_multi)
    i.removeFromList                         0x00003680   Section        0  linkedlist.o(i.removeFromList)
    i.remove_chain                           0x000036a4   Section        0  ff.o(i.remove_chain)
    remove_chain                             0x000036a5   Thumb Code   108  ff.o(i.remove_chain)
    i.select                                 0x00003710   Section        0  diskio.o(i.select)
    select                                   0x00003711   Thumb Code    44  diskio.o(i.select)
    i.send_cmd                               0x00003740   Section        0  diskio.o(i.send_cmd)
    send_cmd                                 0x00003741   Thumb Code   150  diskio.o(i.send_cmd)
    i.setAddrWindow                          0x000037d8   Section        0  st7735.o(i.setAddrWindow)
    setAddrWindow                            0x000037d9   Thumb Code   106  st7735.o(i.setAddrWindow)
    i.st_clust                               0x0000384c   Section        0  ff.o(i.st_clust)
    st_clust                                 0x0000384d   Thumb Code    16  ff.o(i.st_clust)
    i.sync_fs                                0x0000385c   Section        0  ff.o(i.sync_fs)
    sync_fs                                  0x0000385d   Thumb Code   200  ff.o(i.sync_fs)
    i.sync_window                            0x00003924   Section        0  ff.o(i.sync_window)
    sync_window                              0x00003925   Thumb Code    82  ff.o(i.sync_window)
    i.validate                               0x00003976   Section        0  ff.o(i.validate)
    validate                                 0x00003977   Thumb Code    54  ff.o(i.validate)
    i.wait_ready                             0x000039ac   Section        0  diskio.o(i.wait_ready)
    wait_ready                               0x000039ad   Thumb Code    42  diskio.o(i.wait_ready)
    i.writecommand                           0x000039dc   Section        0  st7735.o(i.writecommand)
    writecommand                             0x000039dd   Thumb Code    66  st7735.o(i.writecommand)
    i.writedata                              0x00003a2c   Section        0  st7735.o(i.writedata)
    writedata                                0x00003a2d   Thumb Code    68  st7735.o(i.writedata)
    i.xchg_spi                               0x00003a7c   Section        0  diskio.o(i.xchg_spi)
    xchg_spi                                 0x00003a7d   Thumb Code    48  diskio.o(i.xchg_spi)
    i.xmit_datablock                         0x00003ab0   Section        0  diskio.o(i.xmit_datablock)
    xmit_datablock                           0x00003ab1   Thumb Code    76  diskio.o(i.xmit_datablock)
    i.xmit_spi_multi                         0x00003afc   Section        0  diskio.o(i.xmit_spi_multi)
    xmit_spi_multi                           0x00003afd   Thumb Code    40  diskio.o(i.xmit_spi_multi)
    .constdata                               0x00003b28   Section     2114  st7735.o(.constdata)
    Font                                     0x00003b28   Data        1275  st7735.o(.constdata)
    Bcmd                                     0x00004023   Data         103  st7735.o(.constdata)
    Rcmd1                                    0x0000408a   Data          59  st7735.o(.constdata)
    Rcmd2green                               0x000040c5   Data          13  st7735.o(.constdata)
    Rcmd2red                                 0x000040d2   Data          13  st7735.o(.constdata)
    Rcmd3                                    0x000040df   Data          43  st7735.o(.constdata)
    .constdata                               0x0000436a   Section       17  lab5.o(.constdata)
    .data                                    0x20000000   Section       44  st7735.o(.data)
    _width                                   0x2000000a   Data           2  st7735.o(.data)
    _height                                  0x2000000c   Data           2  st7735.o(.data)
    ColStart                                 0x20000014   Data           1  st7735.o(.data)
    RowStart                                 0x20000015   Data           1  st7735.o(.data)
    Rotation                                 0x20000016   Data           1  st7735.o(.data)
    TabColor                                 0x20000017   Data           1  st7735.o(.data)
    .data                                    0x2000002c   Section      192  os.o(.data)
    num_threads                              0x2000002c   Data           4  os.o(.data)
    num_processes                            0x2000003c   Data           4  os.o(.data)
    LastTime                                 0x2000007c   Data           4  os.o(.data)
    LastTime                                 0x20000080   Data           4  os.o(.data)
    Last                                     0x20000094   Data           4  os.o(.data)
    Release                                  0x20000098   Data           4  os.o(.data)
    .data                                    0x200000ec   Section       28  adc.o(.data)
    .data                                    0x20000108   Section       40  timer.o(.data)
    .data                                    0x20000130   Section       16  uart.o(.data)
    .data                                    0x20000140   Section       17  diskio.o(.data)
    Stat                                     0x20000140   Data           1  diskio.o(.data)
    Timer1                                   0x20000148   Data           4  diskio.o(.data)
    Timer2                                   0x2000014c   Data           4  diskio.o(.data)
    CardType                                 0x20000150   Data           1  diskio.o(.data)
    .data                                    0x20000154   Section        6  ff.o(.data)
    FatFs                                    0x20000154   Data           4  ff.o(.data)
    Fsid                                     0x20000158   Data           2  ff.o(.data)
    .data                                    0x2000015c   Section       10  lab5.o(.data)
    .bss                                     0x20000168   Section       12  st7735.o(.bss)
    .bss                                     0x20000174   Section    10476  os.o(.bss)
    OS_Fifo                                  0x20002848   Data         500  os.o(.bss)
    .bss                                     0x20002a60   Section       32  uart.o(.bss)
    RxFifo                                   0x20002a60   Data          16  uart.o(.bss)
    TxFifo                                   0x20002a70   Data          16  uart.o(.bss)
    .bss                                     0x20002a80   Section     2172  lab5.o(.bss)
    g_sFatFs                                 0x20002a80   Data         564  lab5.o(.bss)
    STACK                                    0x20003300   Section     1024  startup.o(STACK)
    StackMem                                 0x20003300   Data           0  startup.o(STACK)

    Global Symbols

    Symbol Name                              Value     Ov Type        Size  Object(Section)

    BuildAttributes$$THM_ISAv4$E$P$D$K$B$S$7EM$PE$A:L22UL41UL21$X:L11$S22US41US21$IEEE1$IW$USESV6$~STKCKD$USESV7$~SHL$OTIME$ROPI$IEEEX$EBA8$MICROLIB$REQ8$PRES8$EABIv2 0x00000000   Number         0  anon$$obj.o ABSOLUTE
    __ARM_use_no_argv                        0x00000000   Number         0  lab5.o ABSOLUTE
    __Vectors                                0x00000000   Data           0  startup.o(RESET)
    __cpp_initialize__aeabi_                  - Undefined Weak Reference
    __cxa_finalize                            - Undefined Weak Reference
    _clock_init                               - Undefined Weak Reference
    _microlib_exit                            - Undefined Weak Reference
    Reset_Handler                            0x0000026d   Thumb Code     0  startup.o(RESET)
    NMI_Handler                              0x00000271   Thumb Code     2  startup.o(RESET)
    HardFault_Handler                        0x00000273   Thumb Code     2  startup.o(RESET)
    MemManage_Handler                        0x00000275   Thumb Code     2  startup.o(RESET)
    BusFault_Handler                         0x00000277   Thumb Code     2  startup.o(RESET)
    UsageFault_Handler                       0x00000279   Thumb Code     2  startup.o(RESET)
    SVC_Handler                              0x0000027b   Thumb Code     2  startup.o(RESET)
    DebugMon_Handler                         0x0000027d   Thumb Code     2  startup.o(RESET)
    ADC0Seq0_Handler                         0x00000283   Thumb Code     0  startup.o(RESET)
    ADC0Seq1_Handler                         0x00000283   Thumb Code     0  startup.o(RESET)
    ADC0Seq3_Handler                         0x00000283   Thumb Code     0  startup.o(RESET)
    ADC1Seq0_Handler                         0x00000283   Thumb Code     0  startup.o(RESET)
    ADC1Seq1_Handler                         0x00000283   Thumb Code     0  startup.o(RESET)
    ADC1Seq2_Handler                         0x00000283   Thumb Code     0  startup.o(RESET)
    ADC1Seq3_Handler                         0x00000283   Thumb Code     0  startup.o(RESET)
    CAN0_Handler                             0x00000283   Thumb Code     0  startup.o(RESET)
    CAN1_Handler                             0x00000283   Thumb Code     0  startup.o(RESET)
    CAN2_Handler                             0x00000283   Thumb Code     0  startup.o(RESET)
    Comp0_Handler                            0x00000283   Thumb Code     0  startup.o(RESET)
    Comp1_Handler                            0x00000283   Thumb Code     0  startup.o(RESET)
    Comp2_Handler                            0x00000283   Thumb Code     0  startup.o(RESET)
    Ethernet_Handler                         0x00000283   Thumb Code     0  startup.o(RESET)
    ExtBus_Handler                           0x00000283   Thumb Code     0  startup.o(RESET)
    FPU_Handler                              0x00000283   Thumb Code     0  startup.o(RESET)
    Fan0_Handler                             0x00000283   Thumb Code     0  startup.o(RESET)
    FlashCtl_Handler                         0x00000283   Thumb Code     0  startup.o(RESET)
    GPIOPortA_Handler                        0x00000283   Thumb Code     0  startup.o(RESET)
    GPIOPortB_Handler                        0x00000283   Thumb Code     0  startup.o(RESET)
    GPIOPortC_Handler                        0x00000283   Thumb Code     0  startup.o(RESET)
    GPIOPortD_Handler                        0x00000283   Thumb Code     0  startup.o(RESET)
    GPIOPortE_Handler                        0x00000283   Thumb Code     0  startup.o(RESET)
    GPIOPortG_Handler                        0x00000283   Thumb Code     0  startup.o(RESET)
    GPIOPortH_Handler                        0x00000283   Thumb Code     0  startup.o(RESET)
    GPIOPortJ_Handler                        0x00000283   Thumb Code     0  startup.o(RESET)
    GPIOPortK_Handler                        0x00000283   Thumb Code     0  startup.o(RESET)
    GPIOPortL_Handler                        0x00000283   Thumb Code     0  startup.o(RESET)
    GPIOPortM_Handler                        0x00000283   Thumb Code     0  startup.o(RESET)
    GPIOPortN_Handler                        0x00000283   Thumb Code     0  startup.o(RESET)
    GPIOPortP1_Handler                       0x00000283   Thumb Code     0  startup.o(RESET)
    GPIOPortP2_Handler                       0x00000283   Thumb Code     0  startup.o(RESET)
    GPIOPortP3_Handler                       0x00000283   Thumb Code     0  startup.o(RESET)
    GPIOPortP4_Handler                       0x00000283   Thumb Code     0  startup.o(RESET)
    GPIOPortP5_Handler                       0x00000283   Thumb Code     0  startup.o(RESET)
    GPIOPortP6_Handler                       0x00000283   Thumb Code     0  startup.o(RESET)
    GPIOPortP7_Handler                       0x00000283   Thumb Code     0  startup.o(RESET)
    GPIOPortP_Handler                        0x00000283   Thumb Code     0  startup.o(RESET)
    GPIOPortQ1_Handler                       0x00000283   Thumb Code     0  startup.o(RESET)
    GPIOPortQ2_Handler                       0x00000283   Thumb Code     0  startup.o(RESET)
    GPIOPortQ3_Handler                       0x00000283   Thumb Code     0  startup.o(RESET)
    GPIOPortQ4_Handler                       0x00000283   Thumb Code     0  startup.o(RESET)
    GPIOPortQ5_Handler                       0x00000283   Thumb Code     0  startup.o(RESET)
    GPIOPortQ6_Handler                       0x00000283   Thumb Code     0  startup.o(RESET)
    GPIOPortQ7_Handler                       0x00000283   Thumb Code     0  startup.o(RESET)
    GPIOPortQ_Handler                        0x00000283   Thumb Code     0  startup.o(RESET)
    GPIOPortR_Handler                        0x00000283   Thumb Code     0  startup.o(RESET)
    GPIOPortS_Handler                        0x00000283   Thumb Code     0  startup.o(RESET)
    Hibernate_Handler                        0x00000283   Thumb Code     0  startup.o(RESET)
    I2C0_Handler                             0x00000283   Thumb Code     0  startup.o(RESET)
    I2C1_Handler                             0x00000283   Thumb Code     0  startup.o(RESET)
    I2C2_Handler                             0x00000283   Thumb Code     0  startup.o(RESET)
    I2C3_Handler                             0x00000283   Thumb Code     0  startup.o(RESET)
    I2C4_Handler                             0x00000283   Thumb Code     0  startup.o(RESET)
    I2C5_Handler                             0x00000283   Thumb Code     0  startup.o(RESET)
    I2S0_Handler                             0x00000283   Thumb Code     0  startup.o(RESET)
    LPC0_Handler                             0x00000283   Thumb Code     0  startup.o(RESET)
    PECI0_Handler                            0x00000283   Thumb Code     0  startup.o(RESET)
    PWM0Fault_Handler                        0x00000283   Thumb Code     0  startup.o(RESET)
    PWM0Generator0_Handler                   0x00000283   Thumb Code     0  startup.o(RESET)
    PWM0Generator1_Handler                   0x00000283   Thumb Code     0  startup.o(RESET)
    PWM0Generator2_Handler                   0x00000283   Thumb Code     0  startup.o(RESET)
    PWM0Generator3_Handler                   0x00000283   Thumb Code     0  startup.o(RESET)
    PWM1Fault_Handler                        0x00000283   Thumb Code     0  startup.o(RESET)
    PWM1Generator0_Handler                   0x00000283   Thumb Code     0  startup.o(RESET)
    PWM1Generator1_Handler                   0x00000283   Thumb Code     0  startup.o(RESET)
    PWM1Generator2_Handler                   0x00000283   Thumb Code     0  startup.o(RESET)
    PWM1Generator3_Handler                   0x00000283   Thumb Code     0  startup.o(RESET)
    Quadrature0_Handler                      0x00000283   Thumb Code     0  startup.o(RESET)
    Quadrature1_Handler                      0x00000283   Thumb Code     0  startup.o(RESET)
    Quadrature2_Handler                      0x00000283   Thumb Code     0  startup.o(RESET)
    SSI0_Handler                             0x00000283   Thumb Code     0  startup.o(RESET)
    SSI1_Handler                             0x00000283   Thumb Code     0  startup.o(RESET)
    SSI2_Handler                             0x00000283   Thumb Code     0  startup.o(RESET)
    SSI3_Handler                             0x00000283   Thumb Code     0  startup.o(RESET)
    SysCtl_Handler                           0x00000283   Thumb Code     0  startup.o(RESET)
    Timer0B_Handler                          0x00000283   Thumb Code     0  startup.o(RESET)
    Timer1B_Handler                          0x00000283   Thumb Code     0  startup.o(RESET)
    Timer2B_Handler                          0x00000283   Thumb Code     0  startup.o(RESET)
    Timer3B_Handler                          0x00000283   Thumb Code     0  startup.o(RESET)
    Timer4B_Handler                          0x00000283   Thumb Code     0  startup.o(RESET)
    Timer5B_Handler                          0x00000283   Thumb Code     0  startup.o(RESET)
    UART1_Handler                            0x00000283   Thumb Code     0  startup.o(RESET)
    UART2_Handler                            0x00000283   Thumb Code     0  startup.o(RESET)
    UART3_Handler                            0x00000283   Thumb Code     0  startup.o(RESET)
    UART4_Handler                            0x00000283   Thumb Code     0  startup.o(RESET)
    UART5_Handler                            0x00000283   Thumb Code     0  startup.o(RESET)
    UART6_Handler                            0x00000283   Thumb Code     0  startup.o(RESET)
    UART7_Handler                            0x00000283   Thumb Code     0  startup.o(RESET)
    USB0_Handler                             0x00000283   Thumb Code     0  startup.o(RESET)
    WDT_Handler                              0x00000283   Thumb Code     0  startup.o(RESET)
    WideTimer1A_Handler                      0x00000283   Thumb Code     0  startup.o(RESET)
    WideTimer1B_Handler                      0x00000283   Thumb Code     0  startup.o(RESET)
    WideTimer2A_Handler                      0x00000283   Thumb Code     0  startup.o(RESET)
    WideTimer2B_Handler                      0x00000283   Thumb Code     0  startup.o(RESET)
    WideTimer3A_Handler                      0x00000283   Thumb Code     0  startup.o(RESET)
    WideTimer3B_Handler                      0x00000283   Thumb Code     0  startup.o(RESET)
    WideTimer4B_Handler                      0x00000283   Thumb Code     0  startup.o(RESET)
    WideTimer5A_Handler                      0x00000283   Thumb Code     0  startup.o(RESET)
    WideTimer5B_Handler                      0x00000283   Thumb Code     0  startup.o(RESET)
    uDMA_Error                               0x00000283   Thumb Code     0  startup.o(RESET)
    uDMA_Handler                             0x00000283   Thumb Code     0  startup.o(RESET)
    __main                                   0x00000285   Thumb Code     0  entry.o(.ARM.Collect$$$$00000000)
    _main_stk                                0x00000285   Thumb Code     0  entry2.o(.ARM.Collect$$$$00000001)
    _main_scatterload                        0x00000289   Thumb Code     0  entry5.o(.ARM.Collect$$$$00000004)
    __main_after_scatterload                 0x0000028d   Thumb Code     0  entry5.o(.ARM.Collect$$$$00000004)
    _main_clock                              0x0000028d   Thumb Code     0  entry7b.o(.ARM.Collect$$$$00000008)
    _main_cpp_init                           0x0000028d   Thumb Code     0  entry8b.o(.ARM.Collect$$$$0000000A)
    _main_init                               0x0000028d   Thumb Code     0  entry9a.o(.ARM.Collect$$$$0000000B)
    __rt_final_cpp                           0x00000295   Thumb Code     0  entry10a.o(.ARM.Collect$$$$0000000D)
    __rt_final_exit                          0x00000295   Thumb Code     0  entry11a.o(.ARM.Collect$$$$0000000F)
    Delay                                    0x00000299   Thumb Code     6  st7735.o(.emb_text)
    DisableInterrupts                        0x000002a1   Thumb Code     0  startup.o(.text)
    EnableInterrupts                         0x000002a5   Thumb Code     0  startup.o(.text)
    StartCritical                            0x000002a9   Thumb Code     0  startup.o(.text)
    EndCritical                              0x000002b1   Thumb Code     0  startup.o(.text)
    WaitForInterrupt                         0x000002b7   Thumb Code     0  startup.o(.text)
    OS_DisableInterrupts                     0x000002bd   Thumb Code     0  osasm.o(.text)
    OS_EnableInterrupts                      0x000002cb   Thumb Code     0  osasm.o(.text)
    PendSV_Handler                           0x000002d9   Thumb Code     0  osasm.o(.text)
    StartOS                                  0x000002ff   Thumb Code     0  osasm.o(.text)
    __scatterload                            0x00000331   Thumb Code    28  init.o(.text)
    __scatterload_rt2                        0x00000331   Thumb Code     0  init.o(.text)
    __decompress                             0x00000355   Thumb Code     0  __dczerorl.o(.text)
    __decompress0                            0x00000355   Thumb Code    58  __dczerorl.o(.text)
    ADC0Seq2_Handler                         0x00000391   Thumb Code    24  adc.o(i.ADC0Seq2_Handler)
    ADC_In                                   0x000003b5   Thumb Code    60  adc.o(i.ADC_In)
    CS_Init                                  0x00000401   Thumb Code   132  diskio.o(i.CS_Init)
    Delay1ms                                 0x00000499   Thumb Code    22  st7735.o(i.Delay1ms)
    FileSystemTest                           0x000004b1   Thumb Code   552  lab5.o(i.FileSystemTest)
    GPIOPortF_Handler                        0x0000077d   Thumb Code    82  os.o(i.GPIOPortF_Handler)
    OS_AddThreadPri                          0x000007ed   Thumb Code    80  os.o(i.OS_AddThreadPri)
    OS_SelectNextThread                      0x00000845   Thumb Code   128  os.o(i.OS_SelectNextThread)
    OS_Suspend                               0x000008d5   Thumb Code    18  os.o(i.OS_Suspend)
    OS_Time                                  0x000008ed   Thumb Code    12  os.o(i.OS_Time)
    OS_TimeDifference                        0x000008fd   Thumb Code    12  os.o(i.OS_TimeDifference)
    OS_timeDisabled                          0x00000909   Thumb Code    20  os.o(i.OS_timeDisabled)
    OS_timeEnabled                           0x00000925   Thumb Code    54  os.o(i.OS_timeEnabled)
    PLL_Init                                 0x0000096d   Thumb Code   118  pll.o(i.PLL_Init)
    RxFifo_Put                               0x000009e9   Thumb Code    48  uart.o(i.RxFifo_Put)
    RxFifo_Size                              0x00000a25   Thumb Code    14  uart.o(i.RxFifo_Size)
    SDC_CS_Init                              0x00000a3d   Thumb Code   132  st7735.o(i.SDC_CS_Init)
    SSI0_Init                                0x00000ad5   Thumb Code   296  diskio.o(i.SSI0_Init)
    ST7735_Color565                          0x00000c1d   Thumb Code    24  st7735.o(i.ST7735_Color565)
    ST7735_DrawChar                          0x00000c35   Thumb Code   256  st7735.o(i.ST7735_DrawChar)
    ST7735_DrawCharS                         0x00000d41   Thumb Code   232  st7735.o(i.ST7735_DrawCharS)
    ST7735_DrawPixel                         0x00000e35   Thumb Code    64  st7735.o(i.ST7735_DrawPixel)
    ST7735_DrawString                        0x00000e7d   Thumb Code    86  st7735.o(i.ST7735_DrawString)
    ST7735_FillRect                          0x00000ed5   Thumb Code   164  st7735.o(i.ST7735_FillRect)
    ST7735_FillScreen                        0x00000f81   Thumb Code    28  st7735.o(i.ST7735_FillScreen)
    ST7735_InitR                             0x00000fa5   Thumb Code    90  st7735.o(i.ST7735_InitR)
    ST7735_OutUDec                           0x00001021   Thumb Code   118  st7735.o(i.ST7735_OutUDec)
    ST7735_SetCursor                         0x000010ad   Thumb Code    22  st7735.o(i.ST7735_SetCursor)
    ST7735_SetTextColor                      0x000010cd   Thumb Code     6  st7735.o(i.ST7735_SetTextColor)
    SysTick_Handler                          0x000010d9   Thumb Code    16  os.o(i.SysTick_Handler)
    Timer0A_Handler                          0x000010ed   Thumb Code    50  timer.o(i.Timer0A_Handler)
    Timer1A_Handler                          0x00001135   Thumb Code    50  timer.o(i.Timer1A_Handler)
    Timer2A_Handler                          0x0000117d   Thumb Code    64  adc.o(i.Timer2A_Handler)
    Timer3A_Handler                          0x000011d1   Thumb Code    50  timer.o(i.Timer3A_Handler)
    Timer4A_Handler                          0x00001219   Thumb Code   126  os.o(i.Timer4A_Handler)
    Timer5A_Handler                          0x000012b5   Thumb Code   126  os.o(i.Timer5A_Handler)
    TxFifo_Get                               0x00001351   Thumb Code    46  uart.o(i.TxFifo_Get)
    TxFifo_Size                              0x0000138d   Thumb Code    14  uart.o(i.TxFifo_Size)
    UART0_Handler                            0x000013a5   Thumb Code    82  uart.o(i.UART0_Handler)
    WTimer0B_Init                            0x000013fd   Thumb Code   112  diskio.o(i.WTimer0B_Init)
    WideTimer0A_Handler                      0x00001485   Thumb Code    96  os.o(i.WideTimer0A_Handler)
    WideTimer0B_Handler                      0x000014f5   Thumb Code    20  diskio.o(i.WideTimer0B_Handler)
    WideTimer4A_Handler                      0x0000150d   Thumb Code   102  os.o(i.WideTimer4A_Handler)
    __scatterload_copy                       0x0000159d   Thumb Code    14  handlers.o(i.__scatterload_copy)
    __scatterload_null                       0x000015ab   Thumb Code     2  handlers.o(i.__scatterload_null)
    __scatterload_zeroinit                   0x000015ad   Thumb Code    14  handlers.o(i.__scatterload_zeroinit)
    clust2sect                               0x00001665   Thumb Code    26  ff.o(i.clust2sect)
    disk_initialize                          0x00001e1d   Thumb Code   330  diskio.o(i.disk_initialize)
    disk_ioctl                               0x00001f79   Thumb Code   544  diskio.o(i.disk_ioctl)
    disk_read                                0x000021a1   Thumb Code   136  diskio.o(i.disk_read)
    disk_status                              0x00002231   Thumb Code    14  diskio.o(i.disk_status)
    disk_timerproc                           0x00002245   Thumb Code    52  diskio.o(i.disk_timerproc)
    disk_write                               0x00002285   Thumb Code   170  diskio.o(i.disk_write)
    f_close                                  0x00002339   Thumb Code    32  ff.o(i.f_close)
    f_lseek                                  0x00002359   Thumb Code   382  ff.o(i.f_lseek)
    f_mount                                  0x000024d9   Thumb Code    86  ff.o(i.f_mount)
    f_open                                   0x00002535   Thumb Code   348  ff.o(i.f_open)
    f_read                                   0x00002695   Thumb Code   414  ff.o(i.f_read)
    f_sync                                   0x00002835   Thumb Code   170  ff.o(i.f_sync)
    f_write                                  0x000028e5   Thumb Code   470  ff.o(i.f_write)
    fillmessage                              0x00002abd   Thumb Code    64  st7735.o(i.fillmessage)
    get_fat                                  0x00002f41   Thumb Code   242  ff.o(i.get_fat)
    main                                     0x000030c5   Thumb Code   708  lab5.o(i.main)
    put_fat                                  0x000034af   Thumb Code   326  ff.o(i.put_fat)
    removeFromList                           0x00003681   Thumb Code    36  linkedlist.o(i.removeFromList)
    smallCircle                              0x0000410a   Data          36  st7735.o(.constdata)
    circle                                   0x0000412e   Data          60  st7735.o(.constdata)
    dBfs                                     0x0000416a   Data         512  st7735.o(.constdata)
    inFilename                               0x0000436a   Data           9  lab5.o(.constdata)
    outFilename                              0x00004373   Data           8  lab5.o(.constdata)
    Region$$Table$$Base                      0x0000437c   Number         0  anon$$obj.o(Region$$Table)
    Region$$Table$$Limit                     0x0000439c   Number         0  anon$$obj.o(Region$$Table)
    StX                                      0x20000000   Data           4  st7735.o(.data)
    StY                                      0x20000004   Data           4  st7735.o(.data)
    StTextColor                              0x20000008   Data           2  st7735.o(.data)
    lastj                                    0x20000010   Data           4  st7735.o(.data)
    Messageindex                             0x20000018   Data           4  st7735.o(.data)
    Ymax                                     0x2000001c   Data           4  st7735.o(.data)
    Ymin                                     0x20000020   Data           4  st7735.o(.data)
    X                                        0x20000024   Data           4  st7735.o(.data)
    Yrange                                   0x20000028   Data           4  st7735.o(.data)
    periodic_threads_count                   0x20000030   Data           1  os.o(.data)
    runPT                                    0x20000034   Data           4  os.o(.data)
    nextPT                                   0x20000038   Data           4  os.o(.data)
    numTasks                                 0x20000040   Data           4  os.o(.data)
    OS_ms_count                              0x20000044   Data           4  os.o(.data)
    OS_counter1                              0x20000048   Data           4  os.o(.data)
    OS_counter2                              0x2000004c   Data           4  os.o(.data)
    PF0_button                               0x20000050   Data           4  os.o(.data)
    PF4_button                               0x20000054   Data           4  os.o(.data)
    pf4_go                                   0x20000058   Data           4  os.o(.data)
    pf0_go                                   0x2000005c   Data           4  os.o(.data)
    butt_count                               0x20000060   Data           4  os.o(.data)
    start                                    0x20000064   Data           4  os.o(.data)
    fifolimit                                0x20000068   Data           4  os.o(.data)
    critical_time                            0x2000006c   Data           4  os.o(.data)
    total_critical_time                      0x20000070   Data           4  os.o(.data)
    largest_critical_time                    0x20000074   Data           4  os.o(.data)
    record_count                             0x20000078   Data           4  os.o(.data)
    Periodic1Task                            0x20000084   Data           4  os.o(.data)
    Periodic2Task                            0x20000088   Data           4  os.o(.data)
    SWOneTask                                0x2000008c   Data           4  os.o(.data)
    SWTwoTask                                0x20000090   Data           4  os.o(.data)
    Periodic1TaskPeriod                      0x2000009c   Data           4  os.o(.data)
    Periodic2TaskPeriod                      0x200000a0   Data           4  os.o(.data)
    MaxJitter                                0x200000a4   Data           4  os.o(.data)
    MaxJitter2                               0x200000a8   Data           4  os.o(.data)
    delay                                    0x200000ac   Data           4  os.o(.data)
    CurrentID                                0x200000b0   Data           2  os.o(.data)
    time_slice                               0x200000b4   Data           4  os.o(.data)
    head_sleep                               0x200000b8   Data           4  os.o(.data)
    tail_sleep                               0x200000bc   Data           4  os.o(.data)
    head_kill                                0x200000c0   Data           4  os.o(.data)
    tail_kill                                0x200000c4   Data           4  os.o(.data)
    head_reAdd                               0x200000c8   Data           4  os.o(.data)
    tail_reAdd                               0x200000cc   Data           4  os.o(.data)
    LastPF4                                  0x200000d0   Data           4  os.o(.data)
    LastPF0                                  0x200000d4   Data           4  os.o(.data)
    sw1Last                                  0x200000d8   Data           4  os.o(.data)
    sw2Last                                  0x200000dc   Data           4  os.o(.data)
    OSPutPt                                  0x200000e0   Data           4  os.o(.data)
    OSGetPt                                  0x200000e4   Data           4  os.o(.data)
    MailBox                                  0x200000e8   Data           4  os.o(.data)
    channel                                  0x200000ec   Data           4  adc.o(.data)
    sampleCounter                            0x200000f0   Data           4  adc.o(.data)
    sampleSize                               0x200000f4   Data           4  adc.o(.data)
    status                                   0x200000f8   Data           1  adc.o(.data)
    DATA                                     0x200000fc   Data           4  adc.o(.data)
    ADCPeriodicTask                          0x20000100   Data           4  adc.o(.data)
    ADCDataConsumer                          0x20000104   Data           4  adc.o(.data)
    Timer0First                              0x20000108   Data           4  timer.o(.data)
    Timer0Done                               0x2000010c   Data           4  timer.o(.data)
    Timer0Pulse                              0x20000110   Data           4  timer.o(.data)
    Timer1First                              0x20000114   Data           4  timer.o(.data)
    Timer1Done                               0x20000118   Data           4  timer.o(.data)
    Timer1Pulse                              0x2000011c   Data           4  timer.o(.data)
    PeriodicTask2                            0x20000120   Data           4  timer.o(.data)
    Timer3First                              0x20000124   Data           4  timer.o(.data)
    Timer3Done                               0x20000128   Data           4  timer.o(.data)
    Timer3Pulse                              0x2000012c   Data           4  timer.o(.data)
    RxPutI                                   0x20000130   Data           4  uart.o(.data)
    RxGetI                                   0x20000134   Data           4  uart.o(.data)
    TxPutI                                   0x20000138   Data           4  uart.o(.data)
    TxGetI                                   0x2000013c   Data           4  uart.o(.data)
    Ddelay                                   0x20000144   Data           4  diskio.o(.data)
    Idlecount                                0x2000015c   Data           4  lab5.o(.data)
    NumCreated                               0x20000160   Data           4  lab5.o(.data)
    MountFresult                             0x20000164   Data           1  lab5.o(.data)
    Fresult                                  0x20000165   Data           1  lab5.o(.data)
    Message                                  0x20000168   Data          12  st7735.o(.bss)
    JitterHistogram                          0x20000174   Data         256  os.o(.bss)
    JitterHistogram2                         0x20000274   Data         256  os.o(.bss)
    pri_lists                                0x20000374   Data          32  os.o(.bss)
    pri_count                                0x20000394   Data          32  os.o(.bss)
    thread_time                              0x200003b4   Data         400  os.o(.bss)
    thread_record                            0x20000544   Data         400  os.o(.bss)
    SW1sem                                   0x200006d4   Data          12  os.o(.bss)
    SW2sem                                   0x200006e0   Data          12  os.o(.bss)
    TCBs                                     0x200006ec   Data         480  os.o(.bss)
    PCBs                                     0x200008cc   Data          60  os.o(.bss)
    Stacks                                   0x20000908   Data        8000  os.o(.bss)
    FifoAvailable                            0x20002a3c   Data          12  os.o(.bss)
    BoxFree                                  0x20002a48   Data          12  os.o(.bss)
    DataValid                                0x20002a54   Data          12  os.o(.bss)
    Handle                                   0x20002cb4   Data         548  lab5.o(.bss)
    Handle2                                  0x20002ed8   Data         548  lab5.o(.bss)
    buffer                                   0x200030fc   Data         512  lab5.o(.bss)
    __initial_sp                             0x20003700   Data           0  startup.o(STACK)



==============================================================================

Memory Map of the image

  Image Entry point : 0x0000026d

  Load Region LR_1 (Base: 0x00000000, Size: 0x00004504, Max: 0xffffffff, ABSOLUTE, COMPRESSED[0x000043b0])

    Execution Region ER_RO (Base: 0x00000000, Size: 0x0000439c, Max: 0xffffffff, ABSOLUTE)

    Base Addr    Size         Type   Attr      Idx    E Section Name        Object

    0x00000000   0x00000284   Code   RO            3  * RESET               startup.o
    0x00000284   0x00000000   Code   RO         1794  * .ARM.Collect$$$$00000000  mc_w.l(entry.o)
    0x00000284   0x00000004   Code   RO         1824    .ARM.Collect$$$$00000001  mc_w.l(entry2.o)
    0x00000288   0x00000004   Code   RO         1827    .ARM.Collect$$$$00000004  mc_w.l(entry5.o)
    0x0000028c   0x00000000   Code   RO         1829    .ARM.Collect$$$$00000008  mc_w.l(entry7b.o)
    0x0000028c   0x00000000   Code   RO         1831    .ARM.Collect$$$$0000000A  mc_w.l(entry8b.o)
    0x0000028c   0x00000008   Code   RO         1832    .ARM.Collect$$$$0000000B  mc_w.l(entry9a.o)
    0x00000294   0x00000000   Code   RO         1834    .ARM.Collect$$$$0000000D  mc_w.l(entry10a.o)
    0x00000294   0x00000000   Code   RO         1836    .ARM.Collect$$$$0000000F  mc_w.l(entry11a.o)
    0x00000294   0x00000004   Code   RO         1825    .ARM.Collect$$$$00002712  mc_w.l(entry2.o)
    0x00000298   0x00000006   Code   RO           34    .emb_text           st7735.o
    0x0000029e   0x00000002   PAD
    0x000002a0   0x0000001c   Code   RO            4    .text               startup.o
    0x000002bc   0x00000074   Code   RO          758    .text               osasm.o
    0x00000330   0x00000024   Code   RO         1858    .text               mc_w.l(init.o)
    0x00000354   0x0000003a   Code   RO         1876    .text               mc_w.l(__dczerorl.o)
    0x0000038e   0x00000002   PAD
    0x00000390   0x00000024   Code   RO          761    i.ADC0Seq2_Handler  adc.o
    0x000003b4   0x0000004c   Code   RO          764    i.ADC_In            adc.o
    0x00000400   0x00000098   Code   RO         1308    i.CS_Init           diskio.o
    0x00000498   0x00000016   Code   RO           35    i.Delay1ms          st7735.o
    0x000004ae   0x00000002   PAD
    0x000004b0   0x000002cc   Code   RO         1734    i.FileSystemTest    lab5.o
    0x0000077c   0x00000070   Code   RO          341    i.GPIOPortF_Handler  os.o
    0x000007ec   0x00000058   Code   RO          348    i.OS_AddThreadPri   os.o
    0x00000844   0x00000090   Code   RO          370    i.OS_SelectNextThread  os.o
    0x000008d4   0x00000018   Code   RO          373    i.OS_Suspend        os.o
    0x000008ec   0x00000010   Code   RO          374    i.OS_Time           os.o
    0x000008fc   0x0000000c   Code   RO          375    i.OS_TimeDifference  os.o
    0x00000908   0x0000001c   Code   RO          383    i.OS_timeDisabled   os.o
    0x00000924   0x00000048   Code   RO          384    i.OS_timeEnabled    os.o
    0x0000096c   0x0000007c   Code   RO           12    i.PLL_Init          pll.o
    0x000009e8   0x0000003c   Code   RO         1174    i.RxFifo_Put        uart.o
    0x00000a24   0x00000018   Code   RO         1175    i.RxFifo_Size       uart.o
    0x00000a3c   0x00000098   Code   RO           41    i.SDC_CS_Init       st7735.o
    0x00000ad4   0x00000148   Code   RO         1309    i.SSI0_Init         diskio.o
    0x00000c1c   0x00000018   Code   RO           42    i.ST7735_Color565   st7735.o
    0x00000c34   0x0000010c   Code   RO           44    i.ST7735_DrawChar   st7735.o
    0x00000d40   0x000000f4   Code   RO           45    i.ST7735_DrawCharS  st7735.o
    0x00000e34   0x00000048   Code   RO           49    i.ST7735_DrawPixel  st7735.o
    0x00000e7c   0x00000056   Code   RO           51    i.ST7735_DrawString  st7735.o
    0x00000ed2   0x00000002   PAD
    0x00000ed4   0x000000ac   Code   RO           52    i.ST7735_FillRect   st7735.o
    0x00000f80   0x00000024   Code   RO           53    i.ST7735_FillScreen  st7735.o
    0x00000fa4   0x0000007c   Code   RO           55    i.ST7735_InitR      st7735.o
    0x00001020   0x0000008c   Code   RO           60    i.ST7735_OutUDec    st7735.o
    0x000010ac   0x00000020   Code   RO           69    i.ST7735_SetCursor  st7735.o
    0x000010cc   0x0000000c   Code   RO           71    i.ST7735_SetTextColor  st7735.o
    0x000010d8   0x00000014   Code   RO          386    i.SysTick_Handler   os.o
    0x000010ec   0x00000048   Code   RO         1046    i.Timer0A_Handler   timer.o
    0x00001134   0x00000048   Code   RO         1051    i.Timer1A_Handler   timer.o
    0x0000117c   0x00000054   Code   RO          767    i.Timer2A_Handler   adc.o
    0x000011d0   0x00000048   Code   RO         1057    i.Timer3A_Handler   timer.o
    0x00001218   0x0000009c   Code   RO          387    i.Timer4A_Handler   os.o
    0x000012b4   0x0000009c   Code   RO          389    i.Timer5A_Handler   os.o
    0x00001350   0x0000003c   Code   RO         1176    i.TxFifo_Get        uart.o
    0x0000138c   0x00000018   Code   RO         1179    i.TxFifo_Size       uart.o
    0x000013a4   0x00000058   Code   RO         1180    i.UART0_Handler     uart.o
    0x000013fc   0x00000088   Code   RO         1310    i.WTimer0B_Init     diskio.o
    0x00001484   0x00000070   Code   RO          394    i.WideTimer0A_Handler  os.o
    0x000014f4   0x00000018   Code   RO         1311    i.WideTimer0B_Handler  diskio.o
    0x0000150c   0x00000090   Code   RO          395    i.WideTimer4A_Handler  os.o
    0x0000159c   0x0000000e   Code   RO         1870    i.__scatterload_copy  mc_w.l(handlers.o)
    0x000015aa   0x00000002   Code   RO         1871    i.__scatterload_null  mc_w.l(handlers.o)
    0x000015ac   0x0000000e   Code   RO         1872    i.__scatterload_zeroinit  mc_w.l(handlers.o)
    0x000015ba   0x00000002   PAD
    0x000015bc   0x00000090   Code   RO         1438    i.check_fs          ff.o
    0x0000164c   0x00000018   Code   RO         1439    i.chk_chr           ff.o
    0x00001664   0x0000001a   Code   RO         1440    i.clust2sect        ff.o
    0x0000167e   0x00000056   Code   RO           73    i.commandList       st7735.o
    0x000016d4   0x000001b4   Code   RO           74    i.commonInit        st7735.o
    0x00001888   0x00000028   Code   RO         1190    i.copyHardwareToSoftware  uart.o
    0x000018b0   0x0000002c   Code   RO         1191    i.copySoftwareToHardware  uart.o
    0x000018dc   0x000000d6   Code   RO         1441    i.create_chain      ff.o
    0x000019b2   0x00000002   PAD
    0x000019b4   0x000001b4   Code   RO         1442    i.create_name       ff.o
    0x00001b68   0x00000014   Code   RO         1312    i.deselect          diskio.o
    0x00001b7c   0x0000005c   Code   RO         1443    i.dir_alloc         ff.o
    0x00001bd8   0x0000005c   Code   RO         1444    i.dir_find          ff.o
    0x00001c34   0x0000010e   Code   RO         1445    i.dir_next          ff.o
    0x00001d42   0x0000003a   Code   RO         1447    i.dir_register      ff.o
    0x00001d7c   0x0000009e   Code   RO         1449    i.dir_sdi           ff.o
    0x00001e1a   0x00000002   PAD
    0x00001e1c   0x0000015c   Code   RO         1313    i.disk_initialize   diskio.o
    0x00001f78   0x00000228   Code   RO         1314    i.disk_ioctl        diskio.o
    0x000021a0   0x00000090   Code   RO         1315    i.disk_read         diskio.o
    0x00002230   0x00000014   Code   RO         1316    i.disk_status       diskio.o
    0x00002244   0x00000040   Code   RO         1317    i.disk_timerproc    diskio.o
    0x00002284   0x000000b4   Code   RO         1318    i.disk_write        diskio.o
    0x00002338   0x00000020   Code   RO         1452    i.f_close           ff.o
    0x00002358   0x0000017e   Code   RO         1457    i.f_lseek           ff.o
    0x000024d6   0x00000002   PAD
    0x000024d8   0x0000005c   Code   RO         1460    i.f_mount           ff.o
    0x00002534   0x00000160   Code   RO         1461    i.f_open            ff.o
    0x00002694   0x0000019e   Code   RO         1463    i.f_read            ff.o
    0x00002832   0x00000002   PAD
    0x00002834   0x000000b0   Code   RO         1468    i.f_sync            ff.o
    0x000028e4   0x000001d6   Code   RO         1472    i.f_write           ff.o
    0x00002aba   0x00000002   PAD
    0x00002abc   0x00000048   Code   RO           77    i.fillmessage       st7735.o
    0x00002b04   0x0000038c   Code   RO         1473    i.find_volume       ff.o
    0x00002e90   0x000000b0   Code   RO         1474    i.follow_path       ff.o
    0x00002f40   0x000000f2   Code   RO         1475    i.get_fat           ff.o
    0x00003032   0x0000004a   Code   RO         1477    i.get_ldnumber      ff.o
    0x0000307c   0x00000028   Code   RO         1319    i.init_spi          diskio.o
    0x000030a4   0x00000020   Code   RO         1478    i.ld_clust          ff.o
    0x000030c4   0x00000350   Code   RO         1738    i.main              lab5.o
    0x00003414   0x00000026   Code   RO         1479    i.mem_cmp           ff.o
    0x0000343a   0x0000001a   Code   RO         1480    i.mem_cpy           ff.o
    0x00003454   0x00000014   Code   RO         1481    i.mem_set           ff.o
    0x00003468   0x00000034   Code   RO         1482    i.move_window       ff.o
    0x0000349c   0x00000012   Code   RO           79    i.pushColor         st7735.o
    0x000034ae   0x00000146   Code   RO         1483    i.put_fat           ff.o
    0x000035f4   0x00000048   Code   RO         1320    i.rcvr_datablock    diskio.o
    0x0000363c   0x0000002c   Code   RO         1321    i.rcvr_spi          diskio.o
    0x00003668   0x00000018   Code   RO         1322    i.rcvr_spi_multi    diskio.o
    0x00003680   0x00000024   Code   RO         1009    i.removeFromList    linkedlist.o
    0x000036a4   0x0000006c   Code   RO         1484    i.remove_chain      ff.o
    0x00003710   0x00000030   Code   RO         1323    i.select            diskio.o
    0x00003740   0x00000096   Code   RO         1324    i.send_cmd          diskio.o
    0x000037d6   0x00000002   PAD
    0x000037d8   0x00000074   Code   RO           80    i.setAddrWindow     st7735.o
    0x0000384c   0x00000010   Code   RO         1485    i.st_clust          ff.o
    0x0000385c   0x000000c8   Code   RO         1486    i.sync_fs           ff.o
    0x00003924   0x00000052   Code   RO         1487    i.sync_window       ff.o
    0x00003976   0x00000036   Code   RO         1488    i.validate          ff.o
    0x000039ac   0x00000030   Code   RO         1325    i.wait_ready        diskio.o
    0x000039dc   0x00000050   Code   RO           81    i.writecommand      st7735.o
    0x00003a2c   0x00000050   Code   RO           82    i.writedata         st7735.o
    0x00003a7c   0x00000034   Code   RO         1326    i.xchg_spi          diskio.o
    0x00003ab0   0x0000004c   Code   RO         1327    i.xmit_datablock    diskio.o
    0x00003afc   0x0000002c   Code   RO         1328    i.xmit_spi_multi    diskio.o
    0x00003b28   0x00000842   Data   RO           84    .constdata          st7735.o
    0x0000436a   0x00000011   Data   RO         1741    .constdata          lab5.o
    0x0000437b   0x00000001   PAD
    0x0000437c   0x00000020   Data   RO         1868    Region$$Table       anon$$obj.o


    Execution Region ER_RW (Base: 0x20000000, Size: 0x00000168, Max: 0xffffffff, ABSOLUTE, COMPRESSED[0x00000014])

    Base Addr    Size         Type   Attr      Idx    E Section Name        Object

    0x20000000   0x0000002c   Data   RW           85    .data               st7735.o
    0x2000002c   0x000000c0   Data   RW          406    .data               os.o
    0x200000ec   0x0000001c   Data   RW          769    .data               adc.o
    0x20000108   0x00000028   Data   RW         1062    .data               timer.o
    0x20000130   0x00000010   Data   RW         1193    .data               uart.o
    0x20000140   0x00000011   Data   RW         1329    .data               diskio.o
    0x20000151   0x00000003   PAD
    0x20000154   0x00000006   Data   RW         1490    .data               ff.o
    0x2000015a   0x00000002   PAD
    0x2000015c   0x0000000a   Data   RW         1742    .data               lab5.o


    Execution Region ER_ZI (Base: 0x20000168, Size: 0x00003598, Max: 0xffffffff, ABSOLUTE)

    Base Addr    Size         Type   Attr      Idx    E Section Name        Object

    0x20000168   0x0000000c   Zero   RW           83    .bss                st7735.o
    0x20000174   0x000028ec   Zero   RW          404    .bss                os.o
    0x20002a60   0x00000020   Zero   RW         1192    .bss                uart.o
    0x20002a80   0x0000087c   Zero   RW         1740    .bss                lab5.o
    0x200032fc   0x00000004   PAD
    0x20003300   0x00000400   Zero   RW            1    STACK               startup.o


==============================================================================

Image component sizes


      Code (inc. data)   RO Data    RW Data    ZI Data      Debug   Object Name

       196         48          0         28          0       2121   adc.o
      2566        182          0         17          0      13772   diskio.o
      5786         56          0          6          0      27004   ff.o
      1564        304         17         10       2172       5033   lab5.o
        36          0          0          0          0        849   linkedlist.o
      1084        212          0        192      10476      10820   os.o
       116         10          0          0          0        232   osasm.o
       124          6          0          0          0       4639   pll.o
      2278        238       2114         44         12      16992   st7735.o
       672        622          0          0       1024        916   startup.o
       216         66          0         40          0       2411   timer.o
       340         62          0         16         32       4156   uart.o

    ----------------------------------------------------------------------
     14996       1806       2164        360      13720      88945   Object Totals
         0          0         32          0          0          0   (incl. Generated)
        18          0          1          7          4          0   (incl. Padding)

    ----------------------------------------------------------------------

      Code (inc. data)   RO Data    RW Data    ZI Data      Debug   Library Member Name

        58          0          0          0          0          0   __dczerorl.o
         0          0          0          0          0          0   entry.o
         0          0          0          0          0          0   entry10a.o
         0          0          0          0          0          0   entry11a.o
         8          4          0          0          0          0   entry2.o
         4          0          0          0          0          0   entry5.o
         0          0          0          0          0          0   entry7b.o
         0          0          0          0          0          0   entry8b.o
         8          4          0          0          0          0   entry9a.o
        30          0          0          0          0          0   handlers.o
        36          8          0          0          0         68   init.o

    ----------------------------------------------------------------------
       148         16          0          0          0         68   Library Totals
         4          0          0          0          0          0   (incl. Padding)

    ----------------------------------------------------------------------

      Code (inc. data)   RO Data    RW Data    ZI Data      Debug   Library Name

       144         16          0          0          0         68   mc_w.l

    ----------------------------------------------------------------------
       148         16          0          0          0         68   Library Totals

    ----------------------------------------------------------------------

==============================================================================


      Code (inc. data)   RO Data    RW Data    ZI Data      Debug   

     15144       1822       2164        360      13720      83709   Grand Totals
     15144       1822       2164         20      13720      83709   ELF Image Totals (compressed)
     15144       1822       2164         20          0          0   ROM Totals

==============================================================================

    Total RO  Size (Code + RO Data)                17308 (  16.90kB)
    Total RW  Size (RW Data + ZI Data)             14080 (  13.75kB)
    Total ROM Size (Code + RO Data + RW Data)      17328 (  16.92kB)

==============================================================================

