<html>
<body>
<pre>
<h1>µVision Build Log</h1>
<h2>Project:</h2>
C:\Users\Abhishek\Documents\ValvanoWareTM4C123\EE445M Labs\Lab 5\Lab4.uvproj
Project File Date:  04/02/2019

<h2>Output:</h2>
Rebuild target 'Lab4'
assembling startup.s...
compiling PLL.c...
compiling ST7735.c...
ST7735.c(115): warning:  #47-D: incompatible redefinition of macro "SYSCTL_RCGC1_R" (declared at line 2058 of "..\../inc/tm4c123gh6pm.h")
  #define SYSCTL_RCGC1_R          (*((volatile unsigned long *)0x400FE104))
ST7735.c(116): warning:  #47-D: incompatible redefinition of macro "SYSCTL_RCGC2_R" (declared at line 2059 of "..\../inc/tm4c123gh6pm.h")
  #define SYSCTL_RCGC2_R          (*((volatile unsigned long *)0x400FE108))
ST7735.c(661): warning:  #223-D: function "CS_Init" declared implicitly
    CS_Init();
ST7735.c: 3 warnings, 0 errors
compiling OS.c...
OS.c(756): warning:  #177-D: function "DebouncePF4" was declared but never referenced
  void static DebouncePF4(void) {
OS.c(764): warning:  #177-D: function "DebouncePF0" was declared but never referenced
  void static DebouncePF0(void) {
OS.c: 2 warnings, 0 errors
assembling osasm.s...
compiling ADC.c...
compiling Interpreter.c...
compiling ADCSWTrigger.c...
compiling board.c...
compiling cmdline.c...
compiling EdgeTriggered.c...
EdgeTriggered.c(41): warning:  #177-D: variable "delayf" was declared but never referenced
      int delayf = 0;
EdgeTriggered.c: 1 warning, 0 errors
compiling LinkedList.c...
compiling Timer.c...
compiling UART.c...
compiling diskio.c...
diskio.c(690): warning:  #1-D: last line of file ends without a newline
  }
diskio.c: 1 warning, 0 errors
compiling ff.c...
compiling Lab5.c...
Lab5.c(147): warning:  #223-D: function "ST7735_OutUDec" declared implicitly
    ST7735_OutUDec(errors);
Lab5.c(206): warning:  #223-D: function "ST7735_OutUDec" declared implicitly
      ST7735_OutUDec((uint32_t)Fresult);
Lab5.c(291): warning:  #223-D: function "ST7735_OutUDec" declared implicitly
      ST7735_OutUDec((uint32_t)Fresult);
Lab5.c(314): warning:  #223-D: function "ST7735_OutUDec" declared implicitly
        ST7735_OutUDec((uint32_t)successfulwrites);
Lab5.c(324): warning:  #223-D: function "ST7735_OutUDec" declared implicitly
        ST7735_OutUDec((uint32_t)Fresult);
Lab5.c(334): warning:  #223-D: function "ST7735_OutUDec" declared implicitly
      ST7735_OutUDec((uint32_t)Fresult);
Lab5.c: 6 warnings, 0 errors
linking...
Program Size: Code=14020 RO-data=1556 RW-data=332 ZI-data=13668  
".\Lab4.axf" - 0 Error(s), 13 Warning(s).
</pre>
</body>
</html>
