<html>
<body>
<pre>
<h1>µVision Build Log</h1>
<h2>Project:</h2>
C:\Users\Abhishek\Documents\ValvanoWareTM4C123\EE445M Labs\Lab4_4C123_FileSystem\Lab4.uvproj
Project File Date:  03/25/2019

<h2>Output:</h2>
Build target 'Lab4'
compiling Lab4.c...
Lab4.c(643): warning:  #550-D: variable "n" was set but never used
  void formatTest(void){ DSTATUS result; uint16_t block; int i; uint32_t n; uint32_t errors = 0;
Lab4.c(643): warning:  #177-D: variable "errors" was declared but never referenced
  void formatTest(void){ DSTATUS result; uint16_t block; int i; uint32_t n; uint32_t errors = 0;
Lab4.c(668): warning:  #550-D: variable "n" was set but never used
  void quickTest(void){ DSTATUS result; uint16_t block; int i; uint32_t n; uint32_t errors = 0;
Lab4.c(668): warning:  #177-D: variable "errors" was declared but never referenced
  void quickTest(void){ DSTATUS result; uint16_t block; int i; uint32_t n; uint32_t errors = 0;
Lab4.c(743): warning:  #177-D: variable "n" was declared but never referenced
        unsigned long n;
Lab4.c(757): warning:  #177-D: variable "successfulreads" was declared but never referenced
      UINT successfulreads, successfulwrites;
Lab4.c(757): warning:  #177-D: variable "successfulwrites" was declared but never referenced
      UINT successfulreads, successfulwrites;
Lab4.c(758): warning:  #177-D: variable "c" was declared but never referenced
      uint8_t c, x, y;
Lab4.c(758): warning:  #177-D: variable "x" was declared but never referenced
      uint8_t c, x, y;
Lab4.c(758): warning:  #177-D: variable "y" was declared but never referenced
      uint8_t c, x, y;
Lab4.c: 10 warnings, 0 errors
linking...
Program Size: Code=24344 RO-data=1704 RW-data=584 ZI-data=17536  
".\Lab4.axf" - 0 Error(s), 10 Warning(s).
Load "C:\\Users\\Abhishek\\Documents\\ValvanoWareTM4C123\\EE445M Labs\\Lab4_4C123_FileSystem\\Lab4.axf" 
Connecting: Mode=JTAG, Speed=1000000Hz
Erase Done.
Programming Done.
Verify OK.
ngth = DIR[index].size;           // Length in bytes
efile.c: 1 warning, 0 errors
compiling Lab4.c...
Lab4.c(643): warning:  #550-D: variable "n" was set but never used
  void formatTest(void){ DSTATUS result; uint16_t block; int i; uint32_t n; uint32_t errors = 0;
Lab4.c(643): warning:  #177-D: variable "errors" was declared but never referenced
  void formatTest(void){ DSTATUS result; uint16_t block; int i; uint32_t n; uint32_t errors = 0;
Lab4.c(668): warning:  #550-D: variable "n" was set but never used
  void quickTest(void){ DSTATUS result; uint16_t block; int i; uint32_t n; uint32_t errors = 0;
Lab4.c(668): warning:  #177-D: variable "errors" was declared but never referenced
  void quickTest(void){ DSTATUS result; uint16_t block; int i; uint32_t n; uint32_t errors = 0;
Lab4.c(743): warning:  #177-D: variable "n" was declared but never referenced
        unsigned long n;
Lab4.c(757): warning:  #177-D: variable "successfulreads" was declared but never referenced
      UINT successfulreads, successfulwrites;
Lab4.c(757): warning:  #177-D: variable "successfulwrites" was declared but never referenced
      UINT successfulreads, successfulwrites;
Lab4.c(758): warning:  #177-D: variable "c" was declared but never referenced
      uint8_t c, x, y;
Lab4.c(758): warning:  #177-D: variable "x" was declared but never referenced
      uint8_t c, x, y;
Lab4.c(758): warning:  #177-D: variable "y" was declared but never referenced
      uint8_t c, x, y;
Lab4.c: 10 warnings, 0 errors
compiling ADCSWTrigger.c...
compiling board.c...
compiling cmdline.c...
compiling EdgeTriggered.c...
EdgeTriggered.c(41): warning:  #177-D: variable "delayf" was declared but never referenced
      int delayf = 0;
EdgeTriggered.c: 1 warning, 0 errors
compiling LinkedList.c...
compiling Timer.c...
compiling UART.c...
linking...
Program Size: Code=22212 RO-data=1700 RW-data=580 ZI-data=17540  
".\Lab4.axf" - 0 Error(s), 19 Warning(s).
Load "C:\\Users\\Abhishek\\Documents\\ValvanoWareTM4C123\\EE445M Labs\\Lab4_4C123_FileSystem\\Lab4.axf" 
Connecting: Mode=JTAG, Speed=1000000Hz
Erase Done.
Programming Done.
Verify OK.
er.c...
compiling UART.c...
".\Lab4.axf" - 2 Error(s), 21 Warning(s).
Target not created
\Lab4.axf" 
Connecting: Mode=JTAG, Speed=1000000Hz
Erase Done.
Programming Done.
Verify OK.
