<html>
<body>
<pre>
<h1>µVision Build Log</h1>
<h2>Project:</h2>
C:\Users\Tariq Muhanna\Documents\ValvanoWareTM4C123\EE 445M\Lab 2\RTOS Kernel.uvproj
Project File Date:  02/25/2019

<h2>Output:</h2>
Build target 'SensorBoardTest'
compiling Lab2.c...
linking...
Program Size: Code=3944 RO-data=32 RW-data=276 ZI-data=13780  
".\SensorBoardTest.axf" - 0 Error(s), 0 Warning(s).
ad "C:\\Users\\Tariq Muhanna\\Documents\\ValvanoWareTM4C123\\EE 445M\\Lab 2\\SensorBoardTest.axf" 
Connecting: Mode=JTAG, Speed=1000000Hz
Erase Done.
Programming Done.
Verify OK.
=32 RW-data=276 ZI-data=13780  
".\SensorBoardTest.axf" - 0 Error(s), 2 Warning(s).
Load "C:\\Users\\Tariq Muhanna\\Documents\\ValvanoWareTM4C123\\EE 445M\\Lab 2\\SensorBoardTest.axf" 
Connecting: Mode=JTAG, Speed=1000000Hz
Erase Done.
Programming Done.
Verify OK.
clared but never referenced
    int delay = 0;
EdgeTriggered.c: 2 warnings, 0 errors
compiling LinkedList.c...
linking...
Program Size: Code=3940 RO-data=32 RW-data=276 ZI-data=13780  
".\SensorBoardTest.axf" - 0 Error(s), 2 Warning(s).
