<html>
<body>
<pre>
<h1>µVision Build Log</h1>
<h2>Project:</h2>
C:\Users\Tariq Muhanna\Documents\ValvanoWareTM4C123\EE 445M\Lab 2\RTOS Kernel.uvproj
Project File Date:  02/25/2019

<h2>Output:</h2>
Build target 'SensorBoardTest'
compiling OS.c...
linking...
Program Size: Code=17432 RO-data=2212 RW-data=472 ZI-data=15144  
".\SensorBoardTest.axf" - 0 Error(s), 0 Warning(s).
Load "C:\\Users\\Tariq Muhanna\\Documents\\ValvanoWareTM4C123\\EE 445M\\Lab 2\\SensorBoardTest.axf" 
Connecting: Mode=JTAG, Speed=1000000Hz
Erase Done.
Programming Done.
Verify OK.

rs\\Tariq Muhanna\\Documents\\ValvanoWareTM4C123\\EE 445M\\Lab 2\\SensorBoardTest.axf" 
Connecting: Mode=JTAG, Speed=1000000Hz
Erase Done.
Programming Done.
Verify OK.
g Done.
Verify OK.
elay = 0;
EdgeTriggered.c(40): warning:  #177-D: variable "delay" was declared but never referenced
    int delay = 0;
EdgeTriggered.c: 2 warnings, 0 errors
compiling LinkedList.c...
linking...
.\SensorBoardTest.axf: Error: L6218E: Undefined symbol main (referred from entry9a.o).
Not enough information to list image symbols.
Finished: 1 information, 0 warning and 1 error messages.
".\SensorBoardTest.axf" - 1 Error(s), 2 Warning(s).
Target not created
