Component: ARM Compiler 5.06 update 6 (build 750) Tool: armlink [4d35ed]

==============================================================================

Section Cross References

    startup.o(STACK) refers (Special) to heapauxi.o(.text) for __use_two_region_memory
    startup.o(HEAP) refers (Special) to heapauxi.o(.text) for __use_two_region_memory
    startup.o(RESET) refers (Special) to heapauxi.o(.text) for __use_two_region_memory
    startup.o(RESET) refers to startup.o(STACK) for StackMem
    startup.o(RESET) refers to osasm.o(.text) for SVC_Handler
    startup.o(RESET) refers to os.o(i.SysTick_Handler) for SysTick_Handler
    startup.o(RESET) refers to uart2.o(i.UART0_Handler) for UART0_Handler
    startup.o(RESET) refers to os.o(i.GPIOPortF_Handler) for GPIOPortF_Handler
    startup.o(RESET) refers to os.o(i.Timer4A_Handler) for Timer4A_Handler
    startup.o(RESET) refers to os.o(i.Timer5A_Handler) for Timer5A_Handler
    startup.o(RESET) refers to os.o(i.WideTimer0A_Handler) for WideTimer0A_Handler
    startup.o(RESET) refers to diskio.o(i.WideTimer0B_Handler) for WideTimer0B_Handler
    startup.o(RESET) refers to os.o(i.WideTimer4A_Handler) for WideTimer4A_Handler
    startup.o(RESET) refers to __main.o(!!!main) for __main
    startup.o(.text) refers (Special) to heapauxi.o(.text) for __use_two_region_memory
    startup.o(.text) refers to startup.o(HEAP) for HeapMem
    startup.o(.text) refers to startup.o(STACK) for StackMem
    diskio.o(i.SSI0_Init) refers to diskio.o(i.WTimer0B_Init) for WTimer0B_Init
    diskio.o(i.SSI0_Init) refers to diskio.o(i.CS_Init) for CS_Init
    diskio.o(i.WideTimer0B_Handler) refers to diskio.o(i.disk_timerproc) for disk_timerproc
    diskio.o(i.deselect) refers to diskio.o(i.xchg_spi) for xchg_spi
    diskio.o(i.disk_initialize) refers to diskio.o(i.init_spi) for init_spi
    diskio.o(i.disk_initialize) refers to diskio.o(i.xchg_spi) for xchg_spi
    diskio.o(i.disk_initialize) refers to diskio.o(i.send_cmd) for send_cmd
    diskio.o(i.disk_initialize) refers to diskio.o(i.deselect) for deselect
    diskio.o(i.disk_initialize) refers to diskio.o(.data) for Stat
    diskio.o(i.disk_ioctl) refers to diskio.o(i.select) for select
    diskio.o(i.disk_ioctl) refers to diskio.o(i.send_cmd) for send_cmd
    diskio.o(i.disk_ioctl) refers to diskio.o(i.rcvr_datablock) for rcvr_datablock
    diskio.o(i.disk_ioctl) refers to diskio.o(i.xchg_spi) for xchg_spi
    diskio.o(i.disk_ioctl) refers to diskio.o(i.wait_ready) for wait_ready
    diskio.o(i.disk_ioctl) refers to diskio.o(i.deselect) for deselect
    diskio.o(i.disk_ioctl) refers to diskio.o(.data) for Stat
    diskio.o(i.disk_read) refers to diskio.o(i.send_cmd) for send_cmd
    diskio.o(i.disk_read) refers to diskio.o(i.rcvr_datablock) for rcvr_datablock
    diskio.o(i.disk_read) refers to diskio.o(i.deselect) for deselect
    diskio.o(i.disk_read) refers to diskio.o(.data) for Stat
    diskio.o(i.disk_status) refers to diskio.o(.data) for Stat
    diskio.o(i.disk_timerproc) refers to diskio.o(.data) for Timer1
    diskio.o(i.disk_write) refers to diskio.o(i.send_cmd) for send_cmd
    diskio.o(i.disk_write) refers to diskio.o(i.xmit_datablock) for xmit_datablock
    diskio.o(i.disk_write) refers to diskio.o(i.deselect) for deselect
    diskio.o(i.disk_write) refers to diskio.o(.data) for Stat
    diskio.o(i.init_spi) refers to diskio.o(i.SSI0_Init) for SSI0_Init
    diskio.o(i.init_spi) refers to diskio.o(.data) for Timer1
    diskio.o(i.rcvr_datablock) refers to diskio.o(i.xchg_spi) for xchg_spi
    diskio.o(i.rcvr_datablock) refers to diskio.o(i.rcvr_spi_multi) for rcvr_spi_multi
    diskio.o(i.rcvr_datablock) refers to diskio.o(.data) for Timer1
    diskio.o(i.rcvr_spi_multi) refers to diskio.o(i.rcvr_spi) for rcvr_spi
    diskio.o(i.select) refers to diskio.o(i.xchg_spi) for xchg_spi
    diskio.o(i.select) refers to diskio.o(i.wait_ready) for wait_ready
    diskio.o(i.select) refers to diskio.o(i.deselect) for deselect
    diskio.o(i.send_cmd) refers to diskio.o(i.deselect) for deselect
    diskio.o(i.send_cmd) refers to diskio.o(i.select) for select
    diskio.o(i.send_cmd) refers to diskio.o(i.xchg_spi) for xchg_spi
    diskio.o(i.wait_ready) refers to diskio.o(i.xchg_spi) for xchg_spi
    diskio.o(i.wait_ready) refers to diskio.o(.data) for Timer2
    diskio.o(i.xmit_datablock) refers to diskio.o(i.wait_ready) for wait_ready
    diskio.o(i.xmit_datablock) refers to diskio.o(i.xchg_spi) for xchg_spi
    diskio.o(i.xmit_datablock) refers to diskio.o(i.xmit_spi_multi) for xmit_spi_multi
    ff.o(i.check_fs) refers to ff.o(i.move_window) for move_window
    ff.o(i.create_chain) refers to ff.o(i.get_fat) for get_fat
    ff.o(i.create_chain) refers to ff.o(i.put_fat) for put_fat
    ff.o(i.create_name) refers to ff.o(i.mem_set) for mem_set
    ff.o(i.create_name) refers to ff.o(i.chk_chr) for chk_chr
    ff.o(i.dir_alloc) refers to ff.o(i.dir_sdi) for dir_sdi
[...]
    i.blockRoom                              0x0000213a   Section        0  heap.o(i.blockRoom)
    blockRoom                                0x0000213b   Thumb Code    18  heap.o(i.blockRoom)
    i.blockTrailer                           0x0000214c   Section        0  heap.o(i.blockTrailer)
    blockTrailer                             0x0000214d   Thumb Code    18  heap.o(i.blockTrailer)
    i.blockUnused                            0x0000215e   Section        0  heap.o(i.blockUnused)
    blockUnused                              0x0000215f   Thumb Code     8  heap.o(i.blockUnused)
    i.blockUsed                              0x00002166   Section        0  heap.o(i.blockUsed)
    blockUsed                                0x00002167   Thumb Code    16  heap.o(i.blockUsed)
    i.check_fs                               0x00002178   Section        0  ff.o(i.check_fs)
    check_fs                                 0x00002179   Thumb Code   140  ff.o(i.check_fs)
    i.chk_chr                                0x00002208   Section        0  ff.o(i.chk_chr)
    chk_chr                                  0x00002209   Thumb Code    24  ff.o(i.chk_chr)
    i.clust2sect                             0x00002220   Section        0  ff.o(i.clust2sect)
    i.cmdLine_Start                          0x0000223c   Section        0  interpreter.o(i.cmdLine_Start)
    i.commandList                            0x000022e8   Section        0  st7735.o(i.commandList)
    commandList                              0x000022e9   Thumb Code    86  st7735.o(i.commandList)
    i.commonInit                             0x00002340   Section        0  st7735.o(i.commonInit)
    commonInit                               0x00002341   Thumb Code   508  st7735.o(i.commonInit)
    i.copyHardwareToSoftware                 0x0000257c   Section        0  uart2.o(i.copyHardwareToSoftware)
    copyHardwareToSoftware                   0x0000257d   Thumb Code    36  uart2.o(i.copyHardwareToSoftware)
    i.copySoftwareToHardware                 0x000025a4   Section        0  uart2.o(i.copySoftwareToHardware)
    copySoftwareToHardware                   0x000025a5   Thumb Code    38  uart2.o(i.copySoftwareToHardware)
    i.create_chain                           0x000025d0   Section        0  ff.o(i.create_chain)
    create_chain                             0x000025d1   Thumb Code   214  ff.o(i.create_chain)
    i.create_name                            0x000026a8   Section        0  ff.o(i.create_name)
    create_name                              0x000026a9   Thumb Code   418  ff.o(i.create_name)
    i.deselect                               0x0000285c   Section        0  diskio.o(i.deselect)
    deselect                                 0x0000285d   Thumb Code    16  diskio.o(i.deselect)
    i.dir_alloc                              0x00002870   Section        0  ff.o(i.dir_alloc)
    dir_alloc                                0x00002871   Thumb Code    92  ff.o(i.dir_alloc)
    i.dir_find                               0x000028cc   Section        0  ff.o(i.dir_find)
    dir_find                                 0x000028cd   Thumb Code    92  ff.o(i.dir_find)
    i.dir_next                               0x00002928   Section        0  ff.o(i.dir_next)
    dir_next                                 0x00002929   Thumb Code   272  ff.o(i.dir_next)
    i.dir_register                           0x00002a38   Section        0  ff.o(i.dir_register)
    dir_register                             0x00002a39   Thumb Code    58  ff.o(i.dir_register)
    i.dir_sdi                                0x00002a72   Section        0  ff.o(i.dir_sdi)
    dir_sdi                                  0x00002a73   Thumb Code   158  ff.o(i.dir_sdi)
    i.disk_initialize                        0x00002b10   Section        0  diskio.o(i.disk_initialize)
    i.disk_ioctl                             0x00002c6c   Section        0  diskio.o(i.disk_ioctl)
    i.disk_read                              0x00002e94   Section        0  diskio.o(i.disk_read)
    i.disk_status                            0x00002f24   Section        0  diskio.o(i.disk_status)
    i.disk_timerproc                         0x00002f38   Section        0  diskio.o(i.disk_timerproc)
    i.disk_write                             0x00002f78   Section        0  diskio.o(i.disk_write)
    i.dumpData                               0x0000302c   Section        0  loader.o(i.dumpData)
    dumpData                                 0x0000302d   Thumb Code     2  loader.o(i.dumpData)
    i.exec_elf                               0x00003030   Section        0  loader.o(i.exec_elf)
    i.f_close                                0x00003118   Section        0  ff.o(i.f_close)
    i.f_lseek                                0x00003138   Section        0  ff.o(i.f_lseek)
    i.f_mount                                0x000032b8   Section        0  ff.o(i.f_mount)
    i.f_open                                 0x00003314   Section        0  ff.o(i.f_open)
    i.f_read                                 0x00003478   Section        0  ff.o(i.f_read)
    i.f_sync                                 0x00003618   Section        0  ff.o(i.f_sync)
    i.fillmessage                            0x000036c8   Section        0  st7735.o(i.fillmessage)
    i.find_volume                            0x00003710   Section        0  ff.o(i.find_volume)
    find_volume                              0x00003711   Thumb Code   890  ff.o(i.find_volume)
    i.follow_path                            0x00003a9c   Section        0  ff.o(i.follow_path)
    follow_path                              0x00003a9d   Thumb Code   176  ff.o(i.follow_path)
    i.freeElf                                0x00003b4c   Section        0  loader.o(i.freeElf)
    freeElf                                  0x00003b4d   Thumb Code    12  loader.o(i.freeElf)
    i.freeSection                            0x00003b58   Section        0  loader.o(i.freeSection)
    freeSection                              0x00003b59   Thumb Code    16  loader.o(i.freeSection)
    i.freeSegment                            0x00003b68   Section        0  loader.o(i.freeSegment)
    freeSegment                              0x00003b69   Thumb Code    16  loader.o(i.freeSegment)
    i.getProcess                             0x00003b78   Section        0  os.o(i.getProcess)
    i.get_fat                                0x00003ba8   Section        0  ff.o(i.get_fat)
    i.get_ldnumber                           0x00003c9a   Section        0  ff.o(i.get_ldnumber)
    get_ldnumber                             0x00003c9b   Thumb Code    74  ff.o(i.get_ldnumber)
    i.inHeapRange                            0x00003ce4   Section        0  heap.o(i.inHeapRange)
    inHeapRange                              0x00003ce5   Thumb Code    24  heap.o(i.inHeapRange)
    i.initElf                                0x00003d00   Section        0  loader.o(i.initElf)
    initElf                                  0x00003d01   Thumb Code   134  loader.o(i.initElf)
    i.init_spi                               0x00003d88   Section        0  diskio.o(i.init_spi)
    init_spi                                 0x00003d89   Thumb Code    32  diskio.o(i.init_spi)
    i.jumpTo                                 0x00003db0   Section        0  loader.o(i.jumpTo)
    jumpTo                                   0x00003db1   Thumb Code    42  loader.o(i.jumpTo)
    i.ld_clust                               0x00003df8   Section        0  ff.o(i.ld_clust)
    ld_clust                                 0x00003df9   Thumb Code    32  ff.o(i.ld_clust)
    i.loadProgram                            0x00003e18   Section        0  loader.o(i.loadProgram)
    loadProgram                              0x00003e19   Thumb Code   162  loader.o(i.loadProgram)
    i.loadSecData                            0x00003f04   Section        0  loader.o(i.loadSecData)
    loadSecData                              0x00003f05   Thumb Code   128  loader.o(i.loadSecData)
    i.loadSegData                            0x00003ff0   Section        0  loader.o(i.loadSegData)
    loadSegData                              0x00003ff1   Thumb Code   136  loader.o(i.loadSegData)
    i.loadSymbols                            0x000040e4   Section        0  loader.o(i.loadSymbols)
    loadSymbols                              0x000040e5   Thumb Code   118  loader.o(i.loadSymbols)
    i.main                                   0x000041a8   Section        0  sdcfile.o(i.main)
    i.markBlockUnused                        0x00004258   Section        0  heap.o(i.markBlockUnused)
    markBlockUnused                          0x00004259   Thumb Code    48  heap.o(i.markBlockUnused)
    i.markBlockUsed                          0x00004288   Section        0  heap.o(i.markBlockUsed)
    markBlockUsed                            0x00004289   Thumb Code    48  heap.o(i.markBlockUsed)
    i.mem_cmp                                0x000042b8   Section        0  ff.o(i.mem_cmp)
    mem_cmp                                  0x000042b9   Thumb Code    38  ff.o(i.mem_cmp)
    i.mem_cpy                                0x000042de   Section        0  ff.o(i.mem_cpy)
    mem_cpy                                  0x000042df   Thumb Code    26  ff.o(i.mem_cpy)
    i.mem_set                                0x000042f8   Section        0  ff.o(i.mem_set)
    mem_set                                  0x000042f9   Thumb Code    20  ff.o(i.mem_set)
    i.mergeBlockWithBelow                    0x0000430c   Section        0  heap.o(i.mergeBlockWithBelow)
    mergeBlockWithBelow                      0x0000430d   Thumb Code    46  heap.o(i.mergeBlockWithBelow)
    i.move_window                            0x0000433a   Section        0  ff.o(i.move_window)
    move_window                              0x0000433b   Thumb Code    52  ff.o(i.move_window)
    i.nextBlockHeader                        0x0000436e   Section        0  heap.o(i.nextBlockHeader)
    nextBlockHeader                          0x0000436f   Thumb Code    14  heap.o(i.nextBlockHeader)
    i.placeDynamic                           0x0000437c   Section        0  loader.o(i.placeDynamic)
    placeDynamic                             0x0000437d   Thumb Code   132  loader.o(i.placeDynamic)
    i.placeInfo                              0x00004400   Section        0  loader.o(i.placeInfo)
    placeInfo                                0x00004401   Thumb Code   256  loader.o(i.placeInfo)
    i.previousBlockHeader                    0x00004554   Section        0  heap.o(i.previousBlockHeader)
    previousBlockHeader                      0x00004555   Thumb Code    12  heap.o(i.previousBlockHeader)
    i.pushColor                              0x00004560   Section        0  st7735.o(i.pushColor)
    pushColor                                0x00004561   Thumb Code    18  st7735.o(i.pushColor)
    i.put_fat                                0x00004572   Section        0  ff.o(i.put_fat)
    i.rcvr_datablock                         0x000046b4   Section        0  diskio.o(i.rcvr_datablock)
    rcvr_datablock                           0x000046b5   Thumb Code    66  diskio.o(i.rcvr_datablock)
    i.rcvr_spi                               0x000046fc   Section        0  diskio.o(i.rcvr_spi)
    rcvr_spi                                 0x000046fd   Thumb Code    42  diskio.o(i.rcvr_spi)
    i.rcvr_spi_multi                         0x0000472c   Section        0  diskio.o(i.rcvr_spi_multi)
    rcvr_spi_multi                           0x0000472d   Thumb Code    24  diskio.o(i.rcvr_spi_multi)
    i.readSecHeader                          0x00004744   Section        0  loader.o(i.readSecHeader)
    readSecHeader                            0x00004745   Thumb Code    62  loader.o(i.readSecHeader)
    i.readSection                            0x00004782   Section        0  loader.o(i.readSection)
    readSection                              0x00004783   Thumb Code    58  loader.o(i.readSection)
    i.readSectionName                        0x000047bc   Section        0  loader.o(i.readSectionName)
    readSectionName                          0x000047bd   Thumb Code    68  loader.o(i.readSectionName)
    i.readSegHeader                          0x00004800   Section        0  loader.o(i.readSegHeader)
    readSegHeader                            0x00004801   Thumb Code    58  loader.o(i.readSegHeader)
    i.readSymbol                             0x0000483a   Section        0  loader.o(i.readSymbol)
    readSymbol                               0x0000483b   Thumb Code   114  loader.o(i.readSymbol)
    i.readSymbolName                         0x000048ac   Section        0  loader.o(i.readSymbolName)
    readSymbolName                           0x000048ad   Thumb Code    68  loader.o(i.readSymbolName)
    i.relJmpCall                             0x000048f0   Section        0  loader.o(i.relJmpCall)
    relJmpCall                               0x000048f1   Thumb Code   170  loader.o(i.relJmpCall)
    i.relocate                               0x0000499c   Section        0  loader.o(i.relocate)
    relocate                                 0x0000499d   Thumb Code   170  loader.o(i.relocate)
    i.relocateProgram                        0x00004a68   Section        0  loader.o(i.relocateProgram)
    relocateProgram                          0x00004a69   Thumb Code    32  loader.o(i.relocateProgram)
    i.relocateSection                        0x00004aa8   Section        0  loader.o(i.relocateSection)
    relocateSection                          0x00004aa9   Thumb Code    66  loader.o(i.relocateSection)
    i.relocateSections                       0x00004b2c   Section        0  loader.o(i.relocateSections)
    relocateSections                         0x00004b2d   Thumb Code    48  loader.o(i.relocateSections)
    i.relocateSymbol                         0x00004b74   Section        0  loader.o(i.relocateSymbol)
    relocateSymbol                           0x00004b75   Thumb Code    56  loader.o(i.relocateSymbol)
    i.removeFromBlockList                    0x00004bac   Section        0  linkedlist.o(i.removeFromBlockList)
    i.removeFromList                         0x00004bfc   Section        0  linkedlist.o(i.removeFromList)
    i.removeThreadPri                        0x00004c20   Section        0  os.o(i.removeThreadPri)
    i.remove_chain                           0x00004c68   Section        0  ff.o(i.remove_chain)
    remove_chain                             0x00004c69   Thumb Code   108  ff.o(i.remove_chain)
    i.sectionOf                              0x00004cd4   Section        0  loader.o(i.sectionOf)
    sectionOf                                0x00004cd5   Thumb Code    70  loader.o(i.sectionOf)
    i.select                                 0x00004d1c   Section        0  diskio.o(i.select)
    select                                   0x00004d1d   Thumb Code    44  diskio.o(i.select)
    i.send_cmd                               0x00004d4c   Section        0  diskio.o(i.send_cmd)
    send_cmd                                 0x00004d4d   Thumb Code   150  diskio.o(i.send_cmd)
    i.setAddrWindow                          0x00004de4   Section        0  st7735.o(i.setAddrWindow)
    setAddrWindow                            0x00004de5   Thumb Code   106  st7735.o(i.setAddrWindow)
    i.splitAndMarkBlockUsed                  0x00004e58   Section        0  heap.o(i.splitAndMarkBlockUsed)
    splitAndMarkBlockUsed                    0x00004e59   Thumb Code    76  heap.o(i.splitAndMarkBlockUsed)
    i.st_clust                               0x00004ea4   Section        0  ff.o(i.st_clust)
    st_clust                                 0x00004ea5   Thumb Code    16  ff.o(i.st_clust)
    i.sync_fs                                0x00004eb4   Section        0  ff.o(i.sync_fs)
    sync_fs                                  0x00004eb5   Thumb Code   200  ff.o(i.sync_fs)
    i.sync_window                            0x00004f7c   Section        0  ff.o(i.sync_window)
    sync_window                              0x00004f7d   Thumb Code    82  ff.o(i.sync_window)
    i.validate                               0x00004fce   Section        0  ff.o(i.validate)
    validate                                 0x00004fcf   Thumb Code    54  ff.o(i.validate)
    i.wait_ready                             0x00005004   Section        0  diskio.o(i.wait_ready)
    wait_ready                               0x00005005   Thumb Code    42  diskio.o(i.wait_ready)
    i.writecommand                           0x00005034   Section        0  st7735.o(i.writecommand)
    writecommand                             0x00005035   Thumb Code    68  st7735.o(i.writecommand)
    i.writedata                              0x00005080   Section        0  st7735.o(i.writedata)
    writedata                                0x00005081   Thumb Code    70  st7735.o(i.writedata)
    i.xchg_spi                               0x000050d0   Section        0  diskio.o(i.xchg_spi)
    xchg_spi                                 0x000050d1   Thumb Code    50  diskio.o(i.xchg_spi)
    i.xmit_datablock                         0x00005108   Section        0  diskio.o(i.xmit_datablock)
    xmit_datablock                           0x00005109   Thumb Code    76  diskio.o(i.xmit_datablock)
    i.xmit_spi_multi                         0x00005154   Section        0  diskio.o(i.xmit_spi_multi)
    xmit_spi_multi                           0x00005155   Thumb Code    42  diskio.o(i.xmit_spi_multi)
    .constdata                               0x00005184   Section       69  loader.o(.constdata)
    .constdata                               0x000051c9   Section     2018  st7735.o(.constdata)
    Font                                     0x000051c9   Data        1275  st7735.o(.constdata)
    Bcmd                                     0x000056c4   Data         103  st7735.o(.constdata)
    Rcmd1                                    0x0000572b   Data          59  st7735.o(.constdata)
    Rcmd2green                               0x00005766   Data          13  st7735.o(.constdata)
    Rcmd2red                                 0x00005773   Data          13  st7735.o(.constdata)
    Rcmd3                                    0x00005780   Data          43  st7735.o(.constdata)
    .constdata                               0x000059ac   Section       16  interpreter.o(.constdata)
    symtab                                   0x000059ac   Data           8  interpreter.o(.constdata)
    .conststring                             0x000059bc   Section       15  interpreter.o(.conststring)
    .data                                    0x20000000   Section       13  diskio.o(.data)
    Stat                                     0x20000000   Data           1  diskio.o(.data)
    Timer1                                   0x20000004   Data           4  diskio.o(.data)
    Timer2                                   0x20000008   Data           4  diskio.o(.data)
    CardType                                 0x2000000c   Data           1  diskio.o(.data)
    .data                                    0x20000010   Section        6  ff.o(.data)
    FatFs                                    0x20000010   Data           4  ff.o(.data)
    Fsid                                     0x20000014   Data           2  ff.o(.data)
    .data                                    0x20000018   Section       12  sdcfile.o(.data)
    .data                                    0x20000024   Section       16  uart2.o(.data)
    .data                                    0x20000034   Section      192  os.o(.data)
    Last                                     0x20000044   Data           4  os.o(.data)
    Release                                  0x20000048   Data           4  os.o(.data)
    num_threads                              0x20000060   Data           4  os.o(.data)
    num_processes                            0x20000070   Data           4  os.o(.data)
    LastTime                                 0x200000ec   Data           4  os.o(.data)
    LastTime                                 0x200000f0   Data           4  os.o(.data)
    .data                                    0x200000f4   Section       44  st7735.o(.data)
    ColStart                                 0x200000fe   Data           1  st7735.o(.data)
    RowStart                                 0x200000ff   Data           1  st7735.o(.data)
    Rotation                                 0x20000100   Data           1  st7735.o(.data)
    TabColor                                 0x20000101   Data           1  st7735.o(.data)
    _width                                   0x20000102   Data           2  st7735.o(.data)
    _height                                  0x20000104   Data           2  st7735.o(.data)
    .bss                                     0x20000120   Section     1660  sdcfile.o(.bss)
    g_sFatFs                                 0x20000120   Data         564  sdcfile.o(.bss)
    .bss                                     0x2000079c   Section      672  loader.o(.bss)
    fd                                       0x2000079c   Data         548  loader.o(.bss)
    exec                                     0x200009c0   Data         124  loader.o(.bss)
    .bss                                     0x20000a3c   Section     8192  heap.o(.bss)
    Heap                                     0x20000a3c   Data        8192  heap.o(.bss)
    .bss                                     0x20002a3c   Section       72  uart2.o(.bss)
    RxFifo                                   0x20002a68   Data          16  uart2.o(.bss)
    .bss                                     0x20002a84   Section     6456  os.o(.bss)
    OS_Fifo                                  0x20003e84   Data         500  os.o(.bss)
    .bss                                     0x200043bc   Section       24  st7735.o(.bss)
    .bss                                     0x200043d4   Section       96  libspace.o(.bss)
    HEAP                                     0x20004438   Section        0  startup.o(HEAP)
    STACK                                    0x20004438   Section     1024  startup.o(STACK)
    HeapMem                                  0x20004438   Data           0  startup.o(HEAP)
    StackMem                                 0x20004438   Data           0  startup.o(STACK)

    Global Symbols

    Symbol Name                              Value     Ov Type        Size  Object(Section)

    BuildAttributes$$THM_ISAv4$E$P$D$K$B$S$7EM$PE$A:L22UL41UL21$X:L11$S22US41US21$IEEE1$IW$USESV6$~STKCKD$USESV7$~SHL$OSPACE$ROPI$EBA8$UX$STANDARDLIB$REQ8$PRES8$EABIv2 0x00000000   Number         0  anon$$obj.o ABSOLUTE
    __ARM_use_no_argv                        0x00000000   Number         0  sdcfile.o ABSOLUTE
    __Vectors                                0x00000000   Data           0  startup.o(RESET)
    __ARM_exceptions_init                     - Undefined Weak Reference
    __alloca_initialize                       - Undefined Weak Reference
    __arm_preinit_                            - Undefined Weak Reference
    __cpp_initialize__aeabi_                  - Undefined Weak Reference
    __cxa_finalize                            - Undefined Weak Reference
    __rt_locale                               - Undefined Weak Reference
    __sigvec_lookup                           - Undefined Weak Reference
    _atexit_init                              - Undefined Weak Reference
    _call_atexit_fns                          - Undefined Weak Reference
    _clock_init                               - Undefined Weak Reference
    _fp_trap_init                             - Undefined Weak Reference
    _fp_trap_shutdown                         - Undefined Weak Reference
    _get_lc_collate                           - Undefined Weak Reference
    _get_lc_ctype                             - Undefined Weak Reference
    _get_lc_monetary                          - Undefined Weak Reference
    _get_lc_numeric                           - Undefined Weak Reference
    _get_lc_time                              - Undefined Weak Reference
    _getenv_init                              - Undefined Weak Reference
    _handle_redirection                       - Undefined Weak Reference
    _init_alloc                               - Undefined Weak Reference
    _init_user_alloc                          - Undefined Weak Reference
    _initio                                   - Undefined Weak Reference
    _rand_init                                - Undefined Weak Reference
    _signal_finish                            - Undefined Weak Reference
    _signal_init                              - Undefined Weak Reference
    _terminate_alloc                          - Undefined Weak Reference
    _terminate_user_alloc                     - Undefined Weak Reference
    _terminateio                              - Undefined Weak Reference
    Reset_Handler                            0x0000026d   Thumb Code     0  startup.o(RESET)
    NMI_Handler                              0x00000271   Thumb Code     2  startup.o(RESET)
    HardFault_Handler                        0x00000273   Thumb Code     2  startup.o(RESET)
    MemManage_Handler                        0x00000275   Thumb Code     2  startup.o(RESET)
    BusFault_Handler                         0x00000277   Thumb Code     2  startup.o(RESET)
    UsageFault_Handler                       0x00000279   Thumb Code     2  startup.o(RESET)
    DebugMon_Handler                         0x0000027d   Thumb Code     2  startup.o(RESET)
    ADC0Seq0_Handler                         0x00000283   Thumb Code     0  startup.o(RESET)
    ADC0Seq1_Handler                         0x00000283   Thumb Code     0  startup.o(RESET)
    ADC0Seq2_Handler                         0x00000283   Thumb Code     0  startup.o(RESET)
    ADC0Seq3_Handler                         0x00000283   Thumb Code     0  startup.o(RESET)
    ADC1Seq0_Handler                         0x00000283   Thumb Code     0  startup.o(RESET)
    ADC1Seq1_Handler                         0x00000283   Thumb Code     0  startup.o(RESET)
    ADC1Seq2_Handler                         0x00000283   Thumb Code     0  startup.o(RESET)
    ADC1Seq3_Handler                         0x00000283   Thumb Code     0  startup.o(RESET)
    CAN0_Handler                             0x00000283   Thumb Code     0  startup.o(RESET)
    CAN1_Handler                             0x00000283   Thumb Code     0  startup.o(RESET)
    CAN2_Handler                             0x00000283   Thumb Code     0  startup.o(RESET)
    Comp0_Handler                            0x00000283   Thumb Code     0  startup.o(RESET)
    Comp1_Handler                            0x00000283   Thumb Code     0  startup.o(RESET)
    Comp2_Handler                            0x00000283   Thumb Code     0  startup.o(RESET)
    Ethernet_Handler                         0x00000283   Thumb Code     0  startup.o(RESET)
    ExtBus_Handler                           0x00000283   Thumb Code     0  startup.o(RESET)
    FPU_Handler                              0x00000283   Thumb Code     0  startup.o(RESET)
    Fan0_Handler                             0x00000283   Thumb Code     0  startup.o(RESET)
    FlashCtl_Handler                         0x00000283   Thumb Code     0  startup.o(RESET)
    GPIOPortA_Handler                        0x00000283   Thumb Code     0  startup.o(RESET)
    GPIOPortB_Handler                        0x00000283   Thumb Code     0  startup.o(RESET)
    GPIOPortC_Handler                        0x00000283   Thumb Code     0  startup.o(RESET)
    GPIOPortD_Handler                        0x00000283   Thumb Code     0  startup.o(RESET)
    GPIOPortE_Handler                        0x00000283   Thumb Code     0  startup.o(RESET)
    GPIOPortG_Handler                        0x00000283   Thumb Code     0  startup.o(RESET)
    GPIOPortH_Handler                        0x00000283   Thumb Code     0  startup.o(RESET)
    GPIOPortJ_Handler                        0x00000283   Thumb Code     0  startup.o(RESET)
    GPIOPortK_Handler                        0x00000283   Thumb Code     0  startup.o(RESET)
    GPIOPortL_Handler                        0x00000283   Thumb Code     0  startup.o(RESET)
    GPIOPortM_Handler                        0x00000283   Thumb Code     0  startup.o(RESET)
    GPIOPortN_Handler                        0x00000283   Thumb Code     0  startup.o(RESET)
    GPIOPortP1_Handler                       0x00000283   Thumb Code     0  startup.o(RESET)
    GPIOPortP2_Handler                       0x00000283   Thumb Code     0  startup.o(RESET)
    GPIOPortP3_Handler                       0x00000283   Thumb Code     0  startup.o(RESET)
    GPIOPortP4_Handler                       0x00000283   Thumb Code     0  startup.o(RESET)
    GPIOPortP5_Handler                       0x00000283   Thumb Code     0  startup.o(RESET)
    GPIOPortP6_Handler                       0x00000283   Thumb Code     0  startup.o(RESET)
    GPIOPortP7_Handler                       0x00000283   Thumb Code     0  startup.o(RESET)
    GPIOPortP_Handler                        0x00000283   Thumb Code     0  startup.o(RESET)
    GPIOPortQ1_Handler                       0x00000283   Thumb Code     0  startup.o(RESET)
    GPIOPortQ2_Handler                       0x00000283   Thumb Code     0  startup.o(RESET)
    GPIOPortQ3_Handler                       0x00000283   Thumb Code     0  startup.o(RESET)
    GPIOPortQ4_Handler                       0x00000283   Thumb Code     0  startup.o(RESET)
    GPIOPortQ5_Handler                       0x00000283   Thumb Code     0  startup.o(RESET)
    GPIOPortQ6_Handler                       0x00000283   Thumb Code     0  startup.o(RESET)
    GPIOPortQ7_Handler                       0x00000283   Thumb Code     0  startup.o(RESET)
    GPIOPortQ_Handler                        0x00000283   Thumb Code     0  startup.o(RESET)
    GPIOPortR_Handler                        0x00000283   Thumb Code     0  startup.o(RESET)
    GPIOPortS_Handler                        0x00000283   Thumb Code     0  startup.o(RESET)
    Hibernate_Handler                        0x00000283   Thumb Code     0  startup.o(RESET)
    I2C0_Handler                             0x00000283   Thumb Code     0  startup.o(RESET)
    I2C1_Handler                             0x00000283   Thumb Code     0  startup.o(RESET)
    I2C2_Handler                             0x00000283   Thumb Code     0  startup.o(RESET)
    I2C3_Handler                             0x00000283   Thumb Code     0  startup.o(RESET)
    I2C4_Handler                             0x00000283   Thumb Code     0  startup.o(RESET)
    I2C5_Handler                             0x00000283   Thumb Code     0  startup.o(RESET)
    I2S0_Handler                             0x00000283   Thumb Code     0  startup.o(RESET)
    LPC0_Handler                             0x00000283   Thumb Code     0  startup.o(RESET)
    PECI0_Handler                            0x00000283   Thumb Code     0  startup.o(RESET)
    PWM0Fault_Handler                        0x00000283   Thumb Code     0  startup.o(RESET)
    PWM0Generator0_Handler                   0x00000283   Thumb Code     0  startup.o(RESET)
    PWM0Generator1_Handler                   0x00000283   Thumb Code     0  startup.o(RESET)
    PWM0Generator2_Handler                   0x00000283   Thumb Code     0  startup.o(RESET)
    PWM0Generator3_Handler                   0x00000283   Thumb Code     0  startup.o(RESET)
    PWM1Fault_Handler                        0x00000283   Thumb Code     0  startup.o(RESET)
    PWM1Generator0_Handler                   0x00000283   Thumb Code     0  startup.o(RESET)
    PWM1Generator1_Handler                   0x00000283   Thumb Code     0  startup.o(RESET)
    PWM1Generator2_Handler                   0x00000283   Thumb Code     0  startup.o(RESET)
    PWM1Generator3_Handler                   0x00000283   Thumb Code     0  startup.o(RESET)
    Quadrature0_Handler                      0x00000283   Thumb Code     0  startup.o(RESET)
    Quadrature1_Handler                      0x00000283   Thumb Code     0  startup.o(RESET)
    Quadrature2_Handler                      0x00000283   Thumb Code     0  startup.o(RESET)
    SSI0_Handler                             0x00000283   Thumb Code     0  startup.o(RESET)
    SSI1_Handler                             0x00000283   Thumb Code     0  startup.o(RESET)
    SSI2_Handler                             0x00000283   Thumb Code     0  startup.o(RESET)
    SSI3_Handler                             0x00000283   Thumb Code     0  startup.o(RESET)
    SysCtl_Handler                           0x00000283   Thumb Code     0  startup.o(RESET)
    Timer0A_Handler                          0x00000283   Thumb Code     0  startup.o(RESET)
    Timer0B_Handler                          0x00000283   Thumb Code     0  startup.o(RESET)
    Timer1A_Handler                          0x00000283   Thumb Code     0  startup.o(RESET)
    Timer1B_Handler                          0x00000283   Thumb Code     0  startup.o(RESET)
    Timer2A_Handler                          0x00000283   Thumb Code     0  startup.o(RESET)
    Timer2B_Handler                          0x00000283   Thumb Code     0  startup.o(RESET)
    Timer3A_Handler                          0x00000283   Thumb Code     0  startup.o(RESET)
    Timer3B_Handler                          0x00000283   Thumb Code     0  startup.o(RESET)
    Timer4B_Handler                          0x00000283   Thumb Code     0  startup.o(RESET)
    Timer5B_Handler                          0x00000283   Thumb Code     0  startup.o(RESET)
    UART1_Handler                            0x00000283   Thumb Code     0  startup.o(RESET)
    UART2_Handler                            0x00000283   Thumb Code     0  startup.o(RESET)
    UART3_Handler                            0x00000283   Thumb Code     0  startup.o(RESET)
    UART4_Handler                            0x00000283   Thumb Code     0  startup.o(RESET)
    UART5_Handler                            0x00000283   Thumb Code     0  startup.o(RESET)
    UART6_Handler                            0x00000283   Thumb Code     0  startup.o(RESET)
    UART7_Handler                            0x00000283   Thumb Code     0  startup.o(RESET)
    USB0_Handler                             0x00000283   Thumb Code     0  startup.o(RESET)
    WDT_Handler                              0x00000283   Thumb Code     0  startup.o(RESET)
    WideTimer1A_Handler                      0x00000283   Thumb Code     0  startup.o(RESET)
    WideTimer1B_Handler                      0x00000283   Thumb Code     0  startup.o(RESET)
    WideTimer2A_Handler                      0x00000283   Thumb Code     0  startup.o(RESET)
    WideTimer2B_Handler                      0x00000283   Thumb Code     0  startup.o(RESET)
    WideTimer3A_Handler                      0x00000283   Thumb Code     0  startup.o(RESET)
    WideTimer3B_Handler                      0x00000283   Thumb Code     0  startup.o(RESET)
    WideTimer4B_Handler                      0x00000283   Thumb Code     0  startup.o(RESET)
    WideTimer5A_Handler                      0x00000283   Thumb Code     0  startup.o(RESET)
    WideTimer5B_Handler                      0x00000283   Thumb Code     0  startup.o(RESET)
    uDMA_Error                               0x00000283   Thumb Code     0  startup.o(RESET)
    uDMA_Handler                             0x00000283   Thumb Code     0  startup.o(RESET)
    __main                                   0x00000285   Thumb Code     8  __main.o(!!!main)
    __scatterload                            0x0000028d   Thumb Code     0  __scatter.o(!!!scatter)
    __scatterload_rt2                        0x0000028d   Thumb Code    44  __scatter.o(!!!scatter)
    __scatterload_rt2_thumb_only             0x0000028d   Thumb Code     0  __scatter.o(!!!scatter)
    __scatterload_null                       0x0000029b   Thumb Code     0  __scatter.o(!!!scatter)
    __scatterload_copy                       0x000002c1   Thumb Code    26  __scatter_copy.o(!!handler_copy)
    __scatterload_zeroinit                   0x000002dd   Thumb Code    28  __scatter_zi.o(!!handler_zi)
    __rt_lib_init                            0x000002f9   Thumb Code     0  libinit.o(.ARM.Collect$$libinit$$00000000)
    __rt_lib_init_alloca_1                   0x000002fb   Thumb Code     0  libinit2.o(.ARM.Collect$$libinit$$0000002E)
    __rt_lib_init_argv_1                     0x000002fb   Thumb Code     0  libinit2.o(.ARM.Collect$$libinit$$0000002C)
    __rt_lib_init_atexit_1                   0x000002fb   Thumb Code     0  libinit2.o(.ARM.Collect$$libinit$$0000001B)
    __rt_lib_init_clock_1                    0x000002fb   Thumb Code     0  libinit2.o(.ARM.Collect$$libinit$$00000021)
    __rt_lib_init_cpp_1                      0x000002fb   Thumb Code     0  libinit2.o(.ARM.Collect$$libinit$$00000032)
    __rt_lib_init_exceptions_1               0x000002fb   Thumb Code     0  libinit2.o(.ARM.Collect$$libinit$$00000030)
    __rt_lib_init_fp_1                       0x000002fb   Thumb Code     0  libinit2.o(.ARM.Collect$$libinit$$00000002)
    __rt_lib_init_fp_trap_1                  0x000002fb   Thumb Code     0  libinit2.o(.ARM.Collect$$libinit$$0000001F)
    __rt_lib_init_getenv_1                   0x000002fb   Thumb Code     0  libinit2.o(.ARM.Collect$$libinit$$00000023)
    __rt_lib_init_heap_1                     0x000002fb   Thumb Code     0  libinit2.o(.ARM.Collect$$libinit$$0000000A)
    __rt_lib_init_lc_collate_1               0x000002fb   Thumb Code     0  libinit2.o(.ARM.Collect$$libinit$$00000011)
    __rt_lib_init_lc_ctype_1                 0x000002fb   Thumb Code     0  libinit2.o(.ARM.Collect$$libinit$$00000013)
    __rt_lib_init_lc_monetary_1              0x000002fb   Thumb Code     0  libinit2.o(.ARM.Collect$$libinit$$00000015)
    __rt_lib_init_lc_numeric_1               0x000002fb   Thumb Code     0  libinit2.o(.ARM.Collect$$libinit$$00000017)
    __rt_lib_init_lc_time_1                  0x000002fb   Thumb Code     0  libinit2.o(.ARM.Collect$$libinit$$00000019)
    __rt_lib_init_preinit_1                  0x000002fb   Thumb Code     0  libinit2.o(.ARM.Collect$$libinit$$00000004)
    __rt_lib_init_rand_1                     0x000002fb   Thumb Code     0  libinit2.o(.ARM.Collect$$libinit$$0000000E)
    __rt_lib_init_return                     0x000002fb   Thumb Code     0  libinit2.o(.ARM.Collect$$libinit$$00000033)
    __rt_lib_init_signal_1                   0x000002fb   Thumb Code     0  libinit2.o(.ARM.Collect$$libinit$$0000001D)
    __rt_lib_init_stdio_1                    0x000002fb   Thumb Code     0  libinit2.o(.ARM.Collect$$libinit$$00000025)
    __rt_lib_init_user_alloc_1               0x000002fb   Thumb Code     0  libinit2.o(.ARM.Collect$$libinit$$0000000C)
    __rt_lib_shutdown                        0x000002fd   Thumb Code     0  libshutdown.o(.ARM.Collect$$libshutdown$$00000000)
    __rt_lib_shutdown_cpp_1                  0x000002ff   Thumb Code     0  libshutdown2.o(.ARM.Collect$$libshutdown$$00000002)
    __rt_lib_shutdown_fp_trap_1              0x000002ff   Thumb Code     0  libshutdown2.o(.ARM.Collect$$libshutdown$$00000007)
    __rt_lib_shutdown_heap_1                 0x000002ff   Thumb Code     0  libshutdown2.o(.ARM.Collect$$libshutdown$$0000000F)
    __rt_lib_shutdown_return                 0x000002ff   Thumb Code     0  libshutdown2.o(.ARM.Collect$$libshutdown$$00000010)
    __rt_lib_shutdown_signal_1               0x000002ff   Thumb Code     0  libshutdown2.o(.ARM.Collect$$libshutdown$$0000000A)
    __rt_lib_shutdown_stdio_1                0x000002ff   Thumb Code     0  libshutdown2.o(.ARM.Collect$$libshutdown$$00000004)
    __rt_lib_shutdown_user_alloc_1           0x000002ff   Thumb Code     0  libshutdown2.o(.ARM.Collect$$libshutdown$$0000000C)
    __rt_entry                               0x00000301   Thumb Code     0  __rtentry.o(.ARM.Collect$$rtentry$$00000000)
    __rt_entry_presh_1                       0x00000301   Thumb Code     0  __rtentry2.o(.ARM.Collect$$rtentry$$00000002)
    __rt_entry_sh                            0x00000301   Thumb Code     0  __rtentry4.o(.ARM.Collect$$rtentry$$00000004)
    __rt_entry_li                            0x00000307   Thumb Code     0  __rtentry2.o(.ARM.Collect$$rtentry$$0000000A)
    __rt_entry_postsh_1                      0x00000307   Thumb Code     0  __rtentry2.o(.ARM.Collect$$rtentry$$00000009)
    __rt_entry_main                          0x0000030b   Thumb Code     0  __rtentry2.o(.ARM.Collect$$rtentry$$0000000D)
    __rt_entry_postli_1                      0x0000030b   Thumb Code     0  __rtentry2.o(.ARM.Collect$$rtentry$$0000000C)
    __rt_exit                                0x00000313   Thumb Code     0  rtexit.o(.ARM.Collect$$rtexit$$00000000)
    __rt_exit_ls                             0x00000315   Thumb Code     0  rtexit2.o(.ARM.Collect$$rtexit$$00000003)
    __rt_exit_prels_1                        0x00000315   Thumb Code     0  rtexit2.o(.ARM.Collect$$rtexit$$00000002)
    __rt_exit_exit                           0x00000319   Thumb Code     0  rtexit2.o(.ARM.Collect$$rtexit$$00000004)
    Delay                                    0x00000321   Thumb Code     6  st7735.o(.emb_text)
    DisableInterrupts                        0x00000329   Thumb Code     0  startup.o(.text)
    EnableInterrupts                         0x0000032d   Thumb Code     0  startup.o(.text)
    StartCritical                            0x00000331   Thumb Code     0  startup.o(.text)
    EndCritical                              0x00000339   Thumb Code     0  startup.o(.text)
    WaitForInterrupt                         0x0000033f   Thumb Code     0  startup.o(.text)
    __user_initial_stackheap                 0x00000343   Thumb Code     0  startup.o(.text)
    OS_DisableInterrupts                     0x00000359   Thumb Code     0  osasm.o(.text)
    OS_EnableInterrupts                      0x00000367   Thumb Code     0  osasm.o(.text)
    PendSV_Handler                           0x00000375   Thumb Code     0  osasm.o(.text)
    StartOS                                  0x0000039b   Thumb Code     0  osasm.o(.text)
    SVC_Handler                              0x000003bb   Thumb Code     0  osasm.o(.text)
    __aeabi_memcpy4                          0x0000040d   Thumb Code     0  rt_memcpy_w.o(.text)
    __aeabi_memcpy8                          0x0000040d   Thumb Code     0  rt_memcpy_w.o(.text)
    __rt_memcpy_w                            0x0000040d   Thumb Code   100  rt_memcpy_w.o(.text)
    _memcpy_lastbytes_aligned                0x00000455   Thumb Code     0  rt_memcpy_w.o(.text)
    strcmp                                   0x00000471   Thumb Code   128  strcmpv7m.o(.text)
    __use_two_region_memory                  0x000004f1   Thumb Code     2  heapauxi.o(.text)
    __rt_heap_escrow$2region                 0x000004f3   Thumb Code     2  heapauxi.o(.text)
    __rt_heap_expand$2region                 0x000004f5   Thumb Code     2  heapauxi.o(.text)
    __user_setup_stackheap                   0x000004f7   Thumb Code    74  sys_stackheap_outer.o(.text)
    exit                                     0x00000541   Thumb Code    18  exit.o(.text)
    __user_libspace                          0x00000555   Thumb Code     8  libspace.o(.text)
    __user_perproc_libspace                  0x00000555   Thumb Code     0  libspace.o(.text)
    __user_perthread_libspace                0x00000555   Thumb Code     0  libspace.o(.text)
    _sys_exit                                0x0000055d   Thumb Code     8  sys_exit.o(.text)
    __I$use$semihosting                      0x00000569   Thumb Code     0  use_no_semi.o(.text)
    __use_no_semihosting_swi                 0x00000569   Thumb Code     2  use_no_semi.o(.text)
    __semihosting_library_function           0x0000056b   Thumb Code     0  indicate_semi.o(.text)
    CS_Init                                  0x0000056d   Thumb Code   118  diskio.o(i.CS_Init)
    Delay1ms                                 0x000005f9   Thumb Code    22  st7735.o(i.Delay1ms)
    EdgeCounter_PF4_Init                     0x00000611   Thumb Code   190  edgetriggered.o(i.EdgeCounter_PF4_Init)
    GPIOPortF_Handler                        0x000006e9   Thumb Code    82  os.o(i.GPIOPortF_Handler)
    Heap_Free                                0x00000759   Thumb Code   140  heap.o(i.Heap_Free)
    Heap_Init                                0x000007e9   Thumb Code    14  heap.o(i.Heap_Init)
    Heap_Malloc                              0x00000805   Thumb Code    78  heap.o(i.Heap_Malloc)
    IdleTask                                 0x00000859   Thumb Code    14  sdcfile.o(i.IdleTask)
    Interpreter                              0x0000086d   Thumb Code     8  interpreter.o(i.Interpreter)
    LOADER_CLEAR                             0x00000875   Thumb Code    24  loader.o(i.LOADER_CLEAR)
    LOADER_OPEN_FOR_RD                       0x0000088d   Thumb Code    24  loader.o(i.LOADER_OPEN_FOR_RD)
    LOADER_READ                              0x000008a9   Thumb Code    30  loader.o(i.LOADER_READ)
    LoadProgram                              0x000008c9   Thumb Code    28  interpreter.o(i.LoadProgram)
    OS_AddProcess                            0x00000905   Thumb Code   118  os.o(i.OS_AddProcess)
    OS_AddThread                             0x00000981   Thumb Code   238  os.o(i.OS_AddThread)
    OS_AddThreadFirstProcess                 0x00000a8d   Thumb Code   202  os.o(i.OS_AddThreadFirstProcess)
    OS_AddThreadPri                          0x00000b75   Thumb Code    80  os.o(i.OS_AddThreadPri)
    OS_Fifo_Init                             0x00000bcd   Thumb Code    40  os.o(i.OS_Fifo_Init)
    OS_Id                                    0x00000c09   Thumb Code    10  os.o(i.OS_Id)
    OS_Init                                  0x00000c19   Thumb Code   190  os.o(i.OS_Init)
    OS_InitSemaphore                         0x00000d01   Thumb Code    10  os.o(i.OS_InitSemaphore)
    OS_Kill                                  0x00000d0d   Thumb Code   112  os.o(i.OS_Kill)
    OS_Launch                                0x00000d8d   Thumb Code    30  os.o(i.OS_Launch)
    OS_SelectNextThread                      0x00000db1   Thumb Code   128  os.o(i.OS_SelectNextThread)
    OS_Signal                                0x00000e41   Thumb Code    82  os.o(i.OS_Signal)
    OS_Sleep                                 0x00000e9d   Thumb Code    60  os.o(i.OS_Sleep)
    OS_Suspend                               0x00000ee9   Thumb Code    18  os.o(i.OS_Suspend)
    OS_Time                                  0x00000f01   Thumb Code    12  os.o(i.OS_Time)
    OS_TimeDifference                        0x00000f11   Thumb Code    12  os.o(i.OS_TimeDifference)
    OS_Wait                                  0x00000f1d   Thumb Code    80  os.o(i.OS_Wait)
    OS_bSignal                               0x00000f79   Thumb Code    80  os.o(i.OS_bSignal)
    OS_bWait                                 0x00000fd1   Thumb Code    80  os.o(i.OS_bWait)
    OS_timeDisabled                          0x0000102d   Thumb Code    20  os.o(i.OS_timeDisabled)
    OS_timeEnabled                           0x00001049   Thumb Code    54  os.o(i.OS_timeEnabled)
    OutCRLF                                  0x00001091   Thumb Code    16  uart2.o(i.OutCRLF)
    Output_Init                              0x000010a1   Thumb Code    24  st7735.o(i.Output_Init)
    PLL_Init                                 0x000010bd   Thumb Code   120  pll.o(i.PLL_Init)
    PortD_Init                               0x00001139   Thumb Code    88  sdcfile.o(i.PortD_Init)
    PortF_Init                               0x000011a5   Thumb Code   134  sdcfile.o(i.PortF_Init)
    RxFifo_Get                               0x00001241   Thumb Code    46  uart2.o(i.RxFifo_Get)
    RxFifo_Init                              0x0000127d   Thumb Code    22  uart2.o(i.RxFifo_Init)
    RxFifo_Put                               0x000012a5   Thumb Code    52  uart2.o(i.RxFifo_Put)
    RxFifo_Size                              0x000012e9   Thumb Code    16  uart2.o(i.RxFifo_Size)
    SSI0_Init                                0x00001301   Thumb Code   300  diskio.o(i.SSI0_Init)
    ST7735_Color565                          0x0000144d   Thumb Code    24  st7735.o(i.ST7735_Color565)
    ST7735_DrawCharS                         0x00001465   Thumb Code   236  st7735.o(i.ST7735_DrawCharS)
    ST7735_DrawPixel                         0x0000155d   Thumb Code    64  st7735.o(i.ST7735_DrawPixel)
    ST7735_DrawString                        0x000015a5   Thumb Code    86  st7735.o(i.ST7735_DrawString)
    ST7735_FillRect                          0x000015fd   Thumb Code   164  st7735.o(i.ST7735_FillRect)
    ST7735_FillScreen                        0x000016a9   Thumb Code    28  st7735.o(i.ST7735_FillScreen)
    ST7735_InitR                             0x000016cd   Thumb Code    90  st7735.o(i.ST7735_InitR)
    ST7735_Message                           0x00001749   Thumb Code    56  st7735.o(i.ST7735_Message)
    ST7735_OutString                         0x00001785   Thumb Code    86  st7735.o(i.ST7735_OutString)
    ST7735_OutUDec2                          0x000017dd   Thumb Code    72  st7735.o(i.ST7735_OutUDec2)
    ST7735_SetCursor                         0x0000182d   Thumb Code    22  st7735.o(i.ST7735_SetCursor)
    SetInitialStack2                         0x0000184d   Thumb Code   328  os.o(i.SetInitialStack2)
    SysTick_Handler                          0x0000199d   Thumb Code    16  os.o(i.SysTick_Handler)
    Timer4A_Handler                          0x000019b1   Thumb Code   126  os.o(i.Timer4A_Handler)
    Timer4A_Init                             0x00001a4d   Thumb Code    40  os.o(i.Timer4A_Init)
    Timer5A_Handler                          0x00001a81   Thumb Code   126  os.o(i.Timer5A_Handler)
    Timer5_Init                              0x00001b1d   Thumb Code    50  os.o(i.Timer5_Init)
    TxFifo_Get                               0x00001b5d   Thumb Code    64  uart2.o(i.TxFifo_Get)
    TxFifo_Init                              0x00001bad   Thumb Code    22  uart2.o(i.TxFifo_Init)
    TxFifo_Put                               0x00001bd5   Thumb Code    44  uart2.o(i.TxFifo_Put)
    TxFifo_Size                              0x00001c0d   Thumb Code    16  uart2.o(i.TxFifo_Size)
    UART0_Handler                            0x00001c25   Thumb Code    82  uart2.o(i.UART0_Handler)
    UART_InChar                              0x00001c7d   Thumb Code    12  uart2.o(i.UART_InChar)
    UART_InUDec                              0x00001c89   Thumb Code    76  uart2.o(i.UART_InUDec)
    UART_Init                                0x00001cd5   Thumb Code   170  uart2.o(i.UART_Init)
    UART_OutChar                             0x00001d99   Thumb Code    40  uart2.o(i.UART_OutChar)
    UART_OutString                           0x00001dc5   Thumb Code    24  uart2.o(i.UART_OutString)
    WTimer0A_Init                            0x00001ddd   Thumb Code    96  os.o(i.WTimer0A_Init)
    WTimer0B_Init                            0x00001e55   Thumb Code   102  diskio.o(i.WTimer0B_Init)
    WTimer4A_Init                            0x00001ed1   Thumb Code    78  os.o(i.WTimer4A_Init)
    WTimer5A_Init                            0x00001f39   Thumb Code    76  os.o(i.WTimer5A_Init)
    WideTimer0A_Handler                      0x00001f99   Thumb Code    96  os.o(i.WideTimer0A_Handler)
    WideTimer0B_Handler                      0x00002009   Thumb Code    20  diskio.o(i.WideTimer0B_Handler)
    WideTimer4A_Handler                      0x00002021   Thumb Code   110  os.o(i.WideTimer4A_Handler)
    addToList                                0x000020b1   Thumb Code    32  linkedlist.o(i.addToList)
    clust2sect                               0x00002221   Thumb Code    26  ff.o(i.clust2sect)
    cmdLine_Start                            0x0000223d   Thumb Code    82  interpreter.o(i.cmdLine_Start)
    disk_initialize                          0x00002b11   Thumb Code   330  diskio.o(i.disk_initialize)
    disk_ioctl                               0x00002c6d   Thumb Code   544  diskio.o(i.disk_ioctl)
    disk_read                                0x00002e95   Thumb Code   136  diskio.o(i.disk_read)
    disk_status                              0x00002f25   Thumb Code    14  diskio.o(i.disk_status)
    disk_timerproc                           0x00002f39   Thumb Code    52  diskio.o(i.disk_timerproc)
    disk_write                               0x00002f79   Thumb Code   170  diskio.o(i.disk_write)
    exec_elf                                 0x00003031   Thumb Code   184  loader.o(i.exec_elf)
    f_close                                  0x00003119   Thumb Code    32  ff.o(i.f_close)
    f_lseek                                  0x00003139   Thumb Code   382  ff.o(i.f_lseek)
    f_mount                                  0x000032b9   Thumb Code    86  ff.o(i.f_mount)
    f_open                                   0x00003315   Thumb Code   352  ff.o(i.f_open)
    f_read                                   0x00003479   Thumb Code   416  ff.o(i.f_read)
    f_sync                                   0x00003619   Thumb Code   172  ff.o(i.f_sync)
    fillmessage                              0x000036c9   Thumb Code    64  st7735.o(i.fillmessage)
    getProcess                               0x00003b79   Thumb Code    44  os.o(i.getProcess)
    get_fat                                  0x00003ba9   Thumb Code   242  ff.o(i.get_fat)
    main                                     0x000041a9   Thumb Code   130  sdcfile.o(i.main)
    put_fat                                  0x00004573   Thumb Code   322  ff.o(i.put_fat)
    removeFromBlockList                      0x00004bad   Thumb Code    80  linkedlist.o(i.removeFromBlockList)
    removeFromList                           0x00004bfd   Thumb Code    36  linkedlist.o(i.removeFromList)
    removeThreadPri                          0x00004c21   Thumb Code    58  os.o(i.removeThreadPri)
    dBfs                                     0x000057ab   Data         512  st7735.o(.constdata)
    Region$$Table$$Base                      0x000059cc   Number         0  anon$$obj.o(Region$$Table)
    Region$$Table$$Limit                     0x000059ec   Number         0  anon$$obj.o(Region$$Table)
    MountFresult                             0x20000018   Data           1  sdcfile.o(.data)
    Fresult                                  0x20000019   Data           1  sdcfile.o(.data)
    Idlecount                                0x2000001c   Data           4  sdcfile.o(.data)
    NumCreated                               0x20000020   Data           4  sdcfile.o(.data)
    TxPutPt                                  0x20000024   Data           4  uart2.o(.data)
    TxGetPt                                  0x20000028   Data           4  uart2.o(.data)
    RxPutPt                                  0x2000002c   Data           4  uart2.o(.data)
    RxGetPt                                  0x20000030   Data           4  uart2.o(.data)
    Periodic1Task                            0x20000034   Data           4  os.o(.data)
    Periodic2Task                            0x20000038   Data           4  os.o(.data)
    SWOneTask                                0x2000003c   Data           4  os.o(.data)
    SWTwoTask                                0x20000040   Data           4  os.o(.data)
    Periodic1TaskPeriod                      0x2000004c   Data           4  os.o(.data)
    Periodic2TaskPeriod                      0x20000050   Data           4  os.o(.data)
    MaxJitter                                0x20000054   Data           4  os.o(.data)
    MaxJitter2                               0x20000058   Data           4  os.o(.data)
    delay                                    0x2000005c   Data           4  os.o(.data)
    periodic_threads_count                   0x20000064   Data           1  os.o(.data)
    runPT                                    0x20000068   Data           4  os.o(.data)
    nextPT                                   0x2000006c   Data           4  os.o(.data)
    numTasks                                 0x20000074   Data           4  os.o(.data)
    CurrentID                                0x20000078   Data           2  os.o(.data)
    time_slice                               0x2000007c   Data           4  os.o(.data)
    OS_ms_count                              0x20000080   Data           4  os.o(.data)
    head_sleep                               0x20000084   Data           4  os.o(.data)
    tail_sleep                               0x20000088   Data           4  os.o(.data)
    head_kill                                0x2000008c   Data           4  os.o(.data)
    tail_kill                                0x20000090   Data           4  os.o(.data)
    head_reAdd                               0x20000094   Data           4  os.o(.data)
    tail_reAdd                               0x20000098   Data           4  os.o(.data)
    OS_counter1                              0x2000009c   Data           4  os.o(.data)
    OS_counter2                              0x200000a0   Data           4  os.o(.data)
    LastPF4                                  0x200000a4   Data           4  os.o(.data)
    LastPF0                                  0x200000a8   Data           4  os.o(.data)
    PF0_button                               0x200000ac   Data           4  os.o(.data)
    PF4_button                               0x200000b0   Data           4  os.o(.data)
    pf4_go                                   0x200000b4   Data           4  os.o(.data)
    pf0_go                                   0x200000b8   Data           4  os.o(.data)
    butt_count                               0x200000bc   Data           4  os.o(.data)
    start                                    0x200000c0   Data           4  os.o(.data)
    sw1Last                                  0x200000c4   Data           4  os.o(.data)
    sw2Last                                  0x200000c8   Data           4  os.o(.data)
    fifolimit                                0x200000cc   Data           4  os.o(.data)
    OSPutPt                                  0x200000d0   Data           4  os.o(.data)
    OSGetPt                                  0x200000d4   Data           4  os.o(.data)
    MailBox                                  0x200000d8   Data           4  os.o(.data)
    critical_time                            0x200000dc   Data           4  os.o(.data)
    total_critical_time                      0x200000e0   Data           4  os.o(.data)
    largest_critical_time                    0x200000e4   Data           4  os.o(.data)
    record_count                             0x200000e8   Data           4  os.o(.data)
    StX                                      0x200000f4   Data           4  st7735.o(.data)
    StY                                      0x200000f8   Data           4  st7735.o(.data)
    StTextColor                              0x200000fc   Data           2  st7735.o(.data)
    Messageindex                             0x20000108   Data           4  st7735.o(.data)
    Ymax                                     0x2000010c   Data           4  st7735.o(.data)
    Ymin                                     0x20000110   Data           4  st7735.o(.data)
    X                                        0x20000114   Data           4  st7735.o(.data)
    Yrange                                   0x20000118   Data           4  st7735.o(.data)
    lastj                                    0x2000011c   Data           4  st7735.o(.data)
    Handle                                   0x20000354   Data         548  sdcfile.o(.bss)
    Handle2                                  0x20000578   Data         548  sdcfile.o(.bss)
    TxFifo                                   0x20002a3c   Data          32  uart2.o(.bss)
    TxRoomLeft                               0x20002a5c   Data          12  uart2.o(.bss)
    RxFifoAvailable                          0x20002a78   Data          12  uart2.o(.bss)
    JitterHistogram                          0x20002a84   Data         256  os.o(.bss)
    JitterHistogram2                         0x20002b84   Data         256  os.o(.bss)
    SW1sem                                   0x20002c84   Data          12  os.o(.bss)
    SW2sem                                   0x20002c90   Data          12  os.o(.bss)
    TCBs                                     0x20002c9c   Data         280  os.o(.bss)
    PCBs                                     0x20002db4   Data         120  os.o(.bss)
    PCBs2                                    0x20002e2c   Data         120  os.o(.bss)
    Stacks                                   0x20002ea4   Data        4000  os.o(.bss)
    pri_lists                                0x20003e44   Data          32  os.o(.bss)
    pri_count                                0x20003e64   Data          32  os.o(.bss)
    FifoAvailable                            0x20004078   Data          12  os.o(.bss)
    BoxFree                                  0x20004084   Data          12  os.o(.bss)
    DataValid                                0x20004090   Data          12  os.o(.bss)
    thread_time                              0x2000409c   Data         400  os.o(.bss)
    thread_record                            0x2000422c   Data         400  os.o(.bss)
    LCDFree                                  0x200043bc   Data          12  st7735.o(.bss)
    Message                                  0x200043c8   Data          12  st7735.o(.bss)
    __libspace_start                         0x200043d4   Data          96  libspace.o(.bss)
    __temporary_stack_top$libspace           0x20004434   Data           0  libspace.o(.bss)



==============================================================================

Memory Map of the image

  Image Entry point : 0x0000026d

  Load Region LR_1 (Base: 0x00000000, Size: 0x00005b0c, Max: 0xffffffff, ABSOLUTE)

    Execution Region ER_RO (Exec base: 0x00000000, Load base: 0x00000000, Size: 0x000059ec, Max: 0xffffffff, ABSOLUTE)

    Exec Addr    Load Addr    Size         Type   Attr      Idx    E Section Name        Object

    0x00000000   0x00000000   0x00000284   Code   RO            3  * RESET               startup.o
    0x00000284   0x00000284   0x00000008   Code   RO         1814  * !!!main             c_w.l(__main.o)
    0x0000028c   0x0000028c   0x00000034   Code   RO         1971    !!!scatter          c_w.l(__scatter.o)
    0x000002c0   0x000002c0   0x0000001a   Code   RO         1973    !!handler_copy      c_w.l(__scatter_copy.o)
    0x000002da   0x000002da   0x00000002   PAD
    0x000002dc   0x000002dc   0x0000001c   Code   RO         1975    !!handler_zi        c_w.l(__scatter_zi.o)
    0x000002f8   0x000002f8   0x00000002   Code   RO         1841    .ARM.Collect$$libinit$$00000000  c_w.l(libinit.o)
    0x000002fa   0x000002fa   0x00000000   Code   RO         1848    .ARM.Collect$$libinit$$00000002  c_w.l(libinit2.o)
    0x000002fa   0x000002fa   0x00000000   Code   RO         1850    .ARM.Collect$$libinit$$00000004  c_w.l(libinit2.o)
    0x000002fa   0x000002fa   0x00000000   Code   RO         1853    .ARM.Collect$$libinit$$0000000A  c_w.l(libinit2.o)
    0x000002fa   0x000002fa   0x00000000   Code   RO         1855    .ARM.Collect$$libinit$$0000000C  c_w.l(libinit2.o)
    0x000002fa   0x000002fa   0x00000000   Code   RO         1857    .ARM.Collect$$libinit$$0000000E  c_w.l(libinit2.o)
    0x000002fa   0x000002fa   0x00000000   Code   RO         1860    .ARM.Collect$$libinit$$00000011  c_w.l(libinit2.o)
    0x000002fa   0x000002fa   0x00000000   Code   RO         1862    .ARM.Collect$$libinit$$00000013  c_w.l(libinit2.o)
    0x000002fa   0x000002fa   0x00000000   Code   RO         1864    .ARM.Collect$$libinit$$00000015  c_w.l(libinit2.o)
    0x000002fa   0x000002fa   0x00000000   Code   RO         1866    .ARM.Collect$$libinit$$00000017  c_w.l(libinit2.o)
    0x000002fa   0x000002fa   0x00000000   Code   RO         1868    .ARM.Collect$$libinit$$00000019  c_w.l(libinit2.o)
    0x000002fa   0x000002fa   0x00000000   Code   RO         1870    .ARM.Collect$$libinit$$0000001B  c_w.l(libinit2.o)
    0x000002fa   0x000002fa   0x00000000   Code   RO         1872    .ARM.Collect$$libinit$$0000001D  c_w.l(libinit2.o)
    0x000002fa   0x000002fa   0x00000000   Code   RO         1874    .ARM.Collect$$libinit$$0000001F  c_w.l(libinit2.o)
    0x000002fa   0x000002fa   0x00000000   Code   RO         1876    .ARM.Collect$$libinit$$00000021  c_w.l(libinit2.o)
    0x000002fa   0x000002fa   0x00000000   Code   RO         1878    .ARM.Collect$$libinit$$00000023  c_w.l(libinit2.o)
    0x000002fa   0x000002fa   0x00000000   Code   RO         1880    .ARM.Collect$$libinit$$00000025  c_w.l(libinit2.o)
    0x000002fa   0x000002fa   0x00000000   Code   RO         1884    .ARM.Collect$$libinit$$0000002C  c_w.l(libinit2.o)
    0x000002fa   0x000002fa   0x00000000   Code   RO         1886    .ARM.Collect$$libinit$$0000002E  c_w.l(libinit2.o)
    0x000002fa   0x000002fa   0x00000000   Code   RO         1888    .ARM.Collect$$libinit$$00000030  c_w.l(libinit2.o)
    0x000002fa   0x000002fa   0x00000000   Code   RO         1890    .ARM.Collect$$libinit$$00000032  c_w.l(libinit2.o)
    0x000002fa   0x000002fa   0x00000002   Code   RO         1891    .ARM.Collect$$libinit$$00000033  c_w.l(libinit2.o)
    0x000002fc   0x000002fc   0x00000002   Code   RO         1911    .ARM.Collect$$libshutdown$$00000000  c_w.l(libshutdown.o)
    0x000002fe   0x000002fe   0x00000000   Code   RO         1924    .ARM.Collect$$libshutdown$$00000002  c_w.l(libshutdown2.o)
    0x000002fe   0x000002fe   0x00000000   Code   RO         1926    .ARM.Collect$$libshutdown$$00000004  c_w.l(libshutdown2.o)
    0x000002fe   0x000002fe   0x00000000   Code   RO         1929    .ARM.Collect$$libshutdown$$00000007  c_w.l(libshutdown2.o)
    0x000002fe   0x000002fe   0x00000000   Code   RO         1932    .ARM.Collect$$libshutdown$$0000000A  c_w.l(libshutdown2.o)
    0x000002fe   0x000002fe   0x00000000   Code   RO         1934    .ARM.Collect$$libshutdown$$0000000C  c_w.l(libshutdown2.o)
    0x000002fe   0x000002fe   0x00000000   Code   RO         1937    .ARM.Collect$$libshutdown$$0000000F  c_w.l(libshutdown2.o)
    0x000002fe   0x000002fe   0x00000002   Code   RO         1938    .ARM.Collect$$libshutdown$$00000010  c_w.l(libshutdown2.o)
    0x00000300   0x00000300   0x00000000   Code   RO         1816    .ARM.Collect$$rtentry$$00000000  c_w.l(__rtentry.o)
    0x00000300   0x00000300   0x00000000   Code   RO         1818    .ARM.Collect$$rtentry$$00000002  c_w.l(__rtentry2.o)
    0x00000300   0x00000300   0x00000006   Code   RO         1830    .ARM.Collect$$rtentry$$00000004  c_w.l(__rtentry4.o)
    0x00000306   0x00000306   0x00000000   Code   RO         1820    .ARM.Collect$$rtentry$$00000009  c_w.l(__rtentry2.o)
    0x00000306   0x00000306   0x00000004   Code   RO         1821    .ARM.Collect$$rtentry$$0000000A  c_w.l(__rtentry2.o)
    0x0000030a   0x0000030a   0x00000000   Code   RO         1823    .ARM.Collect$$rtentry$$0000000C  c_w.l(__rtentry2.o)
    0x0000030a   0x0000030a   0x00000008   Code   RO         1824    .ARM.Collect$$rtentry$$0000000D  c_w.l(__rtentry2.o)
    0x00000312   0x00000312   0x00000002   Code   RO         1845    .ARM.Collect$$rtexit$$00000000  c_w.l(rtexit.o)
    0x00000314   0x00000314   0x00000000   Code   RO         1893    .ARM.Collect$$rtexit$$00000002  c_w.l(rtexit2.o)
    0x00000314   0x00000314   0x00000004   Code   RO         1894    .ARM.Collect$$rtexit$$00000003  c_w.l(rtexit2.o)
    0x00000318   0x00000318   0x00000006   Code   RO         1895    .ARM.Collect$$rtexit$$00000004  c_w.l(rtexit2.o)
    0x0000031e   0x0000031e   0x00000002   PAD
    0x00000320   0x00000320   0x00000006   Code   RO         1426    .emb_text           st7735.o
    0x00000326   0x00000326   0x00000002   PAD
    0x00000328   0x00000328   0x00000030   Code   RO            4    .text               startup.o
    0x00000358   0x00000358   0x000000b4   Code   RO         1711    .text               osasm.o
    0x0000040c   0x0000040c   0x00000064   Code   RO         1808    .text               c_w.l(rt_memcpy_w.o)
    0x00000470   0x00000470   0x00000080   Code   RO         1810    .text               c_w.l(strcmpv7m.o)
    0x000004f0   0x000004f0   0x00000006   Code   RO         1812    .text               c_w.l(heapauxi.o)
    0x000004f6   0x000004f6   0x0000004a   Code   RO         1832    .text               c_w.l(sys_stackheap_outer.o)
    0x00000540   0x00000540   0x00000012   Code   RO         1834    .text               c_w.l(exit.o)
    0x00000552   0x00000552   0x00000002   PAD
    0x00000554   0x00000554   0x00000008   Code   RO         1842    .text               c_w.l(libspace.o)
    0x0000055c   0x0000055c   0x0000000c   Code   RO         1903    .text               c_w.l(sys_exit.o)
    0x00000568   0x00000568   0x00000002   Code   RO         1914    .text               c_w.l(use_no_semi.o)
    0x0000056a   0x0000056a   0x00000000   Code   RO         1916    .text               c_w.l(indicate_semi.o)
    0x0000056a   0x0000056a   0x00000002   PAD
    0x0000056c   0x0000056c   0x0000008c   Code   RO           12    i.CS_Init           diskio.o
    0x000005f8   0x000005f8   0x00000016   Code   RO         1427    i.Delay1ms          st7735.o
    0x0000060e   0x0000060e   0x00000002   PAD
    0x00000610   0x00000610   0x000000d8   Code   RO         1750    i.EdgeCounter_PF4_Init  edgetriggered.o
    0x000006e8   0x000006e8   0x00000070   Code   RO         1000    i.GPIOPortF_Handler  os.o
    0x00000758   0x00000758   0x00000090   Code   RO          721    i.Heap_Free         heap.o
    0x000007e8   0x000007e8   0x0000001c   Code   RO          722    i.Heap_Init         heap.o
    0x00000804   0x00000804   0x00000054   Code   RO          723    i.Heap_Malloc       heap.o
    0x00000858   0x00000858   0x00000014   Code   RO          459    i.IdleTask          sdcfile.o
    0x0000086c   0x0000086c   0x00000008   Code   RO         1714    i.Interpreter       interpreter.o
    0x00000874   0x00000874   0x00000018   Code   RO          518    i.LOADER_CLEAR      loader.o
    0x0000088c   0x0000088c   0x0000001c   Code   RO          519    i.LOADER_OPEN_FOR_RD  loader.o
    0x000008a8   0x000008a8   0x0000001e   Code   RO          520    i.LOADER_READ       loader.o
    0x000008c6   0x000008c6   0x00000002   PAD
    0x000008c8   0x000008c8   0x0000003c   Code   RO         1715    i.LoadProgram       interpreter.o
    0x00000904   0x00000904   0x0000007c   Code   RO         1003    i.OS_AddProcess     os.o
    0x00000980   0x00000980   0x0000010c   Code   RO         1006    i.OS_AddThread      os.o
    0x00000a8c   0x00000a8c   0x000000e8   Code   RO         1007    i.OS_AddThreadFirstProcess  os.o
    0x00000b74   0x00000b74   0x00000058   Code   RO         1008    i.OS_AddThreadPri   os.o
    0x00000bcc   0x00000bcc   0x0000003c   Code   RO         1014    i.OS_Fifo_Init      os.o
    0x00000c08   0x00000c08   0x00000010   Code   RO         1018    i.OS_Id             os.o
    0x00000c18   0x00000c18   0x000000e8   Code   RO         1019    i.OS_Init           os.o
    0x00000d00   0x00000d00   0x0000000a   Code   RO         1020    i.OS_InitSemaphore  os.o
    0x00000d0a   0x00000d0a   0x00000002   PAD
    0x00000d0c   0x00000d0c   0x00000080   Code   RO         1021    i.OS_Kill           os.o
    0x00000d8c   0x00000d8c   0x00000024   Code   RO         1022    i.OS_Launch         os.o
    0x00000db0   0x00000db0   0x00000090   Code   RO         1030    i.OS_SelectNextThread  os.o
    0x00000e40   0x00000e40   0x0000005c   Code   RO         1031    i.OS_Signal         os.o
    0x00000e9c   0x00000e9c   0x0000004c   Code   RO         1032    i.OS_Sleep          os.o
    0x00000ee8   0x00000ee8   0x00000018   Code   RO         1033    i.OS_Suspend        os.o
    0x00000f00   0x00000f00   0x00000010   Code   RO         1034    i.OS_Time           os.o
    0x00000f10   0x00000f10   0x0000000c   Code   RO         1035    i.OS_TimeDifference  os.o
    0x00000f1c   0x00000f1c   0x0000005c   Code   RO         1036    i.OS_Wait           os.o
    0x00000f78   0x00000f78   0x00000058   Code   RO         1038    i.OS_bSignal        os.o
    0x00000fd0   0x00000fd0   0x0000005c   Code   RO         1039    i.OS_bWait          os.o
    0x0000102c   0x0000102c   0x0000001c   Code   RO         1043    i.OS_timeDisabled   os.o
    0x00001048   0x00001048   0x00000048   Code   RO         1044    i.OS_timeEnabled    os.o
    0x00001090   0x00001090   0x00000010   Code   RO          831    i.OutCRLF           uart2.o
    0x000010a0   0x000010a0   0x0000001c   Code   RO         1430    i.Output_Init       st7735.o
    0x000010bc   0x000010bc   0x0000007c   Code   RO          444    i.PLL_Init          pll.o
    0x00001138   0x00001138   0x0000006c   Code   RO          460    i.PortD_Init        sdcfile.o
    0x000011a4   0x000011a4   0x0000009c   Code   RO          461    i.PortF_Init        sdcfile.o
    0x00001240   0x00001240   0x0000003c   Code   RO          832    i.RxFifo_Get        uart2.o
    0x0000127c   0x0000127c   0x00000028   Code   RO          833    i.RxFifo_Init       uart2.o
    0x000012a4   0x000012a4   0x00000044   Code   RO          834    i.RxFifo_Put        uart2.o
    0x000012e8   0x000012e8   0x00000018   Code   RO          835    i.RxFifo_Size       uart2.o
    0x00001300   0x00001300   0x0000014c   Code   RO           13    i.SSI0_Init         diskio.o
    0x0000144c   0x0000144c   0x00000018   Code   RO         1433    i.ST7735_Color565   st7735.o
    0x00001464   0x00001464   0x000000f8   Code   RO         1436    i.ST7735_DrawCharS  st7735.o
    0x0000155c   0x0000155c   0x00000048   Code   RO         1439    i.ST7735_DrawPixel  st7735.o
    0x000015a4   0x000015a4   0x00000056   Code   RO         1440    i.ST7735_DrawString  st7735.o
    0x000015fa   0x000015fa   0x00000002   PAD
    0x000015fc   0x000015fc   0x000000ac   Code   RO         1441    i.ST7735_FillRect   st7735.o
    0x000016a8   0x000016a8   0x00000024   Code   RO         1442    i.ST7735_FillScreen  st7735.o
    0x000016cc   0x000016cc   0x0000007c   Code   RO         1444    i.ST7735_InitR      st7735.o
    0x00001748   0x00001748   0x0000003c   Code   RO         1446    i.ST7735_Message    st7735.o
    0x00001784   0x00001784   0x00000056   Code   RO         1448    i.ST7735_OutString  st7735.o
    0x000017da   0x000017da   0x00000002   PAD
    0x000017dc   0x000017dc   0x00000050   Code   RO         1450    i.ST7735_OutUDec2   st7735.o
    0x0000182c   0x0000182c   0x00000020   Code   RO         1459    i.ST7735_SetCursor  st7735.o
    0x0000184c   0x0000184c   0x00000150   Code   RO         1046    i.SetInitialStack2  os.o
    0x0000199c   0x0000199c   0x00000014   Code   RO         1047    i.SysTick_Handler   os.o
    0x000019b0   0x000019b0   0x0000009c   Code   RO         1048    i.Timer4A_Handler   os.o
    0x00001a4c   0x00001a4c   0x00000034   Code   RO         1049    i.Timer4A_Init      os.o
    0x00001a80   0x00001a80   0x0000009c   Code   RO         1050    i.Timer5A_Handler   os.o
    0x00001b1c   0x00001b1c   0x00000040   Code   RO         1051    i.Timer5_Init       os.o
    0x00001b5c   0x00001b5c   0x00000050   Code   RO          836    i.TxFifo_Get        uart2.o
    0x00001bac   0x00001bac   0x00000028   Code   RO          837    i.TxFifo_Init       uart2.o
    0x00001bd4   0x00001bd4   0x00000038   Code   RO          838    i.TxFifo_Put        uart2.o
    0x00001c0c   0x00001c0c   0x00000018   Code   RO          839    i.TxFifo_Size       uart2.o
    0x00001c24   0x00001c24   0x00000058   Code   RO          840    i.UART0_Handler     uart2.o
    0x00001c7c   0x00001c7c   0x0000000c   Code   RO          842    i.UART_InChar       uart2.o
    0x00001c88   0x00001c88   0x0000004c   Code   RO          844    i.UART_InUDec       uart2.o
    0x00001cd4   0x00001cd4   0x000000c4   Code   RO          846    i.UART_Init         uart2.o
    0x00001d98   0x00001d98   0x0000002c   Code   RO          847    i.UART_OutChar      uart2.o
    0x00001dc4   0x00001dc4   0x00000018   Code   RO          849    i.UART_OutString    uart2.o
    0x00001ddc   0x00001ddc   0x00000078   Code   RO         1052    i.WTimer0A_Init     os.o
    0x00001e54   0x00001e54   0x0000007c   Code   RO           14    i.WTimer0B_Init     diskio.o
    0x00001ed0   0x00001ed0   0x00000068   Code   RO         1053    i.WTimer4A_Init     os.o
    0x00001f38   0x00001f38   0x00000060   Code   RO         1054    i.WTimer5A_Init     os.o
    0x00001f98   0x00001f98   0x00000070   Code   RO         1055    i.WideTimer0A_Handler  os.o
    0x00002008   0x00002008   0x00000018   Code   RO           15    i.WideTimer0B_Handler  diskio.o
    0x00002020   0x00002020   0x00000090   Code   RO         1056    i.WideTimer4A_Handler  os.o
    0x000020b0   0x000020b0   0x00000020   Code   RO         1768    i.addToList         linkedlist.o
    0x000020d0   0x000020d0   0x00000058   Code   RO          522    i.addressOf         loader.o
    0x00002128   0x00002128   0x00000012   Code   RO          727    i.blockHeader       heap.o
    0x0000213a   0x0000213a   0x00000012   Code   RO          728    i.blockRoom         heap.o
    0x0000214c   0x0000214c   0x00000012   Code   RO          729    i.blockTrailer      heap.o
    0x0000215e   0x0000215e   0x00000008   Code   RO          730    i.blockUnused       heap.o
    0x00002166   0x00002166   0x00000010   Code   RO          731    i.blockUsed         heap.o
    0x00002176   0x00002176   0x00000002   PAD
    0x00002178   0x00002178   0x00000090   Code   RO          148    i.check_fs          ff.o
    0x00002208   0x00002208   0x00000018   Code   RO          149    i.chk_chr           ff.o
    0x00002220   0x00002220   0x0000001a   Code   RO          150    i.clust2sect        ff.o
    0x0000223a   0x0000223a   0x00000002   PAD
    0x0000223c   0x0000223c   0x000000ac   Code   RO         1716    i.cmdLine_Start     interpreter.o
    0x000022e8   0x000022e8   0x00000056   Code   RO         1463    i.commandList       st7735.o
    0x0000233e   0x0000233e   0x00000002   PAD
    0x00002340   0x00002340   0x0000023c   Code   RO         1464    i.commonInit        st7735.o
    0x0000257c   0x0000257c   0x00000028   Code   RO          854    i.copyHardwareToSoftware  uart2.o
    0x000025a4   0x000025a4   0x0000002c   Code   RO          855    i.copySoftwareToHardware  uart2.o
    0x000025d0   0x000025d0   0x000000d6   Code   RO          151    i.create_chain      ff.o
    0x000026a6   0x000026a6   0x00000002   PAD
    0x000026a8   0x000026a8   0x000001b4   Code   RO          152    i.create_name       ff.o
    0x0000285c   0x0000285c   0x00000014   Code   RO           16    i.deselect          diskio.o
    0x00002870   0x00002870   0x0000005c   Code   RO          153    i.dir_alloc         ff.o
    0x000028cc   0x000028cc   0x0000005c   Code   RO          154    i.dir_find          ff.o
    0x00002928   0x00002928   0x00000110   Code   RO          155    i.dir_next          ff.o
    0x00002a38   0x00002a38   0x0000003a   Code   RO          157    i.dir_register      ff.o
    0x00002a72   0x00002a72   0x0000009e   Code   RO          159    i.dir_sdi           ff.o
    0x00002b10   0x00002b10   0x0000015c   Code   RO           17    i.disk_initialize   diskio.o
    0x00002c6c   0x00002c6c   0x00000228   Code   RO           18    i.disk_ioctl        diskio.o
    0x00002e94   0x00002e94   0x00000090   Code   RO           19    i.disk_read         diskio.o
    0x00002f24   0x00002f24   0x00000014   Code   RO           20    i.disk_status       diskio.o
    0x00002f38   0x00002f38   0x00000040   Code   RO           21    i.disk_timerproc    diskio.o
    0x00002f78   0x00002f78   0x000000b4   Code   RO           22    i.disk_write        diskio.o
    0x0000302c   0x0000302c   0x00000002   Code   RO          523    i.dumpData          loader.o
    0x0000302e   0x0000302e   0x00000002   PAD
    0x00003030   0x00003030   0x000000e8   Code   RO          524    i.exec_elf          loader.o
    0x00003118   0x00003118   0x00000020   Code   RO          162    i.f_close           ff.o
    0x00003138   0x00003138   0x0000017e   Code   RO          167    i.f_lseek           ff.o
    0x000032b6   0x000032b6   0x00000002   PAD
    0x000032b8   0x000032b8   0x0000005c   Code   RO          170    i.f_mount           ff.o
    0x00003314   0x00003314   0x00000164   Code   RO          171    i.f_open            ff.o
    0x00003478   0x00003478   0x000001a0   Code   RO          173    i.f_read            ff.o
    0x00003618   0x00003618   0x000000b0   Code   RO          178    i.f_sync            ff.o
    0x000036c8   0x000036c8   0x00000048   Code   RO         1467    i.fillmessage       st7735.o
    0x00003710   0x00003710   0x0000038c   Code   RO          183    i.find_volume       ff.o
    0x00003a9c   0x00003a9c   0x000000b0   Code   RO          184    i.follow_path       ff.o
    0x00003b4c   0x00003b4c   0x0000000c   Code   RO          525    i.freeElf           loader.o
    0x00003b58   0x00003b58   0x00000010   Code   RO          526    i.freeSection       loader.o
    0x00003b68   0x00003b68   0x00000010   Code   RO          527    i.freeSegment       loader.o
    0x00003b78   0x00003b78   0x00000030   Code   RO         1061    i.getProcess        os.o
    0x00003ba8   0x00003ba8   0x000000f2   Code   RO          185    i.get_fat           ff.o
    0x00003c9a   0x00003c9a   0x0000004a   Code   RO          187    i.get_ldnumber      ff.o
    0x00003ce4   0x00003ce4   0x0000001c   Code   RO          732    i.inHeapRange       heap.o
    0x00003d00   0x00003d00   0x00000086   Code   RO          528    i.initElf           loader.o
    0x00003d86   0x00003d86   0x00000002   PAD
    0x00003d88   0x00003d88   0x00000028   Code   RO           23    i.init_spi          diskio.o
    0x00003db0   0x00003db0   0x00000048   Code   RO          529    i.jumpTo            loader.o
    0x00003df8   0x00003df8   0x00000020   Code   RO          188    i.ld_clust          ff.o
    0x00003e18   0x00003e18   0x000000ec   Code   RO          530    i.loadProgram       loader.o
    0x00003f04   0x00003f04   0x000000ec   Code   RO          531    i.loadSecData       loader.o
    0x00003ff0   0x00003ff0   0x000000f4   Code   RO          532    i.loadSegData       loader.o
    0x000040e4   0x000040e4   0x000000c4   Code   RO          533    i.loadSymbols       loader.o
    0x000041a8   0x000041a8   0x000000b0   Code   RO          462    i.main              sdcfile.o
    0x00004258   0x00004258   0x00000030   Code   RO          733    i.markBlockUnused   heap.o
    0x00004288   0x00004288   0x00000030   Code   RO          734    i.markBlockUsed     heap.o
    0x000042b8   0x000042b8   0x00000026   Code   RO          189    i.mem_cmp           ff.o
    0x000042de   0x000042de   0x0000001a   Code   RO          190    i.mem_cpy           ff.o
    0x000042f8   0x000042f8   0x00000014   Code   RO          191    i.mem_set           ff.o
    0x0000430c   0x0000430c   0x0000002e   Code   RO          735    i.mergeBlockWithBelow  heap.o
    0x0000433a   0x0000433a   0x00000034   Code   RO          192    i.move_window       ff.o
    0x0000436e   0x0000436e   0x0000000e   Code   RO          736    i.nextBlockHeader   heap.o
    0x0000437c   0x0000437c   0x00000084   Code   RO          534    i.placeDynamic      loader.o
    0x00004400   0x00004400   0x00000154   Code   RO          535    i.placeInfo         loader.o
    0x00004554   0x00004554   0x0000000c   Code   RO          737    i.previousBlockHeader  heap.o
    0x00004560   0x00004560   0x00000012   Code   RO         1469    i.pushColor         st7735.o
    0x00004572   0x00004572   0x00000142   Code   RO          193    i.put_fat           ff.o
    0x000046b4   0x000046b4   0x00000048   Code   RO           24    i.rcvr_datablock    diskio.o
    0x000046fc   0x000046fc   0x00000030   Code   RO           25    i.rcvr_spi          diskio.o
    0x0000472c   0x0000472c   0x00000018   Code   RO           26    i.rcvr_spi_multi    diskio.o
    0x00004744   0x00004744   0x0000003e   Code   RO          536    i.readSecHeader     loader.o
    0x00004782   0x00004782   0x0000003a   Code   RO          537    i.readSection       loader.o
    0x000047bc   0x000047bc   0x00000044   Code   RO          538    i.readSectionName   loader.o
    0x00004800   0x00004800   0x0000003a   Code   RO          539    i.readSegHeader     loader.o
    0x0000483a   0x0000483a   0x00000072   Code   RO          541    i.readSymbol        loader.o
    0x000048ac   0x000048ac   0x00000044   Code   RO          542    i.readSymbolName    loader.o
    0x000048f0   0x000048f0   0x000000aa   Code   RO          543    i.relJmpCall        loader.o
    0x0000499a   0x0000499a   0x00000002   PAD
    0x0000499c   0x0000499c   0x000000cc   Code   RO          544    i.relocate          loader.o
    0x00004a68   0x00004a68   0x00000040   Code   RO          545    i.relocateProgram   loader.o
    0x00004aa8   0x00004aa8   0x00000084   Code   RO          546    i.relocateSection   loader.o
    0x00004b2c   0x00004b2c   0x00000048   Code   RO          547    i.relocateSections  loader.o
    0x00004b74   0x00004b74   0x00000038   Code   RO          548    i.relocateSymbol    loader.o
    0x00004bac   0x00004bac   0x00000050   Code   RO         1770    i.removeFromBlockList  linkedlist.o
    0x00004bfc   0x00004bfc   0x00000024   Code   RO         1771    i.removeFromList    linkedlist.o
    0x00004c20   0x00004c20   0x00000048   Code   RO         1064    i.removeThreadPri   os.o
    0x00004c68   0x00004c68   0x0000006c   Code   RO          194    i.remove_chain      ff.o
    0x00004cd4   0x00004cd4   0x00000046   Code   RO          549    i.sectionOf         loader.o
    0x00004d1a   0x00004d1a   0x00000002   PAD
    0x00004d1c   0x00004d1c   0x00000030   Code   RO           27    i.select            diskio.o
    0x00004d4c   0x00004d4c   0x00000096   Code   RO           28    i.send_cmd          diskio.o
    0x00004de2   0x00004de2   0x00000002   PAD
    0x00004de4   0x00004de4   0x00000074   Code   RO         1470    i.setAddrWindow     st7735.o
    0x00004e58   0x00004e58   0x0000004c   Code   RO          738    i.splitAndMarkBlockUsed  heap.o
    0x00004ea4   0x00004ea4   0x00000010   Code   RO          195    i.st_clust          ff.o
    0x00004eb4   0x00004eb4   0x000000c8   Code   RO          196    i.sync_fs           ff.o
    0x00004f7c   0x00004f7c   0x00000052   Code   RO          197    i.sync_window       ff.o
    0x00004fce   0x00004fce   0x00000036   Code   RO          198    i.validate          ff.o
    0x00005004   0x00005004   0x00000030   Code   RO           29    i.wait_ready        diskio.o
    0x00005034   0x00005034   0x0000004c   Code   RO         1471    i.writecommand      st7735.o
    0x00005080   0x00005080   0x00000050   Code   RO         1472    i.writedata         st7735.o
    0x000050d0   0x000050d0   0x00000038   Code   RO           30    i.xchg_spi          diskio.o
    0x00005108   0x00005108   0x0000004c   Code   RO           31    i.xmit_datablock    diskio.o
    0x00005154   0x00005154   0x00000030   Code   RO           32    i.xmit_spi_multi    diskio.o
    0x00005184   0x00005184   0x00000045   Data   RO          553    .constdata          loader.o
    0x000051c9   0x000051c9   0x000007e2   Data   RO         1474    .constdata          st7735.o
    0x000059ab   0x000059ab   0x00000001   PAD
    0x000059ac   0x000059ac   0x00000010   Data   RO         1719    .constdata          interpreter.o
    0x000059bc   0x000059bc   0x0000000f   Data   RO         1720    .conststring        interpreter.o
    0x000059cb   0x000059cb   0x00000001   PAD
    0x000059cc   0x000059cc   0x00000020   Data   RO         1969    Region$$Table       anon$$obj.o


    Execution Region ER_RW (Exec base: 0x20000000, Load base: 0x000059ec, Size: 0x00000120, Max: 0xffffffff, ABSOLUTE)

    Exec Addr    Load Addr    Size         Type   Attr      Idx    E Section Name        Object

    0x20000000   0x000059ec   0x0000000d   Data   RW           33    .data               diskio.o
    0x2000000d   0x000059f9   0x00000003   PAD
    0x20000010   0x000059fc   0x00000006   Data   RW          200    .data               ff.o
    0x20000016   0x00005a02   0x00000002   PAD
    0x20000018   0x00005a04   0x0000000c   Data   RW          466    .data               sdcfile.o
    0x20000024   0x00005a10   0x00000010   Data   RW          857    .data               uart2.o
    0x20000034   0x00005a20   0x000000c0   Data   RW         1068    .data               os.o
    0x200000f4   0x00005ae0   0x0000002c   Data   RW         1475    .data               st7735.o


    Execution Region ER_ZI (Exec base: 0x20000120, Load base: 0x00005b0c, Size: 0x00004718, Max: 0xffffffff, ABSOLUTE)

    Exec Addr    Load Addr    Size         Type   Attr      Idx    E Section Name        Object

    0x20000120        -       0x0000067c   Zero   RW          464    .bss                sdcfile.o
    0x2000079c        -       0x000002a0   Zero   RW          552    .bss                loader.o
    0x20000a3c        -       0x00002000   Zero   RW          739    .bss                heap.o
    0x20002a3c        -       0x00000048   Zero   RW          856    .bss                uart2.o
    0x20002a84        -       0x00001938   Zero   RW         1066    .bss                os.o
    0x200043bc        -       0x00000018   Zero   RW         1473    .bss                st7735.o
    0x200043d4        -       0x00000060   Zero   RW         1843    .bss                c_w.l(libspace.o)
    0x20004434   0x00005b0c   0x00000004   PAD
    0x20004438        -       0x00000000   Zero   RW            2    HEAP                startup.o
    0x20004438        -       0x00000400   Zero   RW            1    STACK               startup.o


==============================================================================

Image component sizes


      Code (inc. data)   RO Data    RW Data    ZI Data      Debug   Object Name

      2558        188          0         13          0      20191   diskio.o
       216         26          0          0          0        543   edgetriggered.o
      5320         54          0          6          0      28498   ff.o
       606         28          0          0       8192       9206   heap.o
       240        122         31          0          0       2332   interpreter.o
       148          0          0          0          0       2295   linkedlist.o
      3234        690         69          0        672      27469   loader.o
      3522        540          0        192       6456      24446   os.o
       180         12          0          0          0        316   osasm.o
       124          4          0          0          0        495   pll.o
       460         94          0         12       1660      13446   sdcfile.o
      2096        196       2018         44         24      18086   st7735.o
       692        632          0          0       1024       1068   startup.o
       932        156          0         16         72      10234   uart2.o

    ----------------------------------------------------------------------
     20360       2742       2152        288      18100     158625   Object Totals
         0          0         32          0          0          0   (incl. Generated)
        32          0          2          5          0          0   (incl. Padding)

    ----------------------------------------------------------------------

      Code (inc. data)   RO Data    RW Data    ZI Data      Debug   Library Member Name

         8          0          0          0          0         68   __main.o
         0          0          0          0          0          0   __rtentry.o
        12          0          0          0          0          0   __rtentry2.o
         6          0          0          0          0          0   __rtentry4.o
        52          8          0          0          0          0   __scatter.o
        26          0          0          0          0          0   __scatter_copy.o
        28          0          0          0          0          0   __scatter_zi.o
        18          0          0          0          0         80   exit.o
         6          0          0          0          0        152   heapauxi.o
         0          0          0          0          0          0   indicate_semi.o
         2          0          0          0          0          0   libinit.o
         2          0          0          0          0          0   libinit2.o
         2          0          0          0          0          0   libshutdown.o
         2          0          0          0          0          0   libshutdown2.o
         8          4          0          0         96         68   libspace.o
       100          0          0          0          0         80   rt_memcpy_w.o
         2          0          0          0          0          0   rtexit.o
        10          0          0          0          0          0   rtexit2.o
       128          0          0          0          0         68   strcmpv7m.o
        12          4          0          0          0         68   sys_exit.o
        74          0          0          0          0         80   sys_stackheap_outer.o
         2          0          0          0          0         68   use_no_semi.o

    ----------------------------------------------------------------------
       508         16          0          0        100        732   Library Totals
         8          0          0          0          4          0   (incl. Padding)

    ----------------------------------------------------------------------

      Code (inc. data)   RO Data    RW Data    ZI Data      Debug   Library Name

       500         16          0          0         96        732   c_w.l

    ----------------------------------------------------------------------
       508         16          0          0        100        732   Library Totals

    ----------------------------------------------------------------------

==============================================================================


      Code (inc. data)   RO Data    RW Data    ZI Data      Debug   

     20868       2758       2152        288      18200     149837   Grand Totals
     20868       2758       2152        288      18200     149837   ELF Image Totals
     20868       2758       2152        288          0          0   ROM Totals

==============================================================================

    Total RO  Size (Code + RO Data)                23020 (  22.48kB)
    Total RW  Size (RW Data + ZI Data)             18488 (  18.05kB)
    Total ROM Size (Code + RO Data + RW Data)      23308 (  22.76kB)

==============================================================================

