ARM Linker, 5.03 [Build 76] [MDK-ARM Professional]

==============================================================================

Section Cross References

    startup.o(RESET) refers to startup.o(STACK) for StackMem
    startup.o(RESET) refers to osasm.o(.text) for PendSV_Handler
    startup.o(RESET) refers to os.o(i.SysTick_Handler) for SysTick_Handler
    startup.o(RESET) refers to uart.o(i.UART0_Handler) for UART0_Handler
    startup.o(RESET) refers to adc.o(i.ADC0Seq2_Handler) for ADC0Seq2_Handler
    startup.o(RESET) refers to timer.o(i.Timer0A_Handler) for Timer0A_Handler
    startup.o(RESET) refers to timer.o(i.Timer1A_Handler) for Timer1A_Handler
    startup.o(RESET) refers to adc.o(i.Timer2A_Handler) for Timer2A_Handler
    startup.o(RESET) refers to os.o(i.GPIOPortF_Handler) for GPIOPortF_Handler
    startup.o(RESET) refers to timer.o(i.Timer3A_Handler) for Timer3A_Handler
    startup.o(RESET) refers to os.o(i.Timer4A_Handler) for Timer4A_Handler
    startup.o(RESET) refers to os.o(i.Timer5A_Handler) for Timer5A_Handler
    startup.o(RESET) refers to os.o(i.WideTimer0A_Handler) for WideTimer0A_Handler
    startup.o(RESET) refers to os.o(i.WideTimer4A_Handler) for WideTimer4A_Handler
    startup.o(RESET) refers to entry.o(.ARM.Collect$$$$00000000) for __main
    st7735.o(i.Output_Clear) refers to st7735.o(i.ST7735_FillScreen) for ST7735_FillScreen
    st7735.o(i.Output_Color) refers to st7735.o(i.ST7735_SetTextColor) for ST7735_SetTextColor
    st7735.o(i.Output_Init) refers to os.o(i.OS_InitSemaphore) for OS_InitSemaphore
    st7735.o(i.Output_Init) refers to st7735.o(i.ST7735_InitR) for ST7735_InitR
    st7735.o(i.Output_Init) refers to st7735.o(i.ST7735_FillScreen) for ST7735_FillScreen
    st7735.o(i.Output_Init) refers to st7735.o(.bss) for LCD_Semaphore
    st7735.o(i.Output_Off) refers to st7735.o(i.Output_Clear) for Output_Clear
    st7735.o(i.Output_On) refers to st7735.o(i.Output_Init) for Output_Init
    st7735.o(i.ST7735_DrawBitmap) refers to st7735.o(i.setAddrWindow) for setAddrWindow
    st7735.o(i.ST7735_DrawBitmap) refers to st7735.o(i.writedata) for writedata
    st7735.o(i.ST7735_DrawBitmap) refers to st7735.o(.data) for _width
    st7735.o(i.ST7735_DrawChar) refers to st7735.o(i.setAddrWindow) for setAddrWindow
    st7735.o(i.ST7735_DrawChar) refers to st7735.o(i.pushColor) for pushColor
    st7735.o(i.ST7735_DrawChar) refers to st7735.o(.data) for _width
    st7735.o(i.ST7735_DrawChar) refers to st7735.o(.constdata) for Font
    st7735.o(i.ST7735_DrawCharS) refers to st7735.o(i.ST7735_DrawPixel) for ST7735_DrawPixel
    st7735.o(i.ST7735_DrawCharS) refers to st7735.o(i.ST7735_FillRect) for ST7735_FillRect
    st7735.o(i.ST7735_DrawCharS) refers to st7735.o(.data) for _width
    st7735.o(i.ST7735_DrawCharS) refers to st7735.o(.constdata) for Font
    st7735.o(i.ST7735_DrawFastHLine) refers to st7735.o(i.setAddrWindow) for setAddrWindow
    st7735.o(i.ST7735_DrawFastHLine) refers to st7735.o(i.writedata) for writedata
    st7735.o(i.ST7735_DrawFastHLine) refers to st7735.o(.data) for _width
    st7735.o(i.ST7735_DrawFastVLine) refers to st7735.o(i.setAddrWindow) for setAddrWindow
    st7735.o(i.ST7735_DrawFastVLine) refers to st7735.o(i.writedata) for writedata
    st7735.o(i.ST7735_DrawFastVLine) refers to st7735.o(.data) for _width
    st7735.o(i.ST7735_DrawPixel) refers to st7735.o(i.setAddrWindow) for setAddrWindow
    st7735.o(i.ST7735_DrawPixel) refers to st7735.o(i.pushColor) for pushColor
    st7735.o(i.ST7735_DrawPixel) refers to st7735.o(.data) for _width
    st7735.o(i.ST7735_DrawString) refers to st7735.o(i.ST7735_DrawCharS) for ST7735_DrawCharS
    st7735.o(i.ST7735_FillRect) refers to st7735.o(i.setAddrWindow) for setAddrWindow
    st7735.o(i.ST7735_FillRect) refers to st7735.o(i.writedata) for writedata
    st7735.o(i.ST7735_FillRect) refers to st7735.o(.data) for _width
    st7735.o(i.ST7735_FillScreen) refers to st7735.o(i.ST7735_FillRect) for ST7735_FillRect
    st7735.o(i.ST7735_FillScreen) refers to st7735.o(.data) for _height
    st7735.o(i.ST7735_InitB) refers to st7735.o(i.commonInit) for commonInit
    st7735.o(i.ST7735_InitB) refers to st7735.o(i.ST7735_SetCursor) for ST7735_SetCursor
    st7735.o(i.ST7735_InitB) refers to st7735.o(i.ST7735_FillScreen) for ST7735_FillScreen
    st7735.o(i.ST7735_InitB) refers to st7735.o(.constdata) for Bcmd
    st7735.o(i.ST7735_InitB) refers to st7735.o(.data) for StTextColor
    st7735.o(i.ST7735_InitR) refers to st7735.o(i.commonInit) for commonInit
    st7735.o(i.ST7735_InitR) refers to st7735.o(i.commandList) for commandList
    st7735.o(i.ST7735_InitR) refers to st7735.o(i.writecommand) for writecommand
    st7735.o(i.ST7735_InitR) refers to st7735.o(i.writedata) for writedata
    st7735.o(i.ST7735_InitR) refers to st7735.o(i.ST7735_SetCursor) for ST7735_SetCursor
    st7735.o(i.ST7735_InitR) refers to st7735.o(i.ST7735_FillScreen) for ST7735_FillScreen
[...]
    uart.o(i.UART_OutChar) refers to uart.o(i.copySoftwareToHardware) for copySoftwareToHardware
    uart.o(i.UART_OutString) refers to uart.o(i.UART_OutChar) for UART_OutChar
    uart.o(i.UART_OutUDec) refers to uart.o(i.UART_OutChar) for UART_OutChar
    uart.o(i.UART_OutUHex) refers to uart.o(i.UART_OutChar) for UART_OutChar
    uart.o(i.copyHardwareToSoftware) refers to uart.o(i.RxFifo_Put) for RxFifo_Put
    uart.o(i.copyHardwareToSoftware) refers to uart.o(i.RxFifo_Size) for RxFifo_Size
    uart.o(i.copySoftwareToHardware) refers to uart.o(i.TxFifo_Get) for TxFifo_Get
    uart.o(i.copySoftwareToHardware) refers to uart.o(i.TxFifo_Size) for TxFifo_Size
    lab2.o(i.BackgroundThread1c) refers to os.o(i.OS_Signal) for OS_Signal
    lab2.o(i.BackgroundThread1c) refers to lab2.o(.data) for Count1
    lab2.o(i.BackgroundThread1c) refers to lab2.o(.bss) for Readyc
    lab2.o(i.BackgroundThread1d) refers to os.o(i.OS_bSignal) for OS_bSignal
    lab2.o(i.BackgroundThread1d) refers to lab2.o(.data) for i
    lab2.o(i.BackgroundThread1d) refers to lab2.o(.bss) for Readyd
    lab2.o(i.BackgroundThread5c) refers to os.o(i.OS_AddThread) for OS_AddThread
    lab2.o(i.BackgroundThread5c) refers to lab2.o(i.Thread4c) for Thread4c
    lab2.o(i.BackgroundThread5c) refers to lab2.o(.data) for NumCreated
    lab2.o(i.BackgroundThread5d) refers to os.o(i.OS_AddThread) for OS_AddThread
    lab2.o(i.BackgroundThread5d) refers to lab2.o(i.Thread4d) for Thread4d
    lab2.o(i.BackgroundThread5d) refers to lab2.o(.data) for NumCreated
    lab2.o(i.BackgroundThread8Producer) refers to os.o(i.OS_Fifo_Put) for OS_Fifo_Put
    lab2.o(i.BackgroundThread8Producer) refers to lab2.o(.data) for Count1
    lab2.o(i.ButtonWork) refers to os.o(i.OS_Id) for OS_Id
    lab2.o(i.ButtonWork) refers to st7735.o(i.ST7735_Message) for ST7735_Message
    lab2.o(i.ButtonWork) refers to os.o(i.OS_Sleep) for OS_Sleep
    lab2.o(i.ButtonWork) refers to os.o(i.OS_Kill) for OS_Kill
    lab2.o(i.ButtonWork) refers to lab2.o(.data) for NumCreated
    lab2.o(i.ButtonWork) refers to os.o(.data) for MaxJitter
    lab2.o(i.Consumer) refers to os.o(i.OS_Id) for OS_Id
    lab2.o(i.Consumer) refers to adc.o(i.ADC_Collect) for ADC_Collect
    lab2.o(i.Consumer) refers to os.o(i.OS_AddThread) for OS_AddThread
    lab2.o(i.Consumer) refers to os.o(i.OS_Fifo_Get) for OS_Fifo_Get
    lab2.o(i.Consumer) refers to cr4_fft_64_stm32.o(.text) for cr4_fft_64_stm32
    lab2.o(i.Consumer) refers to os.o(i.OS_MailBox_Send) for OS_MailBox_Send
    lab2.o(i.Consumer) refers to os.o(i.OS_Kill) for OS_Kill
    lab2.o(i.Consumer) refers to lab2.o(i.Producer) for Producer
    lab2.o(i.Consumer) refers to lab2.o(i.Display) for Display
    lab2.o(i.Consumer) refers to lab2.o(.data) for NumCreated
    lab2.o(i.Consumer) refers to lab2.o(.bss) for x
    lab2.o(i.ConsumerThread8) refers to os.o(i.OS_Fifo_Get) for OS_Fifo_Get
    lab2.o(i.ConsumerThread8) refers to lab2.o(.data) for Count2
    lab2.o(i.DAS) refers to adc.o(i.ADC_In) for ADC_In
    lab2.o(i.DAS) refers to lab2.o(i.Filter) for Filter
    lab2.o(i.DAS) refers to lab2.o(.data) for NumSamples
    lab2.o(i.Display) refers to st7735.o(i.ST7735_Message) for ST7735_Message
    lab2.o(i.Display) refers to os.o(i.OS_MailBox_Recv) for OS_MailBox_Recv
    lab2.o(i.Display) refers to os.o(i.OS_Kill) for OS_Kill
    lab2.o(i.Display) refers to lab2.o(.data) for NumSamples
    lab2.o(i.FillerThread8) refers to lab2.o(.data) for Count3
    lab2.o(i.Filter) refers to lab2.o(.data) for n
    lab2.o(i.Filter) refers to lab2.o(.bss) for x
    lab2.o(i.Interpreter) refers to uart.o(i.OutCRLF) for OutCRLF
    lab2.o(i.Interpreter) refers to uart.o(i.UART_OutString) for UART_OutString
    lab2.o(i.Interpreter) refers to uart.o(i.UART_InString) for UART_InString
    lab2.o(i.Interpreter) refers to cmdline.o(i.CmdLineProcess) for CmdLineProcess
    lab2.o(i.OutputThread) refers to uart.o(i.UART_OutString) for UART_OutString
    lab2.o(i.OutputThread) refers to os.o(i.OS_Sleep) for OS_Sleep
    lab2.o(i.OutputThread) refers to uart.o(i.UART_OutUDec) for UART_OutUDec
    lab2.o(i.OutputThread) refers to os.o(i.OS_Kill) for OS_Kill
    lab2.o(i.OutputThread) refers to lab2.o(.data) for SignalCount1
    lab2.o(i.PID) refers to os.o(i.OS_Id) for OS_Id
    lab2.o(i.PID) refers to pid_stm32.o(.text) for PID_stm32
    lab2.o(i.PID) refers to lab2.o(.data) for PIDWork
    lab2.o(i.Producer) refers to os.o(i.OS_Fifo_Put) for OS_Fifo_Put
    lab2.o(i.Producer) refers to lab2.o(.data) for NumSamples
    lab2.o(i.PseudoWork) refers to os.o(i.OS_Time) for OS_Time
    lab2.o(i.PseudoWork) refers to os.o(i.OS_TimeDifference) for OS_TimeDifference
    lab2.o(i.SW1Push) refers to os.o(i.OS_MsTime) for OS_MsTime
    lab2.o(i.SW1Push) refers to os.o(i.OS_AddThread) for OS_AddThread
    lab2.o(i.SW1Push) refers to os.o(i.OS_ClearMsTime) for OS_ClearMsTime
    lab2.o(i.SW1Push) refers to lab2.o(i.ButtonWork) for ButtonWork
    lab2.o(i.SW1Push) refers to lab2.o(.data) for NumCreated
    lab2.o(i.SW2Push) refers to os.o(i.OS_MsTime) for OS_MsTime
    lab2.o(i.SW2Push) refers to os.o(i.OS_AddThread) for OS_AddThread
    lab2.o(i.SW2Push) refers to os.o(i.OS_ClearMsTime) for OS_ClearMsTime
    lab2.o(i.SW2Push) refers to lab2.o(i.ButtonWork) for ButtonWork
    lab2.o(i.SW2Push) refers to lab2.o(.data) for NumCreated
    lab2.o(i.Signal1) refers to os.o(i.OS_Signal) for OS_Signal
    lab2.o(i.Signal1) refers to lab2.o(.data) for SignalCount1
    lab2.o(i.Signal1) refers to lab2.o(.bss) for s
    lab2.o(i.Signal2) refers to os.o(i.OS_Signal) for OS_Signal
    lab2.o(i.Signal2) refers to lab2.o(.data) for SignalCount2
    lab2.o(i.Signal2) refers to lab2.o(.bss) for s
    lab2.o(i.Signal3) refers to os.o(i.OS_Signal) for OS_Signal
    lab2.o(i.Signal3) refers to os.o(i.OS_Kill) for OS_Kill
    lab2.o(i.Signal3) refers to lab2.o(.bss) for s
    lab2.o(i.Signal3) refers to lab2.o(.data) for SignalCount3
    lab2.o(i.TaskA) refers to lab2.o(i.PseudoWork) for PseudoWork
    lab2.o(i.TaskA) refers to lab2.o(.data) for CountA
    lab2.o(i.TaskB) refers to lab2.o(i.PseudoWork) for PseudoWork
    lab2.o(i.TaskB) refers to lab2.o(.data) for CountB
    lab2.o(i.Testmain1) refers to os.o(i.OS_Init) for OS_Init
    lab2.o(i.Testmain1) refers to lab2.o(i.PortE_Init) for PortE_Init
    lab2.o(i.Testmain1) refers to os.o(i.OS_AddThread) for OS_AddThread
    lab2.o(i.Testmain1) refers to os.o(i.OS_Launch) for OS_Launch
    lab2.o(i.Testmain1) refers to lab2.o(.data) for NumCreated
    lab2.o(i.Testmain1) refers to lab2.o(i.Thread1) for Thread1
    lab2.o(i.Testmain1) refers to lab2.o(i.Thread2) for Thread2
    lab2.o(i.Testmain1) refers to lab2.o(i.Thread3) for Thread3
    lab2.o(i.Testmain2) refers to os.o(i.OS_Init) for OS_Init
    lab2.o(i.Testmain2) refers to lab2.o(i.PortE_Init) for PortE_Init
    lab2.o(i.Testmain2) refers to board.o(i.Board_Init) for Board_Init
    lab2.o(i.Testmain2) refers to os.o(i.OS_AddSW1Task) for OS_AddSW1Task
    lab2.o(i.Testmain2) refers to os.o(i.OS_AddThread) for OS_AddThread
    lab2.o(i.Testmain2) refers to os.o(i.OS_Launch) for OS_Launch
    lab2.o(i.Testmain2) refers to lab2.o(.data) for NumCreated
    lab2.o(i.Testmain2) refers to lab2.o(i.taskTest) for taskTest
    lab2.o(i.Testmain2) refers to lab2.o(i.Thread1b) for Thread1b
    lab2.o(i.Testmain2) refers to lab2.o(i.Thread2b) for Thread2b
    lab2.o(i.Testmain2) refers to lab2.o(i.Thread3b) for Thread3b
    lab2.o(i.Testmain3) refers to os.o(i.OS_Init) for OS_Init
    lab2.o(i.Testmain3) refers to board.o(i.Board_Init) for Board_Init
    lab2.o(i.Testmain3) refers to os.o(i.OS_AddThread) for OS_AddThread
    lab2.o(i.Testmain3) refers to os.o(i.OS_Launch) for OS_Launch
    lab2.o(i.Testmain3) refers to lab2.o(.data) for Count4
    lab2.o(i.Testmain3) refers to lab2.o(i.Thread2c) for Thread2c
    lab2.o(i.Testmain3) refers to lab2.o(i.Thread3c) for Thread3c
    lab2.o(i.Testmain3) refers to lab2.o(i.Thread4c) for Thread4c
    lab2.o(i.Testmain4) refers to os.o(i.OS_Init) for OS_Init
    lab2.o(i.Testmain4) refers to os.o(i.OS_AddPeriodicThread) for OS_AddPeriodicThread
    lab2.o(i.Testmain4) refers to os.o(i.OS_AddSW1Task) for OS_AddSW1Task
    lab2.o(i.Testmain4) refers to os.o(i.OS_AddThread) for OS_AddThread
    lab2.o(i.Testmain4) refers to os.o(i.OS_Launch) for OS_Launch
    lab2.o(i.Testmain4) refers to lab2.o(.data) for Count4
    lab2.o(i.Testmain4) refers to lab2.o(i.BackgroundThread1d) for BackgroundThread1d
    lab2.o(i.Testmain4) refers to lab2.o(i.BackgroundThread5d) for BackgroundThread5d
    lab2.o(i.Testmain4) refers to lab2.o(i.Thread2d) for Thread2d
    lab2.o(i.Testmain4) refers to lab2.o(i.Thread3d) for Thread3d
    lab2.o(i.Testmain4) refers to lab2.o(i.Thread4d) for Thread4d
    lab2.o(i.Testmain5) refers to lab2.o(i.PortE_Init) for PortE_Init
    lab2.o(i.Testmain5) refers to os.o(i.OS_Init) for OS_Init
    lab2.o(i.Testmain5) refers to os.o(i.OS_AddThread) for OS_AddThread
    lab2.o(i.Testmain5) refers to os.o(i.OS_AddPeriodicThread) for OS_AddPeriodicThread
    lab2.o(i.Testmain5) refers to os.o(i.OS_Launch) for OS_Launch
    lab2.o(i.Testmain5) refers to lab2.o(.data) for NumCreated
    lab2.o(i.Testmain5) refers to lab2.o(i.Thread6) for Thread6
    lab2.o(i.Testmain5) refers to lab2.o(i.Thread7) for Thread7
    lab2.o(i.Testmain5) refers to lab2.o(i.TaskA) for TaskA
    lab2.o(i.Testmain5) refers to lab2.o(i.TaskB) for TaskB
    lab2.o(i.Testmain7) refers to lab2.o(i.PortE_Init) for PortE_Init
    lab2.o(i.Testmain7) refers to os.o(i.OS_Init) for OS_Init
    lab2.o(i.Testmain7) refers to os.o(i.OS_AddThread) for OS_AddThread
    lab2.o(i.Testmain7) refers to os.o(i.OS_Launch) for OS_Launch
    lab2.o(i.Testmain7) refers to lab2.o(.data) for NumCreated
    lab2.o(i.Testmain7) refers to lab2.o(i.Thread8) for Thread8
    lab2.o(i.Testmain8) refers to os.o(i.OS_Init) for OS_Init
    lab2.o(i.Testmain8) refers to os.o(i.OS_AddPeriodicThread) for OS_AddPeriodicThread
    lab2.o(i.Testmain8) refers to os.o(i.OS_Fifo_Init) for OS_Fifo_Init
    lab2.o(i.Testmain8) refers to os.o(i.OS_AddThread) for OS_AddThread
    lab2.o(i.Testmain8) refers to os.o(i.OS_Launch) for OS_Launch
    lab2.o(i.Testmain8) refers to lab2.o(.data) for Count1
    lab2.o(i.Testmain8) refers to lab2.o(i.BackgroundThread8Producer) for BackgroundThread8Producer
    lab2.o(i.Testmain8) refers to lab2.o(i.ConsumerThread8) for ConsumerThread8
    lab2.o(i.Testmain8) refers to lab2.o(i.FillerThread8) for FillerThread8
    lab2.o(i.Thread1) refers to os.o(i.OS_Suspend) for OS_Suspend
    lab2.o(i.Thread1) refers to lab2.o(.data) for Count1
    lab2.o(i.Thread1b) refers to lab2.o(.data) for Count1
    lab2.o(i.Thread2) refers to os.o(i.OS_Suspend) for OS_Suspend
    lab2.o(i.Thread2) refers to lab2.o(.data) for Count2
    lab2.o(i.Thread2b) refers to lab2.o(.data) for Count2
    lab2.o(i.Thread2c) refers to os.o(i.OS_InitSemaphore) for OS_InitSemaphore
    lab2.o(i.Thread2c) refers to os.o(i.OS_AddThread) for OS_AddThread
    lab2.o(i.Thread2c) refers to os.o(i.OS_AddPeriodicThread) for OS_AddPeriodicThread
    lab2.o(i.Thread2c) refers to os.o(i.OS_Wait) for OS_Wait
    lab2.o(i.Thread2c) refers to lab2.o(.bss) for Readyc
    lab2.o(i.Thread2c) refers to lab2.o(.data) for Count1
    lab2.o(i.Thread2c) refers to lab2.o(i.Thread5c) for Thread5c
    lab2.o(i.Thread2c) refers to lab2.o(i.BackgroundThread1c) for BackgroundThread1c
    lab2.o(i.Thread2d) refers to os.o(i.OS_InitSemaphore) for OS_InitSemaphore
    lab2.o(i.Thread2d) refers to os.o(i.OS_bWait) for OS_bWait
    lab2.o(i.Thread2d) refers to lab2.o(.bss) for Readyd
    lab2.o(i.Thread2d) refers to lab2.o(.data) for Count1
    lab2.o(i.Thread3) refers to os.o(i.OS_Suspend) for OS_Suspend
    lab2.o(i.Thread3) refers to lab2.o(.data) for Count3
    lab2.o(i.Thread3b) refers to lab2.o(.data) for Count3
    lab2.o(i.Thread3c) refers to lab2.o(.data) for Count3
    lab2.o(i.Thread3d) refers to lab2.o(.data) for Count3
    lab2.o(i.Thread4c) refers to os.o(i.OS_Sleep) for OS_Sleep
    lab2.o(i.Thread4c) refers to os.o(i.OS_Kill) for OS_Kill
    lab2.o(i.Thread4c) refers to lab2.o(.data) for Count4
    lab2.o(i.Thread4d) refers to os.o(i.OS_Sleep) for OS_Sleep
    lab2.o(i.Thread4d) refers to os.o(i.OS_Kill) for OS_Kill
    lab2.o(i.Thread4d) refers to lab2.o(.data) for Count4
    lab2.o(i.Thread5c) refers to os.o(i.OS_Wait) for OS_Wait
    lab2.o(i.Thread5c) refers to lab2.o(.bss) for Readyc
    lab2.o(i.Thread5c) refers to lab2.o(.data) for Count5
    lab2.o(i.Thread6) refers to lab2.o(.data) for Count1
    lab2.o(i.Thread7) refers to uart.o(i.UART_OutString) for UART_OutString
    lab2.o(i.Thread7) refers to os.o(i.OS_Sleep) for OS_Sleep
    lab2.o(i.Thread7) refers to os.o(i.Jitter) for Jitter
    lab2.o(i.Thread7) refers to os.o(i.OS_Kill) for OS_Kill
    lab2.o(i.Wait1) refers to os.o(i.OS_Wait) for OS_Wait
    lab2.o(i.Wait1) refers to lab2.o(.bss) for s
    lab2.o(i.Wait1) refers to lab2.o(.data) for WaitCount1
    lab2.o(i.Wait2) refers to os.o(i.OS_Wait) for OS_Wait
    lab2.o(i.Wait2) refers to lab2.o(.bss) for s
    lab2.o(i.Wait2) refers to lab2.o(.data) for WaitCount2
    lab2.o(i.Wait3) refers to os.o(i.OS_Wait) for OS_Wait
    lab2.o(i.Wait3) refers to lab2.o(.bss) for s
    lab2.o(i.Wait3) refers to lab2.o(.data) for WaitCount3
    lab2.o(i.add) refers to lab2.o(.data) for result
    lab2.o(i.main) refers to os.o(i.OS_Init) for OS_Init
    lab2.o(i.main) refers to lab2.o(i.add) for add
    lab2.o(i.main) refers to lab2.o(i.PortE_Init) for PortE_Init
    lab2.o(i.main) refers to os.o(i.OS_InitSemaphore) for OS_InitSemaphore
    lab2.o(i.main) refers to os.o(i.OS_AddPeriodicThread) for OS_AddPeriodicThread
    lab2.o(i.main) refers to os.o(i.OS_AddThread) for OS_AddThread
    lab2.o(i.main) refers to os.o(i.OS_Launch) for OS_Launch
    lab2.o(i.main) refers to lab2.o(.data) for SignalCount1
    lab2.o(i.main) refers to lab2.o(.bss) for s
    lab2.o(i.main) refers to lab2.o(i.Signal1) for Signal1
    lab2.o(i.main) refers to lab2.o(i.Signal2) for Signal2
    lab2.o(i.main) refers to lab2.o(i.Thread6) for Thread6
    lab2.o(i.main) refers to lab2.o(i.OutputThread) for OutputThread
    lab2.o(i.main) refers to lab2.o(i.Signal3) for Signal3
    lab2.o(i.main) refers to lab2.o(i.Wait1) for Wait1
    lab2.o(i.main) refers to lab2.o(i.Wait2) for Wait2
    lab2.o(i.main) refers to lab2.o(i.Wait3) for Wait3
    lab2.o(i.realmain) refers to os.o(i.OS_Init) for OS_Init
    lab2.o(i.realmain) refers to lab2.o(i.PortE_Init) for PortE_Init
    lab2.o(i.realmain) refers to os.o(i.OS_MailBox_Init) for OS_MailBox_Init
    lab2.o(i.realmain) refers to os.o(i.OS_Fifo_Init) for OS_Fifo_Init
    lab2.o(i.realmain) refers to os.o(i.OS_AddSW1Task) for OS_AddSW1Task
    lab2.o(i.realmain) refers to os.o(i.OS_AddSW2Task) for OS_AddSW2Task
    lab2.o(i.realmain) refers to adc.o(i.ADC_Open) for ADC_Open
    lab2.o(i.realmain) refers to os.o(i.OS_AddPeriodicThread) for OS_AddPeriodicThread
    lab2.o(i.realmain) refers to os.o(i.OS_AddThread) for OS_AddThread
    lab2.o(i.realmain) refers to os.o(i.OS_Launch) for OS_Launch
    lab2.o(i.realmain) refers to lab2.o(.data) for DataLost
    lab2.o(i.realmain) refers to os.o(.data) for MaxJitter
    lab2.o(i.realmain) refers to lab2.o(i.SW1Push) for SW1Push
    lab2.o(i.realmain) refers to lab2.o(i.SW2Push) for SW2Push
    lab2.o(i.realmain) refers to lab2.o(i.DAS) for DAS
    lab2.o(i.realmain) refers to lab2.o(i.Interpreter) for Interpreter
    lab2.o(i.realmain) refers to lab2.o(i.Consumer) for Consumer
    lab2.o(i.realmain) refers to lab2.o(i.PID) for PID
    pid_stm32.o(.text) refers to lab2.o(.data) for IntTerm
    osasm.o(.text) refers to os.o(.data) for runPT
    linkedlist.o(i.linkThread) refers to startup.o(.text) for StartCritical
    linkedlist.o(i.unlinkThread) refers to os.o(i.OS_pendSVTrigger) for OS_pendSVTrigger
    pow.o(i.__softfp_pow) refers (Special) to iusefp.o(.text) for __I$use$fp
    pow.o(i.__softfp_pow) refers to pow.o(i.pow) for pow
    pow.o(i.pow) refers (Special) to iusefp.o(.text) for __I$use$fp
    pow.o(i.pow) refers to dadd.o(.text) for __aeabi_dadd
    pow.o(i.pow) refers to errno.o(i.__set_errno) for __set_errno
    pow.o(i.pow) refers to ddiv.o(.text) for __aeabi_ddiv
    pow.o(i.pow) refers to sqrt.o(i.sqrt) for sqrt
    pow.o(i.pow) refers to dmul.o(.text) for __aeabi_dmul
    pow.o(i.pow) refers to dscalb.o(.text) for __ARM_scalbn
    pow.o(i.pow) refers to dunder.o(i.__mathlib_dbl_underflow) for __mathlib_dbl_underflow
    pow.o(i.pow) refers to qnan.o(.constdata) for __mathlib_zero
    pow.o(i.pow) refers to poly.o(i.__kernel_poly) for __kernel_poly
    pow.o(i.pow) refers to dflti.o(.text) for __aeabi_i2d
    pow.o(i.pow) refers to cdrcmple.o(.text) for __aeabi_cdrcmple
    pow.o(i.pow) refers to pow.o(.constdata) for .constdata
    pow.o(i.pow) refers to fpclassify.o(i.__ARM_fpclassify) for __ARM_fpclassify
    pow.o(.constdata) refers (Special) to iusefp.o(.text) for __I$use$fp
    pow_x.o(i.____softfp_pow$lsc) refers (Special) to iusefp.o(.text) for __I$use$fp
    pow_x.o(i.____softfp_pow$lsc) refers to pow_x.o(i.__pow$lsc) for __pow$lsc
    pow_x.o(i.__pow$lsc) refers (Special) to iusefp.o(.text) for __I$use$fp
    pow_x.o(i.__pow$lsc) refers to dadd.o(.text) for __aeabi_dadd
    pow_x.o(i.__pow$lsc) refers to errno.o(i.__set_errno) for __set_errno
    pow_x.o(i.__pow$lsc) refers to ddiv.o(.text) for __aeabi_ddiv
    pow_x.o(i.__pow$lsc) refers to sqrt.o(i.sqrt) for sqrt
    pow_x.o(i.__pow$lsc) refers to dmul.o(.text) for __aeabi_dmul
    pow_x.o(i.__pow$lsc) refers to dflti.o(.text) for __aeabi_i2d
    pow_x.o(i.__pow$lsc) refers to dscalb.o(.text) for __ARM_scalbn
    pow_x.o(i.__pow$lsc) refers to qnan.o(.constdata) for __mathlib_zero
    pow_x.o(i.__pow$lsc) refers to pow_x.o(.constdata) for .constdata
    pow_x.o(i.__pow$lsc) refers to poly.o(i.__kernel_poly) for __kernel_poly
    pow_x.o(i.__pow$lsc) refers to cdrcmple.o(.text) for __aeabi_cdrcmple
    pow_x.o(.constdata) refers (Special) to iusefp.o(.text) for __I$use$fp
    entry.o(.ARM.Collect$$$$00000000) refers (Special) to entry10a.o(.ARM.Collect$$$$0000000D) for __rt_final_cpp
    entry.o(.ARM.Collect$$$$00000000) refers (Special) to entry11a.o(.ARM.Collect$$$$0000000F) for __rt_final_exit
    entry.o(.ARM.Collect$$$$00000000) refers (Special) to entry7b.o(.ARM.Collect$$$$00000008) for _main_clock
    entry.o(.ARM.Collect$$$$00000000) refers (Special) to entry8b.o(.ARM.Collect$$$$0000000A) for _main_cpp_init
    entry.o(.ARM.Collect$$$$00000000) refers (Special) to entry9a.o(.ARM.Collect$$$$0000000B) for _main_init
    entry.o(.ARM.Collect$$$$00000000) refers (Special) to entry5.o(.ARM.Collect$$$$00000004) for _main_scatterload
    entry.o(.ARM.Collect$$$$00000000) refers (Special) to entry2.o(.ARM.Collect$$$$00000001) for _main_stk
    dmul.o(.text) refers (Special) to iusefp.o(.text) for __I$use$fp
    dmul.o(.text) refers to depilogue.o(.text) for _double_epilogue
    dflti.o(.text) refers (Special) to iusefp.o(.text) for __I$use$fp
    dflti.o(.text) refers to depilogue.o(.text) for _double_epilogue
    dfixui.o(.text) refers (Special) to iusefp.o(.text) for __I$use$fp
    dfixui.o(.text) refers to llushr.o(.text) for __aeabi_llsr
    dunder.o(i.__mathlib_dbl_underflow) refers to dscalb.o(.text) for __ARM_scalbn
    fpclassify.o(i.__ARM_fpclassify) refers (Special) to iusefp.o(.text) for __I$use$fp
    poly.o(i.__kernel_poly) refers (Special) to iusefp.o(.text) for __I$use$fp
    poly.o(i.__kernel_poly) refers to dmul.o(.text) for __aeabi_dmul
    poly.o(i.__kernel_poly) refers to dadd.o(.text) for __aeabi_dadd
    qnan.o(.constdata) refers (Special) to iusefp.o(.text) for __I$use$fp
    sqrt.o(i.__softfp_sqrt) refers (Special) to iusefp.o(.text) for __I$use$fp
    sqrt.o(i.__softfp_sqrt) refers to dsqrt.o(.text) for _dsqrt
    sqrt.o(i.__softfp_sqrt) refers to errno.o(i.__set_errno) for __set_errno
    sqrt.o(i.sqrt) refers (Special) to iusefp.o(.text) for __I$use$fp
    sqrt.o(i.sqrt) refers to dsqrt.o(.text) for _dsqrt
    sqrt.o(i.sqrt) refers to errno.o(i.__set_errno) for __set_errno
    sqrt_x.o(i.____softfp_sqrt$lsc) refers (Special) to iusefp.o(.text) for __I$use$fp
    sqrt_x.o(i.____softfp_sqrt$lsc) refers to cdcmple.o(.text) for __aeabi_cdcmple
    sqrt_x.o(i.____softfp_sqrt$lsc) refers to errno.o(i.__set_errno) for __set_errno
    sqrt_x.o(i.____softfp_sqrt$lsc) refers to dsqrt.o(.text) for _dsqrt
    sqrt_x.o(i.__sqrt$lsc) refers (Special) to iusefp.o(.text) for __I$use$fp
    sqrt_x.o(i.__sqrt$lsc) refers to cdcmple.o(.text) for __aeabi_cdcmple
    sqrt_x.o(i.__sqrt$lsc) refers to errno.o(i.__set_errno) for __set_errno
    sqrt_x.o(i.__sqrt$lsc) refers to dsqrt.o(.text) for _dsqrt
    entry2.o(.ARM.Collect$$$$00000001) refers to entry2.o(.ARM.Collect$$$$00002712) for __lit__00000000
    entry2.o(.ARM.Collect$$$$00002712) refers to startup.o(STACK) for __initial_sp
    entry2.o(__vectab_stack_and_reset_area) refers to startup.o(STACK) for __initial_sp
    entry2.o(__vectab_stack_and_reset_area) refers to entry.o(.ARM.Collect$$$$00000000) for __main
    entry5.o(.ARM.Collect$$$$00000004) refers to init.o(.text) for __scatterload
    entry9a.o(.ARM.Collect$$$$0000000B) refers to lab2.o(i.main) for main
    entry9b.o(.ARM.Collect$$$$0000000C) refers to lab2.o(i.main) for main
    errno.o(i.__aeabi_errno_addr) refers to errno.o(.data) for .data
    errno.o(i.__read_errno) refers to errno.o(.data) for .data
    errno.o(i.__set_errno) refers to errno.o(.data) for .data
    depilogue.o(.text) refers to llshl.o(.text) for __aeabi_llsl
    depilogue.o(.text) refers to llushr.o(.text) for __aeabi_llsr
    dadd.o(.text) refers to llshl.o(.text) for __aeabi_llsl
    dadd.o(.text) refers to llsshr.o(.text) for __aeabi_lasr
    dadd.o(.text) refers to depilogue.o(.text) for _double_epilogue
    ddiv.o(.text) refers to depilogue.o(.text) for _double_round
    init.o(.text) refers to entry5.o(.ARM.Collect$$$$00000004) for __main_after_scatterload
    dsqrt.o(.text) refers to llushr.o(.text) for __aeabi_llsr
    dsqrt.o(.text) refers to depilogue.o(.text) for _double_round


==============================================================================

Removing Unused input sections from the image.

    Removing startup.o(HEAP), (0 bytes).
    Removing st7735.o(i.Output_Clear), (10 bytes).
    Removing st7735.o(i.Output_Color), (12 bytes).
    Removing st7735.o(i.Output_Off), (8 bytes).
    Removing st7735.o(i.Output_On), (8 bytes).
    Removing st7735.o(i.ST7735_Color565), (24 bytes).
    Removing st7735.o(i.ST7735_DrawBitmap), (288 bytes).
    Removing st7735.o(i.ST7735_DrawChar), (268 bytes).
    Removing st7735.o(i.ST7735_DrawCharS), (244 bytes).
    Removing st7735.o(i.ST7735_DrawFastHLine), (124 bytes).
    Removing st7735.o(i.ST7735_DrawFastVLine), (124 bytes).
    Removing st7735.o(i.ST7735_DrawPixel), (72 bytes).
    Removing st7735.o(i.ST7735_DrawString), (86 bytes).
    Removing st7735.o(i.ST7735_InitB), (40 bytes).
    Removing st7735.o(i.ST7735_InvertDisplay), (22 bytes).
    Removing st7735.o(i.ST7735_Message), (100 bytes).
    Removing st7735.o(i.ST7735_OutChar), (212 bytes).
    Removing st7735.o(i.ST7735_OutString), (24 bytes).
    Removing st7735.o(i.ST7735_OutUDec), (140 bytes).
    Removing st7735.o(i.ST7735_OutUDec4), (140 bytes).
    Removing st7735.o(i.ST7735_OutUDec5), (140 bytes).
    Removing st7735.o(i.ST7735_PlotBar), (88 bytes).
    Removing st7735.o(i.ST7735_PlotClear), (92 bytes).
    Removing st7735.o(i.ST7735_PlotLine), (264 bytes).
    Removing st7735.o(i.ST7735_PlotNext), (32 bytes).
    Removing st7735.o(i.ST7735_PlotNextErase), (64 bytes).
    Removing st7735.o(i.ST7735_PlotPoint), (152 bytes).
    Removing st7735.o(i.ST7735_PlotPoints), (172 bytes).
    Removing st7735.o(i.ST7735_PlotdBfs), (60 bytes).
    Removing st7735.o(i.ST7735_SetRotation), (212 bytes).
    Removing st7735.o(i.ST7735_SetTextColor), (12 bytes).
    Removing st7735.o(i.ST7735_SwapColor), (18 bytes).
    Removing st7735.o(i.ferror), (8 bytes).
    Removing st7735.o(i.fgetc), (6 bytes).
    Removing st7735.o(i.fillmessage), (72 bytes).
    Removing st7735.o(i.fillmessage4), (100 bytes).
    Removing st7735.o(i.fillmessage5), (128 bytes).
    Removing st7735.o(i.fputc), (16 bytes).
    Removing st7735.o(i.pushColor), (18 bytes).
    Removing board.o(i.Board_Init), (100 bytes).
    Removing board.o(i.Board_Input), (12 bytes).
    Removing board.o(i.Board_Output), (12 bytes).
    Removing adcswtrigger.o(i.ADC0_InSeq3), (44 bytes).
    Removing adcswtrigger.o(i.ADC0_InitSWTriggerSeq2), (1076 bytes).
    Removing adcswtrigger.o(i.ADC0_InitSWTriggerSeq3), (1032 bytes).
    Removing adcswtrigger.o(i.ADC0_InitSWTriggerSeq3_Ch9), (236 bytes).
    Removing adcswtrigger.o(i.ADC2millimeter), (32 bytes).
    Removing adcswtrigger.o(i.ADC_In3210), (76 bytes).
    Removing adcswtrigger.o(i.ADC_In89), (56 bytes).
    Removing adcswtrigger.o(i.ADC_Init3210), (228 bytes).
    Removing adcswtrigger.o(i.ADC_Init89), (224 bytes).
    Removing timer.o(i.Cycles2milliInch), (20 bytes).
    Removing timer.o(i.Cycles2millimeter), (20 bytes).
    Removing timer.o(i.DelayWait10us), (22 bytes).
    Removing timer.o(i.DelayWait5us), (22 bytes).
    Removing timer.o(i.Timer0_Init), (272 bytes).
    Removing timer.o(i.Timer0_Read), (24 bytes).
    Removing timer.o(i.Timer0_StartHCSR04), (56 bytes).
    Removing timer.o(i.Timer0_StartPing), (144 bytes).
    Removing timer.o(i.Timer1_Init), (272 bytes).
    Removing timer.o(i.Timer1_Read), (24 bytes).
    Removing timer.o(i.Timer1_StartHCSR04), (52 bytes).
    Removing timer.o(i.Timer1_StartPing), (136 bytes).
    Removing timer.o(i.Timer2_Init), (88 bytes).
    Removing timer.o(i.Timer3_Init), (272 bytes).
    Removing timer.o(i.Timer3_Read), (24 bytes).
    Removing timer.o(i.Timer3_StartHCSR04), (48 bytes).
    Removing timer.o(i.Timer3_StartPing), (136 bytes).
    Removing adc.o(i.ADC_Collect), (56 bytes).
    Removing adc.o(i.ADC_Collect_old), (76 bytes).
    Removing adc.o(i.ADC_Open), (36 bytes).
    Removing adc.o(i.ADC_Status), (12 bytes).
    Removing adc.o(i.dummy), (2 bytes).
    Removing cmdline.o(i.CmdLineProcess), (148 bytes).
    Removing cmdline.o(i.adcCall), (628 bytes).
    Removing cmdline.o(i.lcdCall), (288 bytes).
    Removing cmdline.o(i.osCall), (524 bytes).
    Removing cmdline.o(i.parseNumber), (100 bytes).
    Removing cmdline.o(.bss), (36 bytes).
    Removing cmdline.o(.conststring), (11 bytes).
    Removing cmdline.o(.data), (108 bytes).
    Removing os.o(i.ContextSwitch), (16 bytes).
    Removing os.o(i.Jitter), (56 bytes).
    Removing os.o(i.OS_AddSW1Task), (52 bytes).
    Removing os.o(i.OS_AddSW2Task), (52 bytes).
    Removing os.o(i.OS_ClearCriticalTime), (4 bytes).
    Removing os.o(i.OS_ClearMsTime), (12 bytes).
    Removing os.o(i.OS_ClearPeriodicTime), (12 bytes).
    Removing os.o(i.OS_Fifo_Get), (88 bytes).
    Removing os.o(i.OS_Fifo_Init), (60 bytes).
    Removing os.o(i.OS_Fifo_Put), (80 bytes).
    Removing os.o(i.OS_Fifo_Size), (68 bytes).
    Removing os.o(i.OS_GetProfilerAndReset), (4 bytes).
    Removing os.o(i.OS_Id), (16 bytes).
    Removing os.o(i.OS_MailBox_Init), (28 bytes).
    Removing os.o(i.OS_MailBox_Recv), (36 bytes).
    Removing os.o(i.OS_MailBox_Send), (36 bytes).
    Removing os.o(i.OS_MsTime), (12 bytes).
    Removing os.o(i.OS_ReadCriticalPercentage), (4 bytes).
    Removing os.o(i.OS_ReadCriticalTime), (4 bytes).
    Removing os.o(i.OS_ReadPeriodicTime), (12 bytes).
    Removing os.o(i.OS_Yield), (8 bytes).
    Removing os.o(i.OS_bSignal), (100 bytes).
    Removing os.o(i.OS_bWait), (92 bytes).
    Removing os.o(i.OS_pendSVTrigger), (32 bytes).
    Removing os.o(i.add_thread), (52 bytes).
    Removing os.o(i.dummy1), (4 bytes).
    Removing os.o(i.find_next), (60 bytes).
    Removing os.o(i.find_prev), (64 bytes).
    Removing os.o(i.portFDisable), (28 bytes).
    Removing os.o(i.portFEnable), (28 bytes).
    Removing os.o(.constdata), (4 bytes).
    Removing uart.o(i.OutCRLF), (16 bytes).
    Removing uart.o(i.RxFifo_Get), (60 bytes).
    Removing uart.o(i.UART_InChar), (20 bytes).
    Removing uart.o(i.UART_InString), (70 bytes).
    Removing uart.o(i.UART_InUDec), (76 bytes).
    Removing uart.o(i.UART_InUHex), (108 bytes).
    Removing uart.o(i.UART_OutUHex), (52 bytes).
    Removing lab2.o(i.BackgroundThread1c), (28 bytes).
    Removing lab2.o(i.BackgroundThread1d), (56 bytes).
    Removing lab2.o(i.BackgroundThread5c), (48 bytes).
    Removing lab2.o(i.BackgroundThread5d), (32 bytes).
    Removing lab2.o(i.BackgroundThread8Producer), (44 bytes).
    Removing lab2.o(i.ButtonWork), (196 bytes).
    Removing lab2.o(i.Consumer), (148 bytes).
    Removing lab2.o(i.ConsumerThread8), (76 bytes).
    Removing lab2.o(i.DAS), (92 bytes).
    Removing lab2.o(i.Display), (108 bytes).
    Removing lab2.o(i.FillerThread8), (24 bytes).
    Removing lab2.o(i.Filter), (200 bytes).
    Removing lab2.o(i.Interpreter), (60 bytes).
    Removing lab2.o(i.PID), (124 bytes).
    Removing lab2.o(i.Producer), (52 bytes).
    Removing lab2.o(i.PseudoWork), (32 bytes).
    Removing lab2.o(i.SW1Push), (48 bytes).
    Removing lab2.o(i.SW2Push), (48 bytes).
    Removing lab2.o(i.TaskA), (44 bytes).
    Removing lab2.o(i.TaskB), (44 bytes).
    Removing lab2.o(i.Testmain1), (108 bytes).
    Removing lab2.o(i.Testmain2), (124 bytes).
    Removing lab2.o(i.Testmain3), (116 bytes).
    Removing lab2.o(i.Testmain4), (140 bytes).
    Removing lab2.o(i.Testmain5), (116 bytes).
    Removing lab2.o(i.Testmain7), (56 bytes).
    Removing lab2.o(i.Testmain8), (136 bytes).
    Removing lab2.o(i.Thread1), (44 bytes).
    Removing lab2.o(i.Thread1b), (40 bytes).
    Removing lab2.o(i.Thread2), (44 bytes).
    Removing lab2.o(i.Thread2b), (40 bytes).
    Removing lab2.o(i.Thread2c), (104 bytes).
    Removing lab2.o(i.Thread2d), (52 bytes).
    Removing lab2.o(i.Thread3), (44 bytes).
    Removing lab2.o(i.Thread3b), (40 bytes).
    Removing lab2.o(i.Thread3c), (24 bytes).
    Removing lab2.o(i.Thread3d), (24 bytes).
    Removing lab2.o(i.Thread4c), (44 bytes).
    Removing lab2.o(i.Thread4d), (40 bytes).
    Removing lab2.o(i.Thread5c), (60 bytes).
    Removing lab2.o(i.Thread7), (80 bytes).
    Removing lab2.o(i.Thread8), (20 bytes).
    Removing lab2.o(i.realmain), (188 bytes).
    Removing lab2.o(i.taskTest), (20 bytes).
    Removing pid_stm32.o(.text), (72 bytes).
    Removing cr4_fft_1024_stm32.o(.text), (4576 bytes).
    Removing cr4_fft_256_stm32.o(.text), (1502 bytes).
    Removing cr4_fft_64_stm32.o(.text), (718 bytes).
    Removing edgetriggered.o(i.Timer5Arm), (28 bytes).
    Removing linkedlist.o(i.linkThread), (48 bytes).
    Removing linkedlist.o(i.unlinkThread), (32 bytes).
    Removing dmul.o(.text), (228 bytes).
    Removing dflti.o(.text), (34 bytes).
    Removing dfixui.o(.text), (50 bytes).
    Removing depilogue.o(.text), (190 bytes).
    Removing dadd.o(.text), (334 bytes).
    Removing ddiv.o(.text), (222 bytes).
    Removing dscalb.o(.text), (46 bytes).
    Removing cdrcmple.o(.text), (40 bytes).
    Removing dsqrt.o(.text), (162 bytes).
    Removing cdcmple.o(.text), (40 bytes).

180 unused section(s) (total 23441 bytes) removed from the image.

==============================================================================

Image Symbol Table

    Local Symbols

    Symbol Name                              Value     Ov Type        Size  Object(Section)

    RESET                                    0x00000000   Section      644  startup.o(RESET)
    ../clib/../cmprslib/zerorunl.c           0x00000000   Number         0  __dczerorl.o ABSOLUTE
    ../clib/microlib/errno.c                 0x00000000   Number         0  errno.o ABSOLUTE
    ../clib/microlib/init/entry.s            0x00000000   Number         0  entry.o ABSOLUTE
    ../clib/microlib/init/entry.s            0x00000000   Number         0  entry2.o ABSOLUTE
    ../clib/microlib/init/entry.s            0x00000000   Number         0  entry7a.o ABSOLUTE
    ../clib/microlib/init/entry.s            0x00000000   Number         0  entry7b.o ABSOLUTE
    ../clib/microlib/init/entry.s            0x00000000   Number         0  entry8a.o ABSOLUTE
    ../clib/microlib/init/entry.s            0x00000000   Number         0  entry8b.o ABSOLUTE
    ../clib/microlib/init/entry.s            0x00000000   Number         0  entry9a.o ABSOLUTE
    ../clib/microlib/init/entry.s            0x00000000   Number         0  entry5.o ABSOLUTE
    ../clib/microlib/init/entry.s            0x00000000   Number         0  entry9b.o ABSOLUTE
    ../clib/microlib/init/entry.s            0x00000000   Number         0  entry10a.o ABSOLUTE
    ../clib/microlib/init/entry.s            0x00000000   Number         0  entry10b.o ABSOLUTE
    ../clib/microlib/init/entry.s            0x00000000   Number         0  entry11a.o ABSOLUTE
    ../clib/microlib/init/entry.s            0x00000000   Number         0  entry11b.o ABSOLUTE
    ../clib/microlib/longlong.c              0x00000000   Number         0  llsshr.o ABSOLUTE
    ../clib/microlib/longlong.c              0x00000000   Number         0  llshl.o ABSOLUTE
    ../clib/microlib/longlong.c              0x00000000   Number         0  llushr.o ABSOLUTE
    ../clib/microlib/string/strcmp.c         0x00000000   Number         0  strcmp.o ABSOLUTE
    ../clib/microlib/string/strlen.c         0x00000000   Number         0  strlen.o ABSOLUTE
    ../clib/microlib/string/strncmp.c        0x00000000   Number         0  strncmp.o ABSOLUTE
    ../clib/microlib/stubs.s                 0x00000000   Number         0  iusefp.o ABSOLUTE
    ../fplib/microlib/fpadd.c                0x00000000   Number         0  dadd.o ABSOLUTE
    ../fplib/microlib/fpdiv.c                0x00000000   Number         0  ddiv.o ABSOLUTE
    ../fplib/microlib/fpepilogue.c           0x00000000   Number         0  depilogue.o ABSOLUTE
    ../fplib/microlib/fpfix.c                0x00000000   Number         0  dfixui.o ABSOLUTE
    ../fplib/microlib/fpflt.c                0x00000000   Number         0  dflti.o ABSOLUTE
    ../fplib/microlib/fpmul.c                0x00000000   Number         0  dmul.o ABSOLUTE
    ../fplib/microlib/fpscalb.c              0x00000000   Number         0  dscalb.o ABSOLUTE
    ../fplib/microlib/fpsqrt.c               0x00000000   Number         0  dsqrt.o ABSOLUTE
    ../mathlib/dunder.c                      0x00000000   Number         0  dunder.o ABSOLUTE
    ../mathlib/fpclassify.c                  0x00000000   Number         0  fpclassify.o ABSOLUTE
    ../mathlib/poly.c                        0x00000000   Number         0  poly.o ABSOLUTE
    ../mathlib/pow.c                         0x00000000   Number         0  pow_x.o ABSOLUTE
    ../mathlib/pow.c                         0x00000000   Number         0  pow.o ABSOLUTE
    ../mathlib/qnan.c                        0x00000000   Number         0  qnan.o ABSOLUTE
    ../mathlib/sqrt.c                        0x00000000   Number         0  sqrt_x.o ABSOLUTE
    ../mathlib/sqrt.c                        0x00000000   Number         0  sqrt.o ABSOLUTE
    ADC.c                                    0x00000000   Number         0  adc.o ABSOLUTE
    ADCSWTrigger.c                           0x00000000   Number         0  adcswtrigger.o ABSOLUTE
    EdgeTriggered.c                          0x00000000   Number         0  edgetriggered.o ABSOLUTE
    Lab2.c                                   0x00000000   Number         0  lab2.o ABSOLUTE
    LinkedList.c                             0x00000000   Number         0  linkedlist.o ABSOLUTE
    OS.c                                     0x00000000   Number         0  os.o ABSOLUTE
    OSasm.s                                  0x00000000   Number         0  osasm.o ABSOLUTE
    PID_stm32.s                              0x00000000   Number         0  pid_stm32.o ABSOLUTE
    PLL.c                                    0x00000000   Number         0  pll.o ABSOLUTE
    ST7735.c                                 0x00000000   Number         0  st7735.o ABSOLUTE
    Timer.c                                  0x00000000   Number         0  timer.o ABSOLUTE
    UART.c                                   0x00000000   Number         0  uart.o ABSOLUTE
    board.c                                  0x00000000   Number         0  board.o ABSOLUTE
    cdcmple.s                                0x00000000   Number         0  cdcmple.o ABSOLUTE
    cdrcmple.s                               0x00000000   Number         0  cdrcmple.o ABSOLUTE
    cmdline.c                                0x00000000   Number         0  cmdline.o ABSOLUTE
    cr4_fft_1024_stm32.s                     0x00000000   Number         0  cr4_fft_1024_stm32.o ABSOLUTE
    cr4_fft_256_stm32.s                      0x00000000   Number         0  cr4_fft_256_stm32.o ABSOLUTE
    cr4_fft_64_stm32.s                       0x00000000   Number         0  cr4_fft_64_stm32.o ABSOLUTE
    dc.s                                     0x00000000   Number         0  dc.o ABSOLUTE
    handlers.s                               0x00000000   Number         0  handlers.o ABSOLUTE
    init.s                                   0x00000000   Number         0  init.o ABSOLUTE
    startup.s                                0x00000000   Number         0  startup.o ABSOLUTE
    .ARM.Collect$$$$00000000                 0x00000284   Section        0  entry.o(.ARM.Collect$$$$00000000)
    .ARM.Collect$$$$00000001                 0x00000284   Section        4  entry2.o(.ARM.Collect$$$$00000001)
    .ARM.Collect$$$$00000004                 0x00000288   Section        4  entry5.o(.ARM.Collect$$$$00000004)
    .ARM.Collect$$$$00000008                 0x0000028c   Section        0  entry7b.o(.ARM.Collect$$$$00000008)
    .ARM.Collect$$$$0000000A                 0x0000028c   Section        0  entry8b.o(.ARM.Collect$$$$0000000A)
    .ARM.Collect$$$$0000000B                 0x0000028c   Section        8  entry9a.o(.ARM.Collect$$$$0000000B)
    .ARM.Collect$$$$0000000D                 0x00000294   Section        0  entry10a.o(.ARM.Collect$$$$0000000D)
    .ARM.Collect$$$$0000000F                 0x00000294   Section        0  entry11a.o(.ARM.Collect$$$$0000000F)
    .ARM.Collect$$$$00002712                 0x00000294   Section        4  entry2.o(.ARM.Collect$$$$00002712)
    __lit__00000000                          0x00000294   Data           4  entry2.o(.ARM.Collect$$$$00002712)
    .text                                    0x00000298   Section       28  startup.o(.text)
    .text                                    0x000002b4   Section       88  osasm.o(.text)
    .text                                    0x0000030c   Section       36  init.o(.text)
    .text                                    0x00000330   Section        0  __dczerorl.o(.text)
    i.ADC0Seq2_Handler                       0x0000036c   Section        0  adc.o(i.ADC0Seq2_Handler)
    i.ADC_In                                 0x00000390   Section        0  adc.o(i.ADC_In)
    i.Delay1ms                               0x000003dc   Section        0  st7735.o(i.Delay1ms)
    i.EdgeCounter_PF4_Init                   0x000003fc   Section        0  edgetriggered.o(i.EdgeCounter_PF4_Init)
    i.GPIOPortF_Handler                      0x00000494   Section        0  os.o(i.GPIOPortF_Handler)
    i.OS_AddPeriodicThread                   0x000004f8   Section        0  os.o(i.OS_AddPeriodicThread)
    i.OS_AddThread                           0x000005f0   Section        0  os.o(i.OS_AddThread)
    i.OS_AddThreadPri                        0x000006d0   Section        0  os.o(i.OS_AddThreadPri)
    i.OS_Init                                0x00000728   Section        0  os.o(i.OS_Init)
    i.OS_InitSemaphore                       0x000007f8   Section        0  os.o(i.OS_InitSemaphore)
    i.OS_Kill                                0x00000804   Section        0  os.o(i.OS_Kill)
    i.OS_Launch                              0x00000850   Section        0  os.o(i.OS_Launch)
    i.OS_SelectNextThread                    0x00000874   Section        0  os.o(i.OS_SelectNextThread)
    i.OS_Signal                              0x00000904   Section        0  os.o(i.OS_Signal)
    i.OS_Sleep                               0x00000968   Section        0  os.o(i.OS_Sleep)
    i.OS_Suspend                             0x000009b4   Section        0  os.o(i.OS_Suspend)
    i.OS_Time                                0x000009cc   Section        0  os.o(i.OS_Time)
    i.OS_TimeDifference                      0x000009d8   Section        0  os.o(i.OS_TimeDifference)
    i.OS_Wait                                0x000009e4   Section        0  os.o(i.OS_Wait)
    i.OutputThread                           0x00000a40   Section        0  lab2.o(i.OutputThread)
    i.Output_Init                            0x00000b1c   Section        0  st7735.o(i.Output_Init)
    i.PLL_Init                               0x00000b38   Section        0  pll.o(i.PLL_Init)
    i.PortE_Init                             0x00000bb4   Section        0  lab2.o(i.PortE_Init)
    i.RxFifo_Init                            0x00000c1c   Section        0  uart.o(i.RxFifo_Init)
    i.RxFifo_Put                             0x00000c40   Section        0  uart.o(i.RxFifo_Put)
    i.RxFifo_Size                            0x00000c7c   Section        0  uart.o(i.RxFifo_Size)
    i.ST7735_FillRect                        0x00000c94   Section        0  st7735.o(i.ST7735_FillRect)
    i.ST7735_FillScreen                      0x00000d40   Section        0  st7735.o(i.ST7735_FillScreen)
    i.ST7735_InitR                           0x00000d64   Section        0  st7735.o(i.ST7735_InitR)
    i.ST7735_SetCursor                       0x00000de0   Section        0  st7735.o(i.ST7735_SetCursor)
    i.SW1Task                                0x00000e00   Section        0  os.o(i.SW1Task)
    i.SW2Task                                0x00000e60   Section        0  os.o(i.SW2Task)
    i.SetInitialStack                        0x00000ec4   Section        0  os.o(i.SetInitialStack)
    i.Signal1                                0x00001014   Section        0  lab2.o(i.Signal1)
    i.Signal2                                0x0000103c   Section        0  lab2.o(i.Signal2)
    i.Signal3                                0x00001064   Section        0  lab2.o(i.Signal3)
    i.SysTick_Handler                        0x00001094   Section        0  os.o(i.SysTick_Handler)
    i.Thread6                                0x000010a8   Section        0  lab2.o(i.Thread6)
    i.Timer0A_Handler                        0x000010d0   Section        0  timer.o(i.Timer0A_Handler)
    i.Timer1A_Handler                        0x00001118   Section        0  timer.o(i.Timer1A_Handler)
    i.Timer2A_Handler                        0x00001160   Section        0  adc.o(i.Timer2A_Handler)
    i.Timer3A_Handler                        0x000011b4   Section        0  timer.o(i.Timer3A_Handler)
    i.Timer4A_Handler                        0x000011fc   Section        0  os.o(i.Timer4A_Handler)
    i.Timer4A_Init                           0x00001298   Section        0  os.o(i.Timer4A_Init)
    i.Timer5A_Handler                        0x000012cc   Section        0  os.o(i.Timer5A_Handler)
    i.Timer5_Init                            0x0000136c   Section        0  os.o(i.Timer5_Init)
    i.TxFifo_Get                             0x000013ac   Section        0  uart.o(i.TxFifo_Get)
    i.TxFifo_Init                            0x000013e8   Section        0  uart.o(i.TxFifo_Init)
    i.TxFifo_Put                             0x0000140c   Section        0  uart.o(i.TxFifo_Put)
    i.TxFifo_Size                            0x00001448   Section        0  uart.o(i.TxFifo_Size)
    i.UART0_Handler                          0x00001460   Section        0  uart.o(i.UART0_Handler)
    i.UART_Init                              0x000014b8   Section        0  uart.o(i.UART_Init)
    i.UART_OutChar                           0x00001584   Section        0  uart.o(i.UART_OutChar)
    i.UART_OutString                         0x000015b8   Section        0  uart.o(i.UART_OutString)
    i.UART_OutUDec                           0x000015d0   Section        0  uart.o(i.UART_OutUDec)
    i.WTimer0A_Init                          0x000015fc   Section        0  os.o(i.WTimer0A_Init)
    i.WTimer4A_Init                          0x00001674   Section        0  os.o(i.WTimer4A_Init)
    i.WTimer5A_Init                          0x000016dc   Section        0  os.o(i.WTimer5A_Init)
    i.Wait1                                  0x0000173c   Section        0  lab2.o(i.Wait1)
    i.Wait2                                  0x00001758   Section        0  lab2.o(i.Wait2)
    i.Wait3                                  0x00001774   Section        0  lab2.o(i.Wait3)
    i.WideTimer0A_Handler                    0x00001790   Section        0  os.o(i.WideTimer0A_Handler)
    i.WideTimer4A_Handler                    0x00001800   Section        0  os.o(i.WideTimer4A_Handler)
    i.__scatterload_copy                     0x00001820   Section       14  handlers.o(i.__scatterload_copy)
    i.__scatterload_null                     0x0000182e   Section        2  handlers.o(i.__scatterload_null)
    i.__scatterload_zeroinit                 0x00001830   Section       14  handlers.o(i.__scatterload_zeroinit)
    i.add                                    0x00001840   Section        0  lab2.o(i.add)
    i.addToList                              0x00001854   Section        0  linkedlist.o(i.addToList)
    i.commandList                            0x00001874   Section        0  st7735.o(i.commandList)
    commandList                              0x00001875   Thumb Code    86  st7735.o(i.commandList)
    i.commonInit                             0x000018cc   Section        0  st7735.o(i.commonInit)
    commonInit                               0x000018cd   Thumb Code   340  st7735.o(i.commonInit)
    i.copyHardwareToSoftware                 0x00001a50   Section        0  uart.o(i.copyHardwareToSoftware)
    copyHardwareToSoftware                   0x00001a51   Thumb Code    36  uart.o(i.copyHardwareToSoftware)
    i.copySoftwareToHardware                 0x00001a78   Section        0  uart.o(i.copySoftwareToHardware)
    copySoftwareToHardware                   0x00001a79   Thumb Code    38  uart.o(i.copySoftwareToHardware)
    i.main                                   0x00001aa4   Section        0  lab2.o(i.main)
    i.removeFromList                         0x00001bc0   Section        0  linkedlist.o(i.removeFromList)
    i.removeThreadPri                        0x00001be4   Section        0  os.o(i.removeThreadPri)
    i.setAddrWindow                          0x00001c2c   Section        0  st7735.o(i.setAddrWindow)
    setAddrWindow                            0x00001c2d   Thumb Code   106  st7735.o(i.setAddrWindow)
    i.writecommand                           0x00001ca0   Section        0  st7735.o(i.writecommand)
    writecommand                             0x00001ca1   Thumb Code    40  st7735.o(i.writecommand)
    i.writedata                              0x00001cd0   Section        0  st7735.o(i.writedata)
    writedata                                0x00001cd1   Thumb Code    24  st7735.o(i.writedata)
    .constdata                               0x00001cf0   Section     2018  st7735.o(.constdata)
    Font                                     0x00001cf0   Data        1275  st7735.o(.constdata)
    Bcmd                                     0x000021eb   Data         103  st7735.o(.constdata)
    Rcmd1                                    0x00002252   Data          59  st7735.o(.constdata)
    Rcmd2green                               0x0000228d   Data          13  st7735.o(.constdata)
    Rcmd2red                                 0x0000229a   Data          13  st7735.o(.constdata)
    Rcmd3                                    0x000022a7   Data          43  st7735.o(.constdata)
    .data                                    0x20000000   Section       44  st7735.o(.data)
    _width                                   0x2000000a   Data           2  st7735.o(.data)
    _height                                  0x2000000c   Data           2  st7735.o(.data)
    ColStart                                 0x20000014   Data           1  st7735.o(.data)
    RowStart                                 0x20000015   Data           1  st7735.o(.data)
    Rotation                                 0x20000016   Data           1  st7735.o(.data)
    TabColor                                 0x20000017   Data           1  st7735.o(.data)
    .data                                    0x2000002c   Section       40  timer.o(.data)
    .data                                    0x20000054   Section       28  adc.o(.data)
    .data                                    0x20000070   Section      140  os.o(.data)
    num_threads                              0x20000070   Data           4  os.o(.data)
    LastTime                                 0x20000094   Data           4  os.o(.data)
    LastTime                                 0x20000098   Data           4  os.o(.data)
    Last                                     0x200000ac   Data           4  os.o(.data)
    Release                                  0x200000b0   Data           4  os.o(.data)
    .data                                    0x200000fc   Section       16  uart.o(.data)
    .data                                    0x2000010c   Section      124  lab2.o(.data)
    n                                        0x2000010c   Data           4  lab2.o(.data)
    i                                        0x20000110   Data           4  lab2.o(.data)
    result                                   0x20000114   Data           4  lab2.o(.data)
    .bss                                     0x20000188   Section       24  st7735.o(.bss)
    .bss                                     0x200001a0   Section     5376  os.o(.bss)
    OS_Fifo                                  0x20001488   Data         500  os.o(.bss)
    .bss                                     0x200016a0   Section       32  uart.o(.bss)
    RxFifo                                   0x200016a0   Data          16  uart.o(.bss)
    TxFifo                                   0x200016b0   Data          16  uart.o(.bss)
    .bss                                     0x200016c0   Section      596  lab2.o(.bss)
    x                                        0x200016c0   Data          24  lab2.o(.bss)
    y                                        0x200016d8   Data          24  lab2.o(.bss)
    STACK                                    0x20001918   Section     1024  startup.o(STACK)
    StackMem                                 0x20001918   Data           0  startup.o(STACK)

    Global Symbols

    Symbol Name                              Value     Ov Type        Size  Object(Section)

    BuildAttributes$$THM_ISAv4$E$P$D$K$B$S$7EM$PE$A:L22UL41UL21$X:L11$S22US41US21$IEEE1$IW$USESV6$~STKCKD$USESV7$~SHL$OTIME$ROPI$IEEEX$EBA8$MICROLIB$REQ8$PRES8$EABIv2 0x00000000   Number         0  anon$$obj.o ABSOLUTE
    __ARM_use_no_argv                        0x00000000   Number         0  lab2.o ABSOLUTE
    __Vectors                                0x00000000   Data           0  startup.o(RESET)
    __cpp_initialize__aeabi_                  - Undefined Weak Reference
    __cxa_finalize                            - Undefined Weak Reference
    _clock_init                               - Undefined Weak Reference
    _microlib_exit                            - Undefined Weak Reference
    Reset_Handler                            0x0000026d   Thumb Code     0  startup.o(RESET)
    NMI_Handler                              0x00000271   Thumb Code     2  startup.o(RESET)
    HardFault_Handler                        0x00000273   Thumb Code     2  startup.o(RESET)
    MemManage_Handler                        0x00000275   Thumb Code     2  startup.o(RESET)
    BusFault_Handler                         0x00000277   Thumb Code     2  startup.o(RESET)
    UsageFault_Handler                       0x00000279   Thumb Code     2  startup.o(RESET)
    SVC_Handler                              0x0000027b   Thumb Code     2  startup.o(RESET)
    DebugMon_Handler                         0x0000027d   Thumb Code     2  startup.o(RESET)
    ADC0Seq0_Handler                         0x00000283   Thumb Code     0  startup.o(RESET)
    ADC0Seq1_Handler                         0x00000283   Thumb Code     0  startup.o(RESET)
    ADC0Seq3_Handler                         0x00000283   Thumb Code     0  startup.o(RESET)
    ADC1Seq0_Handler                         0x00000283   Thumb Code     0  startup.o(RESET)
    ADC1Seq1_Handler                         0x00000283   Thumb Code     0  startup.o(RESET)
    ADC1Seq2_Handler                         0x00000283   Thumb Code     0  startup.o(RESET)
    ADC1Seq3_Handler                         0x00000283   Thumb Code     0  startup.o(RESET)
    CAN0_Handler                             0x00000283   Thumb Code     0  startup.o(RESET)
    CAN1_Handler                             0x00000283   Thumb Code     0  startup.o(RESET)
    CAN2_Handler                             0x00000283   Thumb Code     0  startup.o(RESET)
    Comp0_Handler                            0x00000283   Thumb Code     0  startup.o(RESET)
    Comp1_Handler                            0x00000283   Thumb Code     0  startup.o(RESET)
    Comp2_Handler                            0x00000283   Thumb Code     0  startup.o(RESET)
    Ethernet_Handler                         0x00000283   Thumb Code     0  startup.o(RESET)
    ExtBus_Handler                           0x00000283   Thumb Code     0  startup.o(RESET)
    FPU_Handler                              0x00000283   Thumb Code     0  startup.o(RESET)
    Fan0_Handler                             0x00000283   Thumb Code     0  startup.o(RESET)
    FlashCtl_Handler                         0x00000283   Thumb Code     0  startup.o(RESET)
    GPIOPortA_Handler                        0x00000283   Thumb Code     0  startup.o(RESET)
    GPIOPortB_Handler                        0x00000283   Thumb Code     0  startup.o(RESET)
    GPIOPortC_Handler                        0x00000283   Thumb Code     0  startup.o(RESET)
    GPIOPortD_Handler                        0x00000283   Thumb Code     0  startup.o(RESET)
    GPIOPortE_Handler                        0x00000283   Thumb Code     0  startup.o(RESET)
    GPIOPortG_Handler                        0x00000283   Thumb Code     0  startup.o(RESET)
    GPIOPortH_Handler                        0x00000283   Thumb Code     0  startup.o(RESET)
    GPIOPortJ_Handler                        0x00000283   Thumb Code     0  startup.o(RESET)
    GPIOPortK_Handler                        0x00000283   Thumb Code     0  startup.o(RESET)
    GPIOPortL_Handler                        0x00000283   Thumb Code     0  startup.o(RESET)
    GPIOPortM_Handler                        0x00000283   Thumb Code     0  startup.o(RESET)
    GPIOPortN_Handler                        0x00000283   Thumb Code     0  startup.o(RESET)
    GPIOPortP1_Handler                       0x00000283   Thumb Code     0  startup.o(RESET)
    GPIOPortP2_Handler                       0x00000283   Thumb Code     0  startup.o(RESET)
    GPIOPortP3_Handler                       0x00000283   Thumb Code     0  startup.o(RESET)
    GPIOPortP4_Handler                       0x00000283   Thumb Code     0  startup.o(RESET)
    GPIOPortP5_Handler                       0x00000283   Thumb Code     0  startup.o(RESET)
    GPIOPortP6_Handler                       0x00000283   Thumb Code     0  startup.o(RESET)
    GPIOPortP7_Handler                       0x00000283   Thumb Code     0  startup.o(RESET)
    GPIOPortP_Handler                        0x00000283   Thumb Code     0  startup.o(RESET)
    GPIOPortQ1_Handler                       0x00000283   Thumb Code     0  startup.o(RESET)
    GPIOPortQ2_Handler                       0x00000283   Thumb Code     0  startup.o(RESET)
    GPIOPortQ3_Handler                       0x00000283   Thumb Code     0  startup.o(RESET)
    GPIOPortQ4_Handler                       0x00000283   Thumb Code     0  startup.o(RESET)
    GPIOPortQ5_Handler                       0x00000283   Thumb Code     0  startup.o(RESET)
    GPIOPortQ6_Handler                       0x00000283   Thumb Code     0  startup.o(RESET)
    GPIOPortQ7_Handler                       0x00000283   Thumb Code     0  startup.o(RESET)
    GPIOPortQ_Handler                        0x00000283   Thumb Code     0  startup.o(RESET)
    GPIOPortR_Handler                        0x00000283   Thumb Code     0  startup.o(RESET)
    GPIOPortS_Handler                        0x00000283   Thumb Code     0  startup.o(RESET)
    Hibernate_Handler                        0x00000283   Thumb Code     0  startup.o(RESET)
    I2C0_Handler                             0x00000283   Thumb Code     0  startup.o(RESET)
    I2C1_Handler                             0x00000283   Thumb Code     0  startup.o(RESET)
    I2C2_Handler                             0x00000283   Thumb Code     0  startup.o(RESET)
    I2C3_Handler                             0x00000283   Thumb Code     0  startup.o(RESET)
    I2C4_Handler                             0x00000283   Thumb Code     0  startup.o(RESET)
    I2C5_Handler                             0x00000283   Thumb Code     0  startup.o(RESET)
    I2S0_Handler                             0x00000283   Thumb Code     0  startup.o(RESET)
    LPC0_Handler                             0x00000283   Thumb Code     0  startup.o(RESET)
    PECI0_Handler                            0x00000283   Thumb Code     0  startup.o(RESET)
    PWM0Fault_Handler                        0x00000283   Thumb Code     0  startup.o(RESET)
    PWM0Generator0_Handler                   0x00000283   Thumb Code     0  startup.o(RESET)
    PWM0Generator1_Handler                   0x00000283   Thumb Code     0  startup.o(RESET)
    PWM0Generator2_Handler                   0x00000283   Thumb Code     0  startup.o(RESET)
    PWM0Generator3_Handler                   0x00000283   Thumb Code     0  startup.o(RESET)
    PWM1Fault_Handler                        0x00000283   Thumb Code     0  startup.o(RESET)
    PWM1Generator0_Handler                   0x00000283   Thumb Code     0  startup.o(RESET)
    PWM1Generator1_Handler                   0x00000283   Thumb Code     0  startup.o(RESET)
    PWM1Generator2_Handler                   0x00000283   Thumb Code     0  startup.o(RESET)
    PWM1Generator3_Handler                   0x00000283   Thumb Code     0  startup.o(RESET)
    Quadrature0_Handler                      0x00000283   Thumb Code     0  startup.o(RESET)
    Quadrature1_Handler                      0x00000283   Thumb Code     0  startup.o(RESET)
    Quadrature2_Handler                      0x00000283   Thumb Code     0  startup.o(RESET)
    SSI0_Handler                             0x00000283   Thumb Code     0  startup.o(RESET)
    SSI1_Handler                             0x00000283   Thumb Code     0  startup.o(RESET)
    SSI2_Handler                             0x00000283   Thumb Code     0  startup.o(RESET)
    SSI3_Handler                             0x00000283   Thumb Code     0  startup.o(RESET)
    SysCtl_Handler                           0x00000283   Thumb Code     0  startup.o(RESET)
    Timer0B_Handler                          0x00000283   Thumb Code     0  startup.o(RESET)
    Timer1B_Handler                          0x00000283   Thumb Code     0  startup.o(RESET)
    Timer2B_Handler                          0x00000283   Thumb Code     0  startup.o(RESET)
    Timer3B_Handler                          0x00000283   Thumb Code     0  startup.o(RESET)
    Timer4B_Handler                          0x00000283   Thumb Code     0  startup.o(RESET)
    Timer5B_Handler                          0x00000283   Thumb Code     0  startup.o(RESET)
    UART1_Handler                            0x00000283   Thumb Code     0  startup.o(RESET)
    UART2_Handler                            0x00000283   Thumb Code     0  startup.o(RESET)
    UART3_Handler                            0x00000283   Thumb Code     0  startup.o(RESET)
    UART4_Handler                            0x00000283   Thumb Code     0  startup.o(RESET)
    UART5_Handler                            0x00000283   Thumb Code     0  startup.o(RESET)
    UART6_Handler                            0x00000283   Thumb Code     0  startup.o(RESET)
    UART7_Handler                            0x00000283   Thumb Code     0  startup.o(RESET)
    USB0_Handler                             0x00000283   Thumb Code     0  startup.o(RESET)
    WDT_Handler                              0x00000283   Thumb Code     0  startup.o(RESET)
    WideTimer0B_Handler                      0x00000283   Thumb Code     0  startup.o(RESET)
    WideTimer1A_Handler                      0x00000283   Thumb Code     0  startup.o(RESET)
    WideTimer1B_Handler                      0x00000283   Thumb Code     0  startup.o(RESET)
    WideTimer2A_Handler                      0x00000283   Thumb Code     0  startup.o(RESET)
    WideTimer2B_Handler                      0x00000283   Thumb Code     0  startup.o(RESET)
    WideTimer3A_Handler                      0x00000283   Thumb Code     0  startup.o(RESET)
    WideTimer3B_Handler                      0x00000283   Thumb Code     0  startup.o(RESET)
    WideTimer4B_Handler                      0x00000283   Thumb Code     0  startup.o(RESET)
    WideTimer5A_Handler                      0x00000283   Thumb Code     0  startup.o(RESET)
    WideTimer5B_Handler                      0x00000283   Thumb Code     0  startup.o(RESET)
    uDMA_Error                               0x00000283   Thumb Code     0  startup.o(RESET)
    uDMA_Handler                             0x00000283   Thumb Code     0  startup.o(RESET)
    __main                                   0x00000285   Thumb Code     0  entry.o(.ARM.Collect$$$$00000000)
    _main_stk                                0x00000285   Thumb Code     0  entry2.o(.ARM.Collect$$$$00000001)
    _main_scatterload                        0x00000289   Thumb Code     0  entry5.o(.ARM.Collect$$$$00000004)
    __main_after_scatterload                 0x0000028d   Thumb Code     0  entry5.o(.ARM.Collect$$$$00000004)
    _main_clock                              0x0000028d   Thumb Code     0  entry7b.o(.ARM.Collect$$$$00000008)
    _main_cpp_init                           0x0000028d   Thumb Code     0  entry8b.o(.ARM.Collect$$$$0000000A)
    _main_init                               0x0000028d   Thumb Code     0  entry9a.o(.ARM.Collect$$$$0000000B)
    __rt_final_cpp                           0x00000295   Thumb Code     0  entry10a.o(.ARM.Collect$$$$0000000D)
    __rt_final_exit                          0x00000295   Thumb Code     0  entry11a.o(.ARM.Collect$$$$0000000F)
    DisableInterrupts                        0x00000299   Thumb Code     0  startup.o(.text)
    EnableInterrupts                         0x0000029d   Thumb Code     0  startup.o(.text)
    StartCritical                            0x000002a1   Thumb Code     0  startup.o(.text)
    EndCritical                              0x000002a9   Thumb Code     0  startup.o(.text)
    WaitForInterrupt                         0x000002af   Thumb Code     0  startup.o(.text)
    OS_DisableInterrupts                     0x000002b5   Thumb Code     0  osasm.o(.text)
    OS_EnableInterrupts                      0x000002b9   Thumb Code     0  osasm.o(.text)
    PendSV_Handler                           0x000002bd   Thumb Code     0  osasm.o(.text)
    StartOS                                  0x000002e3   Thumb Code     0  osasm.o(.text)
    __scatterload                            0x0000030d   Thumb Code    28  init.o(.text)
    __scatterload_rt2                        0x0000030d   Thumb Code     0  init.o(.text)
    __decompress                             0x00000331   Thumb Code     0  __dczerorl.o(.text)
    __decompress0                            0x00000331   Thumb Code    58  __dczerorl.o(.text)
    ADC0Seq2_Handler                         0x0000036d   Thumb Code    24  adc.o(i.ADC0Seq2_Handler)
    ADC_In                                   0x00000391   Thumb Code    60  adc.o(i.ADC_In)
    Delay1ms                                 0x000003dd   Thumb Code    32  st7735.o(i.Delay1ms)
    EdgeCounter_PF4_Init                     0x000003fd   Thumb Code   136  edgetriggered.o(i.EdgeCounter_PF4_Init)
    GPIOPortF_Handler                        0x00000495   Thumb Code    86  os.o(i.GPIOPortF_Handler)
    OS_AddPeriodicThread                     0x000004f9   Thumb Code   204  os.o(i.OS_AddPeriodicThread)
    OS_AddThread                             0x000005f1   Thumb Code   196  os.o(i.OS_AddThread)
    OS_AddThreadPri                          0x000006d1   Thumb Code    80  os.o(i.OS_AddThreadPri)
    OS_Init                                  0x00000729   Thumb Code   166  os.o(i.OS_Init)
    OS_InitSemaphore                         0x000007f9   Thumb Code    10  os.o(i.OS_InitSemaphore)
    OS_Kill                                  0x00000805   Thumb Code    60  os.o(i.OS_Kill)
    OS_Launch                                0x00000851   Thumb Code    30  os.o(i.OS_Launch)
    OS_SelectNextThread                      0x00000875   Thumb Code   128  os.o(i.OS_SelectNextThread)
    OS_Signal                                0x00000905   Thumb Code    92  os.o(i.OS_Signal)
    OS_Sleep                                 0x00000969   Thumb Code    60  os.o(i.OS_Sleep)
    OS_Suspend                               0x000009b5   Thumb Code    18  os.o(i.OS_Suspend)
    OS_Time                                  0x000009cd   Thumb Code     6  os.o(i.OS_Time)
    OS_TimeDifference                        0x000009d9   Thumb Code    12  os.o(i.OS_TimeDifference)
    OS_Wait                                  0x000009e5   Thumb Code    80  os.o(i.OS_Wait)
    OutputThread                             0x00000a41   Thumb Code   116  lab2.o(i.OutputThread)
    Output_Init                              0x00000b1d   Thumb Code    24  st7735.o(i.Output_Init)
    PLL_Init                                 0x00000b39   Thumb Code   118  pll.o(i.PLL_Init)
    PortE_Init                               0x00000bb5   Thumb Code    86  lab2.o(i.PortE_Init)
    RxFifo_Init                              0x00000c1d   Thumb Code    26  uart.o(i.RxFifo_Init)
    RxFifo_Put                               0x00000c41   Thumb Code    48  uart.o(i.RxFifo_Put)
    RxFifo_Size                              0x00000c7d   Thumb Code    14  uart.o(i.RxFifo_Size)
    ST7735_FillRect                          0x00000c95   Thumb Code   164  st7735.o(i.ST7735_FillRect)
    ST7735_FillScreen                        0x00000d41   Thumb Code    28  st7735.o(i.ST7735_FillScreen)
    ST7735_InitR                             0x00000d65   Thumb Code    90  st7735.o(i.ST7735_InitR)
    ST7735_SetCursor                         0x00000de1   Thumb Code    22  st7735.o(i.ST7735_SetCursor)
    SW1Task                                  0x00000e01   Thumb Code    72  os.o(i.SW1Task)
    SW2Task                                  0x00000e61   Thumb Code    72  os.o(i.SW2Task)
    SetInitialStack                          0x00000ec5   Thumb Code   328  os.o(i.SetInitialStack)
    Signal1                                  0x00001015   Thumb Code    32  lab2.o(i.Signal1)
    Signal2                                  0x0000103d   Thumb Code    32  lab2.o(i.Signal2)
    Signal3                                  0x00001065   Thumb Code    36  lab2.o(i.Signal3)
    SysTick_Handler                          0x00001095   Thumb Code    16  os.o(i.SysTick_Handler)
    Thread6                                  0x000010a9   Thumb Code    32  lab2.o(i.Thread6)
    Timer0A_Handler                          0x000010d1   Thumb Code    50  timer.o(i.Timer0A_Handler)
    Timer1A_Handler                          0x00001119   Thumb Code    50  timer.o(i.Timer1A_Handler)
    Timer2A_Handler                          0x00001161   Thumb Code    64  adc.o(i.Timer2A_Handler)
    Timer3A_Handler                          0x000011b5   Thumb Code    50  timer.o(i.Timer3A_Handler)
    Timer4A_Handler                          0x000011fd   Thumb Code   126  os.o(i.Timer4A_Handler)
    Timer4A_Init                             0x00001299   Thumb Code    40  os.o(i.Timer4A_Init)
    Timer5A_Handler                          0x000012cd   Thumb Code   126  os.o(i.Timer5A_Handler)
    Timer5_Init                              0x0000136d   Thumb Code    50  os.o(i.Timer5_Init)
    TxFifo_Get                               0x000013ad   Thumb Code    46  uart.o(i.TxFifo_Get)
    TxFifo_Init                              0x000013e9   Thumb Code    26  uart.o(i.TxFifo_Init)
    TxFifo_Put                               0x0000140d   Thumb Code    48  uart.o(i.TxFifo_Put)
    TxFifo_Size                              0x00001449   Thumb Code    14  uart.o(i.TxFifo_Size)
    UART0_Handler                            0x00001461   Thumb Code    82  uart.o(i.UART0_Handler)
    UART_Init                                0x000014b9   Thumb Code   178  uart.o(i.UART_Init)
    UART_OutChar                             0x00001585   Thumb Code    46  uart.o(i.UART_OutChar)
    UART_OutString                           0x000015b9   Thumb Code    24  uart.o(i.UART_OutString)
    UART_OutUDec                             0x000015d1   Thumb Code    42  uart.o(i.UART_OutUDec)
    WTimer0A_Init                            0x000015fd   Thumb Code    96  os.o(i.WTimer0A_Init)
    WTimer4A_Init                            0x00001675   Thumb Code    80  os.o(i.WTimer4A_Init)
    WTimer5A_Init                            0x000016dd   Thumb Code    76  os.o(i.WTimer5A_Init)
    Wait1                                    0x0000173d   Thumb Code    20  lab2.o(i.Wait1)
    Wait2                                    0x00001759   Thumb Code    20  lab2.o(i.Wait2)
    Wait3                                    0x00001775   Thumb Code    20  lab2.o(i.Wait3)
    WideTimer0A_Handler                      0x00001791   Thumb Code    96  os.o(i.WideTimer0A_Handler)
    WideTimer4A_Handler                      0x00001801   Thumb Code    24  os.o(i.WideTimer4A_Handler)
    __scatterload_copy                       0x00001821   Thumb Code    14  handlers.o(i.__scatterload_copy)
    __scatterload_null                       0x0000182f   Thumb Code     2  handlers.o(i.__scatterload_null)
    __scatterload_zeroinit                   0x00001831   Thumb Code    14  handlers.o(i.__scatterload_zeroinit)
    add                                      0x00001841   Thumb Code    14  lab2.o(i.add)
    addToList                                0x00001855   Thumb Code    32  linkedlist.o(i.addToList)
    main                                     0x00001aa5   Thumb Code   212  lab2.o(i.main)
    removeFromList                           0x00001bc1   Thumb Code    36  linkedlist.o(i.removeFromList)
    removeThreadPri                          0x00001be5   Thumb Code    58  os.o(i.removeThreadPri)
    dBfs                                     0x000022d2   Data         512  st7735.o(.constdata)
    Region$$Table$$Base                      0x000024d4   Number         0  anon$$obj.o(Region$$Table)
    Region$$Table$$Limit                     0x000024f4   Number         0  anon$$obj.o(Region$$Table)
    StX                                      0x20000000   Data           4  st7735.o(.data)
    StY                                      0x20000004   Data           4  st7735.o(.data)
    StTextColor                              0x20000008   Data           2  st7735.o(.data)
    lastj                                    0x20000010   Data           4  st7735.o(.data)
    Messageindex                             0x20000018   Data           4  st7735.o(.data)
    Ymax                                     0x2000001c   Data           4  st7735.o(.data)
    Ymin                                     0x20000020   Data           4  st7735.o(.data)
    X                                        0x20000024   Data           4  st7735.o(.data)
    Yrange                                   0x20000028   Data           4  st7735.o(.data)
    Timer0First                              0x2000002c   Data           4  timer.o(.data)
    Timer0Done                               0x20000030   Data           4  timer.o(.data)
    Timer0Pulse                              0x20000034   Data           4  timer.o(.data)
    Timer1First                              0x20000038   Data           4  timer.o(.data)
    Timer1Done                               0x2000003c   Data           4  timer.o(.data)
    Timer1Pulse                              0x20000040   Data           4  timer.o(.data)
    PeriodicTask2                            0x20000044   Data           4  timer.o(.data)
    Timer3First                              0x20000048   Data           4  timer.o(.data)
    Timer3Done                               0x2000004c   Data           4  timer.o(.data)
    Timer3Pulse                              0x20000050   Data           4  timer.o(.data)
    channel                                  0x20000054   Data           4  adc.o(.data)
    sampleCounter                            0x20000058   Data           4  adc.o(.data)
    sampleSize                               0x2000005c   Data           4  adc.o(.data)
    status                                   0x20000060   Data           1  adc.o(.data)
    DATA                                     0x20000064   Data           4  adc.o(.data)
    ADCPeriodicTask                          0x20000068   Data           4  adc.o(.data)
    ADCDataConsumer                          0x2000006c   Data           4  adc.o(.data)
    periodic_threads_count                   0x20000074   Data           1  os.o(.data)
    runPT                                    0x20000078   Data           4  os.o(.data)
    nextPT                                   0x2000007c   Data           4  os.o(.data)
    numTasks                                 0x20000080   Data           4  os.o(.data)
    OS_ms_count                              0x20000084   Data           4  os.o(.data)
    OS_counter1                              0x20000088   Data           4  os.o(.data)
    OS_counter2                              0x2000008c   Data           4  os.o(.data)
    fifolimit                                0x20000090   Data           4  os.o(.data)
    Periodic1Task                            0x2000009c   Data           4  os.o(.data)
    Periodic2Task                            0x200000a0   Data           4  os.o(.data)
    SWOneTask                                0x200000a4   Data           4  os.o(.data)
    SWTwoTask                                0x200000a8   Data           4  os.o(.data)
    Periodic1TaskPeriod                      0x200000b4   Data           4  os.o(.data)
    Periodic2TaskPeriod                      0x200000b8   Data           4  os.o(.data)
    MaxJitter                                0x200000bc   Data           4  os.o(.data)
    MaxJitter2                               0x200000c0   Data           4  os.o(.data)
    delay                                    0x200000c4   Data           4  os.o(.data)
    CurrentID                                0x200000c8   Data           2  os.o(.data)
    time_slice                               0x200000cc   Data           4  os.o(.data)
    head_sleep                               0x200000d0   Data           4  os.o(.data)
    tail_sleep                               0x200000d4   Data           4  os.o(.data)
    head_kill                                0x200000d8   Data           4  os.o(.data)
    tail_kill                                0x200000dc   Data           4  os.o(.data)
    head_reAdd                               0x200000e0   Data           4  os.o(.data)
    tail_reAdd                               0x200000e4   Data           4  os.o(.data)
    sw1Last                                  0x200000e8   Data           4  os.o(.data)
    sw2Last                                  0x200000ec   Data           4  os.o(.data)
    OSPutPt                                  0x200000f0   Data           4  os.o(.data)
    OSGetPt                                  0x200000f4   Data           4  os.o(.data)
    MailBox                                  0x200000f8   Data           4  os.o(.data)
    RxPutI                                   0x200000fc   Data           4  uart.o(.data)
    RxGetI                                   0x20000100   Data           4  uart.o(.data)
    TxPutI                                   0x20000104   Data           4  uart.o(.data)
    TxGetI                                   0x20000108   Data           4  uart.o(.data)
    NumCreated                               0x20000118   Data           4  lab2.o(.data)
    PIDWork                                  0x2000011c   Data           4  lab2.o(.data)
    FilterWork                               0x20000120   Data           4  lab2.o(.data)
    NumSamples                               0x20000124   Data           4  lab2.o(.data)
    DataLost                                 0x20000128   Data           4  lab2.o(.data)
    TotalWithI1                              0x2000012c   Data           4  lab2.o(.data)
    MaxWithI1                                0x20000130   Data           2  lab2.o(.data)
    DASoutput                                0x20000134   Data           4  lab2.o(.data)
    IntTerm                                  0x20000138   Data           2  lab2.o(.data)
    PrevError                                0x2000013a   Data           2  lab2.o(.data)
    Coeff                                    0x2000013c   Data           6  lab2.o(.data)
    Actuator                                 0x20000142   Data           2  lab2.o(.data)
    Count1                                   0x20000144   Data           4  lab2.o(.data)
    Count2                                   0x20000148   Data           4  lab2.o(.data)
    Count3                                   0x2000014c   Data           4  lab2.o(.data)
    Count4                                   0x20000150   Data           4  lab2.o(.data)
    Count5                                   0x20000154   Data           4  lab2.o(.data)
    Lost                                     0x20000158   Data           4  lab2.o(.data)
    OtherCount1                              0x2000015c   Data           4  lab2.o(.data)
    Expected8                                0x20000160   Data           4  lab2.o(.data)
    Error8                                   0x20000164   Data           4  lab2.o(.data)
    CountA                                   0x20000168   Data           4  lab2.o(.data)
    CountB                                   0x2000016c   Data           4  lab2.o(.data)
    SignalCount1                             0x20000170   Data           4  lab2.o(.data)
    SignalCount2                             0x20000174   Data           4  lab2.o(.data)
    SignalCount3                             0x20000178   Data           4  lab2.o(.data)
    WaitCount1                               0x2000017c   Data           4  lab2.o(.data)
    WaitCount2                               0x20000180   Data           4  lab2.o(.data)
    WaitCount3                               0x20000184   Data           4  lab2.o(.data)
    Message                                  0x20000188   Data          12  st7735.o(.bss)
    LCD_Semaphore                            0x20000194   Data          12  st7735.o(.bss)
    JitterHistogram                          0x200001a0   Data         256  os.o(.bss)
    JitterHistogram2                         0x200002a0   Data         256  os.o(.bss)
    pri_lists                                0x200003a0   Data          32  os.o(.bss)
    pri_count                                0x200003c0   Data          32  os.o(.bss)
    SW1sem                                   0x200003e0   Data          12  os.o(.bss)
    SW2sem                                   0x200003ec   Data          12  os.o(.bss)
    TCBs                                     0x200003f8   Data         240  os.o(.bss)
    Stacks                                   0x200004e8   Data        4000  os.o(.bss)
    FifoAvailable                            0x2000167c   Data          12  os.o(.bss)
    BoxFree                                  0x20001688   Data          12  os.o(.bss)
    DataValid                                0x20001694   Data          12  os.o(.bss)
    x                                        0x200016f0   Data         256  lab2.o(.bss)
    y                                        0x200017f0   Data         256  lab2.o(.bss)
    Readyc                                   0x200018f0   Data          12  lab2.o(.bss)
    Readyd                                   0x200018fc   Data          12  lab2.o(.bss)
    s                                        0x20001908   Data          12  lab2.o(.bss)
    __initial_sp                             0x20001d18   Data           0  startup.o(STACK)



==============================================================================

Memory Map of the image

  Image Entry point : 0x0000026d

  Load Region LR_1 (Base: 0x00000000, Size: 0x0000267c, Max: 0xffffffff, ABSOLUTE, COMPRESSED[0x00002508])

    Execution Region ER_RO (Base: 0x00000000, Size: 0x000024f4, Max: 0xffffffff, ABSOLUTE)

    Base Addr    Size         Type   Attr      Idx    E Section Name        Object

    0x00000000   0x00000284   Code   RO            3  * RESET               startup.o
    0x00000284   0x00000000   Code   RO         1605  * .ARM.Collect$$$$00000000  mc_w.l(entry.o)
    0x00000284   0x00000004   Code   RO         1635    .ARM.Collect$$$$00000001  mc_w.l(entry2.o)
    0x00000288   0x00000004   Code   RO         1638    .ARM.Collect$$$$00000004  mc_w.l(entry5.o)
    0x0000028c   0x00000000   Code   RO         1640    .ARM.Collect$$$$00000008  mc_w.l(entry7b.o)
    0x0000028c   0x00000000   Code   RO         1642    .ARM.Collect$$$$0000000A  mc_w.l(entry8b.o)
    0x0000028c   0x00000008   Code   RO         1643    .ARM.Collect$$$$0000000B  mc_w.l(entry9a.o)
    0x00000294   0x00000000   Code   RO         1645    .ARM.Collect$$$$0000000D  mc_w.l(entry10a.o)
    0x00000294   0x00000000   Code   RO         1647    .ARM.Collect$$$$0000000F  mc_w.l(entry11a.o)
    0x00000294   0x00000004   Code   RO         1636    .ARM.Collect$$$$00002712  mc_w.l(entry2.o)
    0x00000298   0x0000001c   Code   RO            4    .text               startup.o
    0x000002b4   0x00000058   Code   RO         1544    .text               osasm.o
    0x0000030c   0x00000024   Code   RO         1669    .text               mc_w.l(init.o)
    0x00000330   0x0000003a   Code   RO         1687    .text               mc_w.l(__dczerorl.o)
    0x0000036a   0x00000002   PAD
    0x0000036c   0x00000024   Code   RO          556    i.ADC0Seq2_Handler  adc.o
    0x00000390   0x0000004c   Code   RO          559    i.ADC_In            adc.o
    0x000003dc   0x00000020   Code   RO           34    i.Delay1ms          st7735.o
    0x000003fc   0x00000098   Code   RO         1547    i.EdgeCounter_PF4_Init  edgetriggered.o
    0x00000494   0x00000064   Code   RO          674    i.GPIOPortF_Handler  os.o
    0x000004f8   0x000000f8   Code   RO          676    i.OS_AddPeriodicThread  os.o
    0x000005f0   0x000000e0   Code   RO          679    i.OS_AddThread      os.o
    0x000006d0   0x00000058   Code   RO          680    i.OS_AddThreadPri   os.o
    0x00000728   0x000000d0   Code   RO          690    i.OS_Init           os.o
    0x000007f8   0x0000000a   Code   RO          691    i.OS_InitSemaphore  os.o
    0x00000802   0x00000002   PAD
    0x00000804   0x0000004c   Code   RO          692    i.OS_Kill           os.o
    0x00000850   0x00000024   Code   RO          693    i.OS_Launch         os.o
    0x00000874   0x00000090   Code   RO          701    i.OS_SelectNextThread  os.o
    0x00000904   0x00000064   Code   RO          702    i.OS_Signal         os.o
    0x00000968   0x0000004c   Code   RO          703    i.OS_Sleep          os.o
    0x000009b4   0x00000018   Code   RO          704    i.OS_Suspend        os.o
    0x000009cc   0x0000000c   Code   RO          705    i.OS_Time           os.o
    0x000009d8   0x0000000c   Code   RO          706    i.OS_TimeDifference  os.o
    0x000009e4   0x0000005c   Code   RO          707    i.OS_Wait           os.o
    0x00000a40   0x000000dc   Code   RO         1197    i.OutputThread      lab2.o
    0x00000b1c   0x0000001c   Code   RO           37    i.Output_Init       st7735.o
    0x00000b38   0x0000007c   Code   RO           12    i.PLL_Init          pll.o
    0x00000bb4   0x00000068   Code   RO         1199    i.PortE_Init        lab2.o
    0x00000c1c   0x00000024   Code   RO         1049    i.RxFifo_Init       uart.o
    0x00000c40   0x0000003c   Code   RO         1050    i.RxFifo_Put        uart.o
    0x00000c7c   0x00000018   Code   RO         1051    i.RxFifo_Size       uart.o
    0x00000c94   0x000000ac   Code   RO           48    i.ST7735_FillRect   st7735.o
    0x00000d40   0x00000024   Code   RO           49    i.ST7735_FillScreen  st7735.o
    0x00000d64   0x0000007c   Code   RO           51    i.ST7735_InitR      st7735.o
    0x00000de0   0x00000020   Code   RO           67    i.ST7735_SetCursor  st7735.o
    0x00000e00   0x00000060   Code   RO          712    i.SW1Task           os.o
    0x00000e60   0x00000064   Code   RO          713    i.SW2Task           os.o
    0x00000ec4   0x00000150   Code   RO          714    i.SetInitialStack   os.o
    0x00001014   0x00000028   Code   RO         1204    i.Signal1           lab2.o
    0x0000103c   0x00000028   Code   RO         1205    i.Signal2           lab2.o
    0x00001064   0x00000030   Code   RO         1206    i.Signal3           lab2.o
    0x00001094   0x00000014   Code   RO          715    i.SysTick_Handler   os.o
    0x000010a8   0x00000028   Code   RO         1229    i.Thread6           lab2.o
    0x000010d0   0x00000048   Code   RO          431    i.Timer0A_Handler   timer.o
    0x00001118   0x00000048   Code   RO          436    i.Timer1A_Handler   timer.o
    0x00001160   0x00000054   Code   RO          562    i.Timer2A_Handler   adc.o
    0x000011b4   0x00000048   Code   RO          442    i.Timer3A_Handler   timer.o
    0x000011fc   0x0000009c   Code   RO          716    i.Timer4A_Handler   os.o
    0x00001298   0x00000034   Code   RO          717    i.Timer4A_Init      os.o
    0x000012cc   0x000000a0   Code   RO          718    i.Timer5A_Handler   os.o
    0x0000136c   0x00000040   Code   RO          719    i.Timer5_Init       os.o
    0x000013ac   0x0000003c   Code   RO         1052    i.TxFifo_Get        uart.o
    0x000013e8   0x00000024   Code   RO         1053    i.TxFifo_Init       uart.o
    0x0000140c   0x0000003c   Code   RO         1054    i.TxFifo_Put        uart.o
    0x00001448   0x00000018   Code   RO         1055    i.TxFifo_Size       uart.o
    0x00001460   0x00000058   Code   RO         1056    i.UART0_Handler     uart.o
    0x000014b8   0x000000cc   Code   RO         1061    i.UART_Init         uart.o
    0x00001584   0x00000034   Code   RO         1062    i.UART_OutChar      uart.o
    0x000015b8   0x00000018   Code   RO         1063    i.UART_OutString    uart.o
    0x000015d0   0x0000002a   Code   RO         1064    i.UART_OutUDec      uart.o
    0x000015fa   0x00000002   PAD
    0x000015fc   0x00000078   Code   RO          720    i.WTimer0A_Init     os.o
    0x00001674   0x00000068   Code   RO          721    i.WTimer4A_Init     os.o
    0x000016dc   0x00000060   Code   RO          722    i.WTimer5A_Init     os.o
    0x0000173c   0x0000001c   Code   RO         1232    i.Wait1             lab2.o
    0x00001758   0x0000001c   Code   RO         1233    i.Wait2             lab2.o
    0x00001774   0x0000001c   Code   RO         1234    i.Wait3             lab2.o
    0x00001790   0x00000070   Code   RO          723    i.WideTimer0A_Handler  os.o
    0x00001800   0x00000020   Code   RO          724    i.WideTimer4A_Handler  os.o
    0x00001820   0x0000000e   Code   RO         1681    i.__scatterload_copy  mc_w.l(handlers.o)
    0x0000182e   0x00000002   Code   RO         1682    i.__scatterload_null  mc_w.l(handlers.o)
    0x00001830   0x0000000e   Code   RO         1683    i.__scatterload_zeroinit  mc_w.l(handlers.o)
    0x0000183e   0x00000002   PAD
    0x00001840   0x00000014   Code   RO         1235    i.add               lab2.o
    0x00001854   0x00000020   Code   RO         1565    i.addToList         linkedlist.o
    0x00001874   0x00000056   Code   RO           71    i.commandList       st7735.o
    0x000018ca   0x00000002   PAD
    0x000018cc   0x00000184   Code   RO           72    i.commonInit        st7735.o
    0x00001a50   0x00000028   Code   RO         1066    i.copyHardwareToSoftware  uart.o
    0x00001a78   0x0000002c   Code   RO         1067    i.copySoftwareToHardware  uart.o
    0x00001aa4   0x0000011c   Code   RO         1236    i.main              lab2.o
    0x00001bc0   0x00000024   Code   RO         1567    i.removeFromList    linkedlist.o
    0x00001be4   0x00000048   Code   RO          731    i.removeThreadPri   os.o
    0x00001c2c   0x00000074   Code   RO           80    i.setAddrWindow     st7735.o
    0x00001ca0   0x00000030   Code   RO           81    i.writecommand      st7735.o
    0x00001cd0   0x00000020   Code   RO           82    i.writedata         st7735.o
    0x00001cf0   0x000007e2   Data   RO           84    .constdata          st7735.o
    0x000024d2   0x00000002   PAD
    0x000024d4   0x00000020   Data   RO         1679    Region$$Table       anon$$obj.o


    Execution Region ER_RW (Base: 0x20000000, Size: 0x00000188, Max: 0xffffffff, ABSOLUTE, COMPRESSED[0x00000014])

    Base Addr    Size         Type   Attr      Idx    E Section Name        Object

    0x20000000   0x0000002c   Data   RW           85    .data               st7735.o
    0x2000002c   0x00000028   Data   RW          447    .data               timer.o
    0x20000054   0x0000001c   Data   RW          564    .data               adc.o
    0x20000070   0x0000008c   Data   RW          734    .data               os.o
    0x200000fc   0x00000010   Data   RW         1069    .data               uart.o
    0x2000010c   0x0000007c   Data   RW         1240    .data               lab2.o


    Execution Region ER_ZI (Base: 0x20000188, Size: 0x00001b90, Max: 0xffffffff, ABSOLUTE)

    Base Addr    Size         Type   Attr      Idx    E Section Name        Object

    0x20000188   0x00000018   Zero   RW           83    .bss                st7735.o
    0x200001a0   0x00001500   Zero   RW          732    .bss                os.o
    0x200016a0   0x00000020   Zero   RW         1068    .bss                uart.o
    0x200016c0   0x00000254   Zero   RW         1239    .bss                lab2.o
    0x20001914   0x00000004   PAD
    0x20001918   0x00000400   Zero   RW            1    STACK               startup.o


==============================================================================

Image component sizes


      Code (inc. data)   RO Data    RW Data    ZI Data      Debug   Object Name

       196         48          0         28          0       2121   adc.o
       152         16          0          0          0        459   edgetriggered.o
       880        260          0        124        596       7347   lab2.o
        68          0          0          0          0       1353   linkedlist.o
      2970        482          0        140       5376      17163   os.o
        88         10          0          0          0        220   osasm.o
       124          6          0          0          0       4639   pll.o
      1094        138       2018         44         24      10128   st7735.o
       672        622          0          0       1024        916   startup.o
       216         66          0         40          0       2411   timer.o
       794        126          0         16         32       7184   uart.o

    ----------------------------------------------------------------------
      7260       1774       2052        392       7056      53941   Object Totals
         0          0         32          0          0          0   (incl. Generated)
         6          0          2          0          4          0   (incl. Padding)

    ----------------------------------------------------------------------

      Code (inc. data)   RO Data    RW Data    ZI Data      Debug   Library Member Name

        58          0          0          0          0          0   __dczerorl.o
         0          0          0          0          0          0   entry.o
         0          0          0          0          0          0   entry10a.o
         0          0          0          0          0          0   entry11a.o
         8          4          0          0          0          0   entry2.o
         4          0          0          0          0          0   entry5.o
         0          0          0          0          0          0   entry7b.o
         0          0          0          0          0          0   entry8b.o
         8          4          0          0          0          0   entry9a.o
        30          0          0          0          0          0   handlers.o
        36          8          0          0          0         68   init.o

    ----------------------------------------------------------------------
       148         16          0          0          0         68   Library Totals
         4          0          0          0          0          0   (incl. Padding)

    ----------------------------------------------------------------------

      Code (inc. data)   RO Data    RW Data    ZI Data      Debug   Library Name

       144         16          0          0          0         68   mc_w.l

    ----------------------------------------------------------------------
       148         16          0          0          0         68   Library Totals

    ----------------------------------------------------------------------

==============================================================================


      Code (inc. data)   RO Data    RW Data    ZI Data      Debug   

      7408       1790       2052        392       7056      50317   Grand Totals
      7408       1790       2052         20       7056      50317   ELF Image Totals (compressed)
      7408       1790       2052         20          0          0   ROM Totals

==============================================================================

    Total RO  Size (Code + RO Data)                 9460 (   9.24kB)
    Total RW  Size (RW Data + ZI Data)              7448 (   7.27kB)
    Total ROM Size (Code + RO Data + RW Data)       9480 (   9.26kB)

==============================================================================

