<html>
<body>
<pre>
<h1>µVision Build Log</h1>
<h2>Project:</h2>
C:\Users\Tariq Muhanna\Documents\ValvanoWareTM4C123\EE 445M\Lab 2\RTOS Kernel.uvproj
Project File Date:  02/26/2019

<h2>Output:</h2>
Build target 'SensorBoardTest'
compiling OS.c...
linking...
Program Size: Code=17792 RO-data=2212 RW-data=512 ZI-data=6664  
".\SensorBoardTest.axf" - 0 Error(s), 0 Warning(s).
</pre>
</body>
</html>
512 ZI-data=6664  
".\SensorBoardTest.axf" - 0 Error(s), 1 Warning(s).
 Warning(s).
.
EdgeTriggered.c(22): warning:  #177-D: variable "delay" was declared but never referenced
    int delay = 0;
EdgeTriggered.c: 1 warning, 0 errors
linking...
Program Size: Code=17784 RO-data=2212 RW-data=512 ZI-data=6664  
".\SensorBoardTest.axf" - 0 Error(s), 3 Warning(s).
"delay" was declared but never referenced
    int delay = 0;
EdgeTriggered.c: 2 warnings, 0 errors
".\SensorBoardTest.axf" - 1 Error(s), 4 Warning(s).
Target not created
